07-23 16:52:44.954  6834  6904 D ReactNative: CatalystInstanceImpl.runJSBundle()
07-23 16:52:44.958  6834  6899 E OpenGLRenderer: Unable to match the desired swap behavior.
07-23 16:52:44.961  6834  6910 D ReactNative: ReactInstanceManager.setupReactContext()
07-23 16:52:44.965  6834  6910 D ReactNative: CatalystInstanceImpl.initialize()
07-23 16:52:44.966  6834  6910 D ReactNative: ReactInstanceManager.attachRootViewToInstance()
07-23 16:52:44.971  6834  6910 W unknown:ViewManagerPropertyUpdater: Could not find generated setter for class com.facebook.react.views.art.ARTGroupViewManager
07-23 16:52:44.971  6834  6910 W unknown:ViewManagerPropertyUpdater: Could not find generated setter for class com.facebook.react.views.art.ARTGroupShadowNode
07-23 16:52:44.972  6834  6910 W unknown:ViewManagerPropertyUpdater: Could not find generated setter for class com.facebook.react.views.art.ARTShapeViewManager
07-23 16:52:44.972  6834  6910 W unknown:ViewManagerPropertyUpdater: Could not find generated setter for class com.facebook.react.views.art.ARTShapeShadowNode
07-23 16:52:44.972  6834  6910 W unknown:ViewManagerPropertyUpdater: Could not find generated setter for class com.facebook.react.views.art.ARTTextViewManager
07-23 16:52:44.972  6834  6910 W unknown:ViewManagerPropertyUpdater: Could not find generated setter for class com.facebook.react.views.art.ARTTextShadowNode
07-23 16:52:44.973  6834  6910 W unknown:ViewManagerPropertyUpdater: Could not find generated setter for class com.facebook.react.views.checkbox.ReactCheckBoxManager
07-23 16:52:44.974  6834  6910 W unknown:ViewManagerPropertyUpdater: Could not find generated setter for class com.facebook.react.uimanager.LayoutShadowNode
07-23 16:52:44.975  6834  6910 W unknown:ViewManagerPropertyUpdater: Could not find generated setter for class com.facebook.react.views.picker.ReactDialogPickerManager
07-23 16:52:44.977  6834  6910 W unknown:ViewManagerPropertyUpdater: Could not find generated setter for class com.facebook.react.views.drawer.ReactDrawerLayoutManager
07-23 16:52:44.977  6834  6910 W unknown:ViewManagerPropertyUpdater: Could not find generated setter for class com.facebook.react.views.picker.ReactDropdownPickerManager
07-23 16:52:44.978  6834  6910 W unknown:ViewManagerPropertyUpdater: Could not find generated setter for class com.facebook.react.views.scroll.ReactHorizontalScrollViewManager
07-23 16:52:44.978  6834  6910 W unknown:ViewManagerPropertyUpdater: Could not find generated setter for class com.facebook.react.views.scroll.ReactHorizontalScrollContainerViewManager
07-23 16:52:44.978  6834  6910 W unknown:ViewManagerPropertyUpdater: Could not find generated setter for class com.facebook.react.views.progressbar.ReactProgressBarViewManager
07-23 16:52:44.979  6834  6910 W unknown:ViewManagerPropertyUpdater: Could not find generated setter for class com.facebook.react.views.progressbar.ProgressBarShadowNode
07-23 16:52:44.979  6834  6910 W unknown:ViewManagerPropertyUpdater: Could not find generated setter for class com.facebook.react.views.scroll.ReactScrollViewManager
07-23 16:52:44.981  6834  6910 W unknown:ViewManagerPropertyUpdater: Could not find generated setter for class com.facebook.react.views.slider.ReactSliderManager
07-23 16:52:44.982  6834  6910 W unknown:ViewManagerPropertyUpdater: Could not find generated setter for class com.facebook.react.views.slider.ReactSliderManager$ReactSliderShadowNode
07-23 16:52:44.982  6834  6910 W unknown:ViewManagerPropertyUpdater: Could not find generated setter for class com.facebook.react.views.switchview.ReactSwitchManager
07-23 16:52:44.982  6834  6910 W unknown:ViewManagerPropertyUpdater: Could not find generated setter for class com.facebook.react.views.switchview.ReactSwitchManager$ReactSwitchShadowNode
07-23 16:52:44.982  6834  6910 W unknown:ViewManagerPropertyUpdater: Could not find generated setter for class com.facebook.react.views.swiperefresh.SwipeRefreshLayoutManager
07-23 16:52:44.983  6834  6910 W unknown:ViewManagerPropertyUpdater: Could not find generated setter for class com.facebook.react.views.art.ARTSurfaceViewManager
07-23 16:52:44.983  6834  6910 W unknown:ViewManagerPropertyUpdater: Could not find generated setter for class com.facebook.react.views.art.ARTSurfaceViewShadowNode
07-23 16:52:44.983  6834  6910 W unknown:ViewManagerPropertyUpdater: Could not find generated setter for class com.facebook.react.views.text.frescosupport.FrescoBasedReactTextInlineImageViewManager
07-23 16:52:44.984  6834  6910 W unknown:ViewManagerPropertyUpdater: Could not find generated setter for class com.facebook.react.views.text.frescosupport.FrescoBasedReactTextInlineImageShadowNode
07-23 16:52:44.984  6834  6910 W unknown:ViewManagerPropertyUpdater: Could not find generated setter for class com.facebook.react.views.image.ReactImageManager
07-23 16:52:44.984  6834  6910 W unknown:ViewManagerPropertyUpdater: Could not find generated setter for class com.facebook.react.views.modal.ReactModalHostManager
07-23 16:52:44.985  6834  6910 W unknown:ViewManagerPropertyUpdater: Could not find generated setter for class com.facebook.react.views.modal.ModalHostShadowNode
07-23 16:52:44.985  6834  6910 W unknown:ViewManagerPropertyUpdater: Could not find generated setter for class com.facebook.react.views.text.ReactRawTextManager
07-23 16:52:44.985  6834  6910 W unknown:ViewManagerPropertyUpdater: Could not find generated setter for class com.facebook.react.views.text.ReactRawTextShadowNode
07-23 16:52:44.985  6834  6910 W unknown:ViewManagerPropertyUpdater: Could not find generated setter for class com.facebook.react.views.textinput.ReactTextInputManager
07-23 16:52:44.986  6834  6910 W unknown:ViewManagerPropertyUpdater: Could not find generated setter for class com.facebook.react.views.textinput.ReactTextInputShadowNode
07-23 16:52:44.986  6834  6910 W unknown:ViewManagerPropertyUpdater: Could not find generated setter for class com.facebook.react.views.text.ReactTextViewManager
07-23 16:52:44.986  6834  6910 W unknown:ViewManagerPropertyUpdater: Could not find generated setter for class com.facebook.react.views.text.ReactTextShadowNode
07-23 16:52:44.986  6834  6910 W unknown:ViewManagerPropertyUpdater: Could not find generated setter for class com.facebook.react.views.view.ReactViewManager
07-23 16:52:44.987  6834  6910 W unknown:ViewManagerPropertyUpdater: Could not find generated setter for class com.facebook.react.views.viewpager.ReactViewPagerManager
07-23 16:52:44.987  6834  6910 W unknown:ViewManagerPropertyUpdater: Could not find generated setter for class com.facebook.react.views.text.ReactVirtualTextViewManager
07-23 16:52:44.987  6834  6910 W unknown:ViewManagerPropertyUpdater: Could not find generated setter for class com.facebook.react.views.text.ReactVirtualTextShadowNode
07-23 16:52:44.987  6834  6910 W unknown:ViewManagerPropertyUpdater: Could not find generated setter for class com.lwansbrough.RCTCamera.RCTCameraViewManager
07-23 16:52:44.988  6834  6910 W unknown:ViewManagerPropertyUpdater: Could not find generated setter for class org.reactnative.camera.CameraViewManager
07-23 16:52:44.989   535  2897 W ServiceManagerCppClient: Permission failure: android.permission.ROTATE_SURFACE_FLINGER from uid=10194 pid=0
07-23 16:52:44.989   535  2897 D PermissionCache: checking android.permission.ROTATE_SURFACE_FLINGER for uid=10194 => denied (80 us)
07-23 16:52:44.989   535  2897 W ServiceManagerCppClient: Permission failure: android.permission.INTERNAL_SYSTEM_WINDOW from uid=10194 pid=0
07-23 16:52:44.989   535  2897 D PermissionCache: checking android.permission.INTERNAL_SYSTEM_WINDOW for uid=10194 => denied (10 us)
07-23 16:52:44.989   535  2897 W ServiceManagerCppClient: Permission failure: android.permission.ACCESS_SURFACE_FLINGER from uid=10194 pid=0
07-23 16:52:44.989   535  2897 D PermissionCache: checking android.permission.ACCESS_SURFACE_FLINGER for uid=10194 => denied (6 us)
07-23 16:52:44.989  6834  6910 W unknown:ViewManagerPropertyUpdater: Could not find generated setter for class com.swmansion.gesturehandler.react.RNGestureHandlerRootViewManager
07-23 16:52:44.989  6834  6910 W unknown:ViewManagerPropertyUpdater: Could not find generated setter for class com.swmansion.gesturehandler.react.RNGestureHandlerButtonViewManager
07-23 16:52:44.990  6834  6910 W unknown:ViewManagerPropertyUpdater: Could not find generated setter for class com.reactnativecommunity.webview.RNCWebViewManager
07-23 16:52:44.991  6834  6910 D SoLoader: About to load: libyoga.so
07-23 16:52:44.991  6834  6910 D SoLoader: libyoga.so not found on /data/user/0/com.swaglabsmobileapp/lib-main
07-23 16:52:44.991  6834  6910 D SoLoader: libyoga.so found on /data/app/~~YflcxMcXeOC897GlYNM4XA==/com.swaglabsmobileapp-1wgzl-X5zidYI7HGR0Irhw==/lib/arm64
07-23 16:52:44.991  6834  6910 D SoLoader: Not resolving dependencies for libyoga.so
07-23 16:52:44.992  6834  6910 D SoLoader: Loaded: libyoga.so
07-23 16:52:44.994   535   551 I ActivityTaskManager: Displayed com.swaglabsmobileapp/.MainActivity for user 0: +601ms
07-23 16:52:44.995  6834  6910 D SoLoader: init exiting
07-23 16:52:44.995  1781  1781 I A       : onStop
07-23 16:52:44.996   993  1062 I ImeTracker: com.google.android.apps.nexuslauncher:333e8e99: onRequestHide at ORIGIN_CLIENT_HIDE_SOFT_INPUT reason HIDE_SOFT_INPUT
07-23 16:52:44.997   993  1910 D OneSearchSuggestProvider: Shut down the binder channel
07-23 16:52:44.999   535  1358 I ImeTracker: com.google.android.apps.nexuslauncher:333e8e99: onCancelled at PHASE_SERVER_SHOULD_HIDE
07-23 16:52:45.001   535  1358 D CompatibilityChangeReporter: Compat change id reported: 214016041; UID 10194; state: DISABLED
07-23 16:52:45.001   535  1358 I ImeTracker: com.swaglabsmobileapp:3e40a16e: onRequestHide at ORIGIN_SERVER_HIDE_INPUT reason HIDE_UNSPECIFIED_WINDOW
07-23 16:52:45.002   993  1318 I IPCThreadState: oneway function results for code 2 on binder at 0xb4000072ef657300 will be dropped but finished with status UNKNOWN_TRANSACTION
07-23 16:52:45.005   535  1358 I ImeTracker: com.swaglabsmobileapp:3e40a16e: onCancelled at PHASE_SERVER_SHOULD_HIDE
07-23 16:52:45.011  1714  1714 I GoogleInputMethodService: GoogleInputMethodService.onFinishInput():3157
07-23 16:52:45.022  1714  1714 I GoogleInputMethodService: GoogleInputMethodService.updateDeviceLockedStatus():2248 repeatCheckTimes = 0, locked = false
07-23 16:52:45.023  1714  1714 I GoogleInputMethodService: GoogleInputMethodService.onStartInput():1986 onStartInput(EditorInfo{EditorInfo{packageName=com.swaglabsmobileapp, inputType=0, inputTypeString=NULL, enableLearning=false, autoCorrection=false, autoComplete=false, imeOptions=0, privateImeOptions=null, actionName=UNSPECIFIED, actionLabel=null, initialSelStart=-1, initialSelEnd=-1, initialCapsMode=0, label=null, fieldId=0, fieldName=null, extras=null, hintText=null, hintLocales=[]}}, false)
07-23 16:52:45.023  1714  1714 I GoogleInputMethodService: GoogleInputMethodService.updateDeviceLockedStatus():2248 repeatCheckTimes = 1, locked = false
07-23 16:52:45.028  1714  1714 I AndroidIME: InputBundleManager.loadActiveInputBundleId():450 loadActiveInputBundleId: und-Latn-x-password, password
07-23 16:52:45.030   535   842 W PackageConfigPersister: App-specific configuration not found for packageName: com.swaglabsmobileapp and userId: 0
07-23 16:52:45.132  6745  6825 I appium  : channel read: POST /session/5993d914-2cc1-4960-a007-a830a6fd0406/appium/settings
07-23 16:52:45.133  6745  6825 I appium  : UpdateSettings command
07-23 16:52:45.136  6745  6825 I appium  : AppiumResponse: {"sessionId":"5993d914-2cc1-4960-a007-a830a6fd0406","value":null}
07-23 16:52:45.283  6834  6909 I ReactNativeJS: Running "SwagLabsMobileApp" with {"rootTag":1}
07-23 16:52:45.324  6834  6910 D CompatibilityChangeReporter: Compat change id reported: 210923482; UID 10194; state: DISABLED
07-23 16:52:45.324  6834  6910 D CompatibilityChangeReporter: Compat change id reported: 37756858; UID 10194; state: ENABLED
07-23 16:52:45.351  6834  6834 D CompatibilityChangeReporter: Compat change id reported: 171228096; UID 10194; state: ENABLED
07-23 16:52:45.367   753   843 W WindowOnBackDispatcher: sendCancelIfRunning: isInProgress=falsecallback=android.view.ViewRootImpl$$ExternalSyntheticLambda17@a62fc66
07-23 16:52:45.367   535  1358 D CoreBackPreview: Window{e974b42 u0 Splash Screen com.swaglabsmobileapp EXITING}: Setting back callback null
07-23 16:52:45.368   535   842 W InputManager-JNI: Input channel object 'e974b42 Splash Screen com.swaglabsmobileapp (client)' was disposed without first being removed with the input manager!
07-23 16:52:45.372   535   842 D BiometricService: canAuthenticate: User=0, Caller=0, Authenticators=255
07-23 16:52:45.374   535   842 D BiometricService/PreAuthInfo: Package: com.swaglabsmobileapp Sensor ID: 4 Modality: 8 Status: 7
07-23 16:52:45.375   535   842 D BiometricService/PreAuthInfo: Package: com.swaglabsmobileapp Sensor ID: 0 Modality: 2 Status: 7
07-23 16:52:45.376   535   842 D BiometricService/PreAuthInfo: getCanAuthenticateInternal Modality: 8 AuthenticatorStatus: 7
07-23 16:52:45.376   535   842 D AuthService: canAuthenticate, userId: 0, callingUserId: 0, authenticators: 255, result: 11
07-23 16:52:45.399  6834  6834 I ReactNative: [GESTURE HANDLER] Initialize gesture handler for root view com.swmansion.gesturehandler.react.RNGestureHandlerEnabledRootView{26e3c22 V.E...... ......ID 0,0-1080,2205 #1}
07-23 16:52:45.401  6834  6927 D SoLoader: About to load: libimagepipeline.so
07-23 16:52:45.401  6834  6927 D SoLoader: libimagepipeline.so not found on /data/user/0/com.swaglabsmobileapp/lib-main
07-23 16:52:45.401  6834  6927 D SoLoader: libimagepipeline.so found on /data/app/~~YflcxMcXeOC897GlYNM4XA==/com.swaglabsmobileapp-1wgzl-X5zidYI7HGR0Irhw==/lib/arm64
07-23 16:52:45.401  6834  6927 D SoLoader: Not resolving dependencies for libimagepipeline.so
07-23 16:52:45.402  6834  6927 D SoLoader: Loaded: libimagepipeline.so
07-23 16:52:45.578   753   770 W System  : A resource failed to call release.
07-23 16:52:45.578   753   770 W System  : A resource failed to call release.
07-23 16:52:46.984  6834  6899 D EGL_emulation: app_time_stats: avg=238.98ms min=0.83ms max=1468.78ms count=8
07-23 16:52:47.234   535   625 D ActivityManager: freezing 6304 com.google.android.youtube
07-23 16:52:47.315   753   753 D StatusBarIconController: ignoring old pipeline callback because the new wifi icon is enabled
07-23 16:52:47.922   535  1637 E TaskPersister: File error accessing recents directory (directory doesn't exist?).
07-23 16:52:49.331   753   753 D StatusBarIconController: ignoring old pipeline callbacks, because the new mobile icons are enabled
07-23 16:52:50.245  6745  6825 I appium  : channel read: POST /session/5993d914-2cc1-4960-a007-a830a6fd0406/element
07-23 16:52:50.245  6745  6825 I appium  : FindElement command
07-23 16:52:50.246  6745  6825 I appium  : method: 'accessibility id', selector: 'test-Username'
07-23 16:52:50.247  6745  6825 I appium  : Waiting up to 10000ms for the device to idle
07-23 16:52:50.248  6745  6825 D UiDevice: Setting accessibility service flags: 65616
07-23 16:52:50.249   535   842 W WindowMagnificationMgr: requestConnection duplicated request: connect=false, mConnectionState=DISCONNECTED
07-23 16:52:50.251  6745  6825 W tomator2.server: Accessing hidden method Landroid/view/MotionEvent;->setDisplayId(I)V (blocked,test-api, reflection, allowed)
07-23 16:52:50.252   535   842 D SafetySourceDataValidator: No cert check requested for package com.google.android.permissioncontroller
07-23 16:52:50.264  6745  6825 W tomator2.server: Accessing hidden field Landroid/view/accessibility/AccessibilityNodeInfo;->mSourceNodeId:J (unsupported, reflection, allowed)
07-23 16:52:50.266  6745  6825 I appium  : AppiumResponse: {"sessionId":"5993d914-2cc1-4960-a007-a830a6fd0406","value":{"ELEMENT":"00000000-0000-001b-ffff-ffff0000002b","element-6066-11e4-a52e-4f735466cecf":"00000000-0000-001b-ffff-ffff0000002b"}}
07-23 16:52:50.274  6745  6825 I appium  : channel read: GET /session/5993d914-2cc1-4960-a007-a830a6fd0406/element/00000000-0000-001b-ffff-ffff0000002b/attribute/displayed
07-23 16:52:50.274  6745  6825 I appium  : GetElementAttribute command
07-23 16:52:50.277  6745  6825 I appium  : AppiumResponse: {"sessionId":"5993d914-2cc1-4960-a007-a830a6fd0406","value":"true"}
07-23 16:52:50.282  6745  6825 I appium  : channel read: GET /session/5993d914-2cc1-4960-a007-a830a6fd0406/element/00000000-0000-001b-ffff-ffff0000002b/attribute/enabled
07-23 16:52:50.282  6745  6825 I appium  : GetElementAttribute command
07-23 16:52:50.284  6745  6825 I appium  : AppiumResponse: {"sessionId":"5993d914-2cc1-4960-a007-a830a6fd0406","value":"true"}
07-23 16:52:50.290  6745  6825 I appium  : channel read: POST /session/5993d914-2cc1-4960-a007-a830a6fd0406/elements
07-23 16:52:50.290  6745  6825 I appium  : FindElements command
07-23 16:52:50.291  6745  6825 I appium  : method: 'accessibility id', selector: 'test-Username'
07-23 16:52:50.291  6745  6825 I appium  : Waiting up to 10000ms for the device to idle
07-23 16:52:50.299  6745  6825 I appium  : Caching 1 found element
07-23 16:52:50.299  6745  6825 I appium  : Cached 1 element
07-23 16:52:50.300  6745  6825 I appium  : AppiumResponse: {"sessionId":"5993d914-2cc1-4960-a007-a830a6fd0406","value":[{"ELEMENT":"00000000-0000-001b-ffff-ffff0000002b","element-6066-11e4-a52e-4f735466cecf":"00000000-0000-001b-ffff-ffff0000002b"}]}
07-23 16:52:50.305  6745  6825 I appium  : channel read: POST /session/5993d914-2cc1-4960-a007-a830a6fd0406/element
07-23 16:52:50.305  6745  6825 I appium  : FindElement command
07-23 16:52:50.306  6745  6825 I appium  : method: 'accessibility id', selector: 'test-Username'
07-23 16:52:50.306  6745  6825 I appium  : Waiting up to 10000ms for the device to idle
07-23 16:52:50.311  6745  6825 I appium  : AppiumResponse: {"sessionId":"5993d914-2cc1-4960-a007-a830a6fd0406","value":{"ELEMENT":"00000000-0000-001b-ffff-ffff0000002b","element-6066-11e4-a52e-4f735466cecf":"00000000-0000-001b-ffff-ffff0000002b"}}
07-23 16:52:50.316  6745  6825 I appium  : channel read: GET /session/5993d914-2cc1-4960-a007-a830a6fd0406/element/00000000-0000-001b-ffff-ffff0000002b/attribute/displayed
07-23 16:52:50.317  6745  6825 I appium  : GetElementAttribute command
07-23 16:52:50.319  6745  6825 I appium  : AppiumResponse: {"sessionId":"5993d914-2cc1-4960-a007-a830a6fd0406","value":"true"}
07-23 16:52:50.325  6745  6825 I appium  : channel read: GET /session/5993d914-2cc1-4960-a007-a830a6fd0406/element/00000000-0000-001b-ffff-ffff0000002b/attribute/enabled
07-23 16:52:50.325  6745  6825 I appium  : GetElementAttribute command
07-23 16:52:50.327  6745  6825 I appium  : AppiumResponse: {"sessionId":"5993d914-2cc1-4960-a007-a830a6fd0406","value":"true"}
07-23 16:52:50.332  6745  6825 I appium  : channel read: POST /session/5993d914-2cc1-4960-a007-a830a6fd0406/elements
07-23 16:52:50.332  6745  6825 I appium  : FindElements command
07-23 16:52:50.333  6745  6825 I appium  : method: 'accessibility id', selector: 'test-Username'
07-23 16:52:50.333  6745  6825 I appium  : Waiting up to 10000ms for the device to idle
07-23 16:52:50.340  6745  6825 I appium  : Caching 1 found element
07-23 16:52:50.341  6745  6825 I appium  : Cached 1 element
07-23 16:52:50.342  6745  6825 I appium  : AppiumResponse: {"sessionId":"5993d914-2cc1-4960-a007-a830a6fd0406","value":[{"ELEMENT":"00000000-0000-001b-ffff-ffff0000002b","element-6066-11e4-a52e-4f735466cecf":"00000000-0000-001b-ffff-ffff0000002b"}]}
07-23 16:52:50.347  6745  6825 I appium  : channel read: POST /session/5993d914-2cc1-4960-a007-a830a6fd0406/element/00000000-0000-001b-ffff-ffff0000002b/value
07-23 16:52:50.348  6745  6825 I appium  : SendKeysToElement command
07-23 16:52:50.351  6745  6825 D UiObject2: Setting text to ''.
07-23 16:52:50.369  6834  6899 D EGL_emulation: app_time_stats: avg=187.54ms min=13.80ms max=3104.32ms count=18
07-23 16:52:50.861  6745  6825 I appium  : AppiumResponse: {"sessionId":"5993d914-2cc1-4960-a007-a830a6fd0406","value":null}
07-23 16:52:50.874  6745  6825 I appium  : channel read: POST /session/5993d914-2cc1-4960-a007-a830a6fd0406/element
07-23 16:52:50.874  6745  6825 I appium  : FindElement command
07-23 16:52:50.877  6745  6825 I appium  : method: 'accessibility id', selector: 'test-Password'
07-23 16:52:50.877  6745  6825 I appium  : Waiting up to 10000ms for the device to idle
07-23 16:52:51.372  6745  6825 I appium  : AppiumResponse: {"sessionId":"5993d914-2cc1-4960-a007-a830a6fd0406","value":{"ELEMENT":"00000000-0000-001b-ffff-ffff0000002e","element-6066-11e4-a52e-4f735466cecf":"00000000-0000-001b-ffff-ffff0000002e"}}
07-23 16:52:51.378  6745  6825 I appium  : channel read: GET /session/5993d914-2cc1-4960-a007-a830a6fd0406/element/00000000-0000-001b-ffff-ffff0000002e/attribute/displayed
07-23 16:52:51.379  6745  6825 I appium  : GetElementAttribute command
07-23 16:52:51.382  6745  6825 I appium  : AppiumResponse: {"sessionId":"5993d914-2cc1-4960-a007-a830a6fd0406","value":"true"}
07-23 16:52:51.387  6745  6825 I appium  : channel read: GET /session/5993d914-2cc1-4960-a007-a830a6fd0406/element/00000000-0000-001b-ffff-ffff0000002e/attribute/enabled
07-23 16:52:51.388  6745  6825 I appium  : GetElementAttribute command
07-23 16:52:51.390  6745  6825 I appium  : AppiumResponse: {"sessionId":"5993d914-2cc1-4960-a007-a830a6fd0406","value":"true"}
07-23 16:52:51.395  6745  6825 I appium  : channel read: POST /session/5993d914-2cc1-4960-a007-a830a6fd0406/elements
07-23 16:52:51.396  6745  6825 I appium  : FindElements command
07-23 16:52:51.396  6745  6825 I appium  : method: 'accessibility id', selector: 'test-Password'
07-23 16:52:51.396  6745  6825 I appium  : Waiting up to 10000ms for the device to idle
07-23 16:52:51.404  6745  6825 I appium  : Caching 1 found element
07-23 16:52:51.404  6745  6825 I appium  : Cached 1 element
07-23 16:52:51.405  6745  6825 I appium  : AppiumResponse: {"sessionId":"5993d914-2cc1-4960-a007-a830a6fd0406","value":[{"ELEMENT":"00000000-0000-001b-ffff-ffff0000002e","element-6066-11e4-a52e-4f735466cecf":"00000000-0000-001b-ffff-ffff0000002e"}]}
07-23 16:52:51.410  6745  6825 I appium  : channel read: POST /session/5993d914-2cc1-4960-a007-a830a6fd0406/element
07-23 16:52:51.410  6745  6825 I appium  : FindElement command
07-23 16:52:51.410  6745  6825 I appium  : method: 'accessibility id', selector: 'test-Password'
07-23 16:52:51.411  6745  6825 I appium  : Waiting up to 10000ms for the device to idle
07-23 16:52:51.417  6745  6825 I appium  : AppiumResponse: {"sessionId":"5993d914-2cc1-4960-a007-a830a6fd0406","value":{"ELEMENT":"00000000-0000-001b-ffff-ffff0000002e","element-6066-11e4-a52e-4f735466cecf":"00000000-0000-001b-ffff-ffff0000002e"}}
07-23 16:52:51.422  6745  6825 I appium  : channel read: GET /session/5993d914-2cc1-4960-a007-a830a6fd0406/element/00000000-0000-001b-ffff-ffff0000002e/attribute/displayed
07-23 16:52:51.422  6745  6825 I appium  : GetElementAttribute command
07-23 16:52:51.424  6745  6825 I appium  : AppiumResponse: {"sessionId":"5993d914-2cc1-4960-a007-a830a6fd0406","value":"true"}
07-23 16:52:51.428  6745  6825 I appium  : channel read: GET /session/5993d914-2cc1-4960-a007-a830a6fd0406/element/00000000-0000-001b-ffff-ffff0000002e/attribute/enabled
07-23 16:52:51.429  6745  6825 I appium  : GetElementAttribute command
07-23 16:52:51.431  6745  6825 I appium  : AppiumResponse: {"sessionId":"5993d914-2cc1-4960-a007-a830a6fd0406","value":"true"}
07-23 16:52:51.435  6745  6825 I appium  : channel read: POST /session/5993d914-2cc1-4960-a007-a830a6fd0406/elements
07-23 16:52:51.435  6745  6825 I appium  : FindElements command
07-23 16:52:51.436  6745  6825 I appium  : method: 'accessibility id', selector: 'test-Password'
07-23 16:52:51.436  6745  6825 I appium  : Waiting up to 10000ms for the device to idle
07-23 16:52:51.444  6745  6825 I appium  : Caching 1 found element
07-23 16:52:51.444  6745  6825 I appium  : Cached 1 element
07-23 16:52:51.445  6745  6825 I appium  : AppiumResponse: {"sessionId":"5993d914-2cc1-4960-a007-a830a6fd0406","value":[{"ELEMENT":"00000000-0000-001b-ffff-ffff0000002e","element-6066-11e4-a52e-4f735466cecf":"00000000-0000-001b-ffff-ffff0000002e"}]}
07-23 16:52:51.451  6745  6825 I appium  : channel read: POST /session/5993d914-2cc1-4960-a007-a830a6fd0406/element/00000000-0000-001b-ffff-ffff0000002e/value
07-23 16:52:51.451  6745  6825 I appium  : SendKeysToElement command
07-23 16:52:51.455  6745  6825 D UiObject2: Setting text to ''.
07-23 16:52:51.464  6834  6899 D EGL_emulation: app_time_stats: avg=365.12ms min=14.86ms max=579.64ms count=3
07-23 16:52:51.965  6745  6825 I appium  : AppiumResponse: {"sessionId":"5993d914-2cc1-4960-a007-a830a6fd0406","value":null}
07-23 16:52:52.005   535   625 D ActivityManager: freezing 1404 android.process.acore
07-23 16:52:52.087  1714  1714 I Environment: Environment.isPackageInstalled():234 com.bitstrips.imoji is not installed
07-23 16:52:52.104  1714  5963 I putmethod.latin: Explicit concurrent copying GC freed 179665(7710KB) AllocSpace objects, 27(4188KB) LOS objects, 49% free, 10MB/20MB, paused 255us,46us total 35.065ms
07-23 16:52:52.104  1714  1744 I putmethod.latin: WaitForGcToComplete blocked Background on Explicit for 21.929ms
07-23 16:52:52.120   535  2897 D ConnectivityService: Returning BLOCKED NetworkInfo to uid=10153
07-23 16:52:52.157  6745  6825 I appium  : channel read: POST /session/5993d914-2cc1-4960-a007-a830a6fd0406/element
07-23 16:52:52.157  6745  6825 I appium  : FindElement command
07-23 16:52:52.158  6745  6825 I appium  : method: 'accessibility id', selector: 'test-LOGIN'
07-23 16:52:52.158  6745  6825 I appium  : Waiting up to 10000ms for the device to idle
07-23 16:52:52.462   174  6700 I keystore2: system/security/keystore2/src/watchdog.rs:319 - Watchdog thread idle -> terminating. Have a great day.
07-23 16:52:52.480  6745  6825 I appium  : AppiumResponse: {"sessionId":"5993d914-2cc1-4960-a007-a830a6fd0406","value":{"ELEMENT":"00000000-0000-001b-ffff-ffff0000002f","element-6066-11e4-a52e-4f735466cecf":"00000000-0000-001b-ffff-ffff0000002f"}}
07-23 16:52:52.488  6745  6825 I appium  : channel read: GET /session/5993d914-2cc1-4960-a007-a830a6fd0406/element/00000000-0000-001b-ffff-ffff0000002f/attribute/displayed
07-23 16:52:52.489  6745  6825 I appium  : GetElementAttribute command
07-23 16:52:52.493  6745  6825 I appium  : AppiumResponse: {"sessionId":"5993d914-2cc1-4960-a007-a830a6fd0406","value":"true"}
07-23 16:52:52.500  6745  6825 I appium  : channel read: POST /session/5993d914-2cc1-4960-a007-a830a6fd0406/elements
07-23 16:52:52.500  6745  6825 I appium  : FindElements command
07-23 16:52:52.501  6745  6825 I appium  : method: 'accessibility id', selector: 'test-LOGIN'
07-23 16:52:52.501  6745  6825 I appium  : Waiting up to 10000ms for the device to idle
07-23 16:52:52.513  6745  6825 I appium  : Caching 1 found element
07-23 16:52:52.514  6745  6825 I appium  : Cached 1 element
07-23 16:52:52.515  6745  6825 I appium  : AppiumResponse: {"sessionId":"5993d914-2cc1-4960-a007-a830a6fd0406","value":[{"ELEMENT":"00000000-0000-001b-ffff-ffff0000002f","element-6066-11e4-a52e-4f735466cecf":"00000000-0000-001b-ffff-ffff0000002f"}]}
07-23 16:52:52.522  6745  6825 I appium  : channel read: POST /session/5993d914-2cc1-4960-a007-a830a6fd0406/element
07-23 16:52:52.522  6745  6825 I appium  : FindElement command
07-23 16:52:52.523  6745  6825 I appium  : method: 'accessibility id', selector: 'test-LOGIN'
07-23 16:52:52.523  6745  6825 I appium  : Waiting up to 10000ms for the device to idle
07-23 16:52:52.532  6745  6825 I appium  : AppiumResponse: {"sessionId":"5993d914-2cc1-4960-a007-a830a6fd0406","value":{"ELEMENT":"00000000-0000-001b-ffff-ffff0000002f","element-6066-11e4-a52e-4f735466cecf":"00000000-0000-001b-ffff-ffff0000002f"}}
07-23 16:52:52.538  6745  6825 I appium  : channel read: GET /session/5993d914-2cc1-4960-a007-a830a6fd0406/element/00000000-0000-001b-ffff-ffff0000002f/attribute/displayed
07-23 16:52:52.539  6745  6825 I appium  : GetElementAttribute command
07-23 16:52:52.542  6745  6825 I appium  : AppiumResponse: {"sessionId":"5993d914-2cc1-4960-a007-a830a6fd0406","value":"true"}
07-23 16:52:52.547  6745  6825 I appium  : channel read: POST /session/5993d914-2cc1-4960-a007-a830a6fd0406/elements
07-23 16:52:52.547  6745  6825 I appium  : FindElements command
07-23 16:52:52.548  6745  6825 I appium  : method: 'accessibility id', selector: 'test-LOGIN'
07-23 16:52:52.548  6745  6825 I appium  : Waiting up to 10000ms for the device to idle
07-23 16:52:52.556  6745  6825 I appium  : Caching 1 found element
07-23 16:52:52.556  6745  6825 I appium  : Cached 1 element
07-23 16:52:52.558  6745  6825 I appium  : AppiumResponse: {"sessionId":"5993d914-2cc1-4960-a007-a830a6fd0406","value":[{"ELEMENT":"00000000-0000-001b-ffff-ffff0000002f","element-6066-11e4-a52e-4f735466cecf":"00000000-0000-001b-ffff-ffff0000002f"}]}
07-23 16:52:52.574  6745  6825 I appium  : channel read: GET /session/5993d914-2cc1-4960-a007-a830a6fd0406/window/current/size
07-23 16:52:52.574  6745  6825 I appium  : GetDeviceSize command
07-23 16:52:52.574  6745  6825 I appium  : Get window size of the device
07-23 16:52:52.575  6745  6825 I appium  : AppiumResponse: {"sessionId":"5993d914-2cc1-4960-a007-a830a6fd0406","value":{"height":2400,"width":1080}}
07-23 16:52:52.582  6745  6825 I appium  : channel read: POST /session/5993d914-2cc1-4960-a007-a830a6fd0406/element
07-23 16:52:52.582  6745  6825 I appium  : FindElement command
07-23 16:52:52.583  6745  6825 I appium  : method: 'accessibility id', selector: 'test-LOGIN'
07-23 16:52:52.583  6745  6825 I appium  : Waiting up to 10000ms for the device to idle
07-23 16:52:52.590  6745  6825 I appium  : AppiumResponse: {"sessionId":"5993d914-2cc1-4960-a007-a830a6fd0406","value":{"ELEMENT":"00000000-0000-001b-ffff-ffff0000002f","element-6066-11e4-a52e-4f735466cecf":"00000000-0000-001b-ffff-ffff0000002f"}}
07-23 16:52:52.594  6745  6825 I appium  : channel read: GET /session/5993d914-2cc1-4960-a007-a830a6fd0406/element/00000000-0000-001b-ffff-ffff0000002f/attribute/displayed
07-23 16:52:52.595  6745  6825 I appium  : GetElementAttribute command
07-23 16:52:52.597  6745  6825 I appium  : AppiumResponse: {"sessionId":"5993d914-2cc1-4960-a007-a830a6fd0406","value":"true"}
07-23 16:52:52.601  6745  6825 I appium  : channel read: GET /session/5993d914-2cc1-4960-a007-a830a6fd0406/element/00000000-0000-001b-ffff-ffff0000002f/attribute/enabled
07-23 16:52:52.601  6745  6825 I appium  : GetElementAttribute command
07-23 16:52:52.604  6745  6825 I appium  : AppiumResponse: {"sessionId":"5993d914-2cc1-4960-a007-a830a6fd0406","value":"true"}
07-23 16:52:52.608  6745  6825 I appium  : channel read: POST /session/5993d914-2cc1-4960-a007-a830a6fd0406/elements
07-23 16:52:52.608  6745  6825 I appium  : FindElements command
07-23 16:52:52.608  6745  6825 I appium  : method: 'accessibility id', selector: 'test-LOGIN'
07-23 16:52:52.608  6745  6825 I appium  : Waiting up to 10000ms for the device to idle
07-23 16:52:52.617  6745  6825 I appium  : Caching 1 found element
07-23 16:52:52.617  6745  6825 I appium  : Cached 1 element
07-23 16:52:52.618  6745  6825 I appium  : AppiumResponse: {"sessionId":"5993d914-2cc1-4960-a007-a830a6fd0406","value":[{"ELEMENT":"00000000-0000-001b-ffff-ffff0000002f","element-6066-11e4-a52e-4f735466cecf":"00000000-0000-001b-ffff-ffff0000002f"}]}
07-23 16:52:52.622  6745  6825 I appium  : channel read: GET /session/5993d914-2cc1-4960-a007-a830a6fd0406/element/00000000-0000-001b-ffff-ffff0000002f/rect
07-23 16:52:52.623  6745  6825 I appium  : GetRect command
07-23 16:52:52.625  6745  6825 I appium  : AppiumResponse: {"sessionId":"5993d914-2cc1-4960-a007-a830a6fd0406","value":{"height":132,"width":870,"x":105,"y":1022}}
07-23 16:52:52.631  6745  6825 I appium  : channel read: GET /session/5993d914-2cc1-4960-a007-a830a6fd0406/element/00000000-0000-001b-ffff-ffff0000002f/rect
07-23 16:52:52.631  6745  6825 I appium  : GetRect command
07-23 16:52:52.633  6745  6825 I appium  : AppiumResponse: {"sessionId":"5993d914-2cc1-4960-a007-a830a6fd0406","value":{"height":132,"width":870,"x":105,"y":1022}}
07-23 16:52:52.651  6745  6825 I appium  : channel read: POST /session/5993d914-2cc1-4960-a007-a830a6fd0406/actions
07-23 16:52:52.651  6745  6825 I appium  : W3CActions command
07-23 16:52:52.670  6745  6825 I appium  : [704528 (success)] Synthesized: MotionEvent { action=ACTION_DOWN, actionButton=0, id[0]=0, x[0]=540.0, y[0]=1088.0, toolType[0]=TOOL_TYPE_FINGER, buttonState=0, classification=NONE, metaState=0, flags=0x0, edgeFlags=0x0, pointerCount=1, historySize=0, eventTime=704528, downTime=704528, deviceId=0, source=0x1002, displayId=0, eventId=-1048022426 }
07-23 16:52:52.681  6834  6910 D CompatibilityChangeReporter: Compat change id reported: 289878283; UID 10194; state: DISABLED
07-23 16:52:52.844  6834  6899 D EGL_emulation: app_time_stats: avg=459.64ms min=13.48ms max=844.81ms count=3
07-23 16:52:53.164  6745  6825 I appium  : [705029 (success)] Synthesized: MotionEvent { action=ACTION_UP, actionButton=0, id[0]=0, x[0]=540.0, y[0]=1088.0, toolType[0]=TOOL_TYPE_FINGER, buttonState=0, classification=NONE, metaState=0, flags=0x0, edgeFlags=0x0, pointerCount=1, historySize=0, eventTime=705029, downTime=704528, deviceId=0, source=0x1002, displayId=0, eventId=-133560077 }
07-23 16:52:53.175  6745  6825 I appium  : AppiumResponse: {"sessionId":"5993d914-2cc1-4960-a007-a830a6fd0406","value":null}
07-23 16:52:53.199  6834  6834 W unknown:WrappingUtils: Don't know how to round that drawable: com.facebook.drawee.drawable.RoundedColorDrawable@61b38c9
07-23 16:52:53.209   382  1237 D audioserver: FGS Logger Transaction failed
07-23 16:52:53.209   382  1237 D audioserver: -129
07-23 16:52:53.214  6745  6825 I appium  : channel read: POST /session/5993d914-2cc1-4960-a007-a830a6fd0406/element
07-23 16:52:53.215  6745  6825 I appium  : FindElement command
07-23 16:52:53.216  6745  6825 I appium  : method: 'accessibility id', selector: 'test-Menu'
07-23 16:52:53.216  6745  6825 I appium  : Waiting up to 10000ms for the device to idle
07-23 16:52:53.232  6745  6825 I appium  : AppiumResponse: {"sessionId":"5993d914-2cc1-4960-a007-a830a6fd0406","value":{"error":"no such element","message":"An element could not be located on the page using the given search parameters","stacktrace":"io.appium.uiautomator2.common.exceptions.ElementNotFoundException: An element could not be located on the page using the given search parameters\n\tat io.appium.uiautomator2.handler.FindElement.safeHandle(FindElement.java:63)\n\tat io.appium.uiautomator2.handler.request.SafeRequestHandler.handle(SafeRequestHandler.java:59)\n\tat io.appium.uiautomator2.server.AppiumServlet.handleRequest(AppiumServlet.java:259)\n\tat io.appium.uiautomator2.server.AppiumServlet.handleHttpRequest(AppiumServlet.java:253)\n\tat io.appium.uiautomator2.http.ServerHandler.channelRead(ServerHandler.java:77)\n\tat io.netty.channel.AbstractChannelHandlerContext.invokeChannelRead(AbstractChannelHandlerContext.java:366)\n\tat io.netty.channel.AbstractChannelHandlerContext.invokeChannelRead(AbstractChannelHandlerContext.java:352)\n\tat io.netty.channel.AbstractChannelHandlerContext.fireChannelRead(AbstractChannelHandlerContext.java:345)\n\tat io.netty.handler.codec.MessageToMessageDecoder.channelRead(MessageToMessageDecoder.java:102)\n\tat io.netty.channel.AbstractChannelHandlerContext.invokeChannelRead(AbstractChannelHandlerContext.java:366)\n\tat io.netty.channel.AbstractChannelHandlerContext.invokeChannelRead(AbstractChannelHandlerContext.java:352)\n\tat io.netty.channel.AbstractChannelHandlerContext.fireChannelRead(AbstractChannelHandlerContext.java:345)\n\tat io.netty.channel.CombinedChannelDuplexHandler$DelegatingChannelHandlerContext.fireChannelRead(CombinedChannelDuplexHandler.java:435)\n\tat io.netty.handler.codec.ByteToMessageDecoder.fireChannelRead(ByteToMessageDecoder.java:293)\n\tat io.netty.handler.codec.ByteToMessageDecoder.channelRead(ByteToMessageDecoder.java:267)\n\tat io.netty.channel.CombinedChannelDuplexHandler.channelRead(CombinedChannelDuplexHandler.java:250)\n\tat io.netty.channel.AbstractChannelHandlerContext.invokeChannelRead(AbstractChannelHandlerContext.java:366)\n\tat io.netty.channel.AbstractChannelHandlerContext.invokeChannelRead(AbstractChannelHandlerContext.java:352)\n\tat io.netty.channel.AbstractChannelHandlerContext.fireChannelRead(AbstractChannelHandlerContext.java:345)\n\tat io.netty.handler.timeout.IdleStateHandler.channelRead(IdleStateHandler.java:266)\n\tat io.netty.channel.AbstractChannelHandlerContext.invokeChannelRead(AbstractChannelHandlerContext.java:366)\n\tat io.netty.channel.AbstractChannelHandlerContext.invokeChannelRead(AbstractChannelHandlerContext.java:352)\n\tat io.netty.channel.AbstractChannelHandlerContext.fireChannelRead(AbstractChannelHandlerContext.java:345)\n\tat io.netty.channel.DefaultChannelPipeline$HeadContext.channelRead(DefaultChannelPipeline.java:1294)\n\tat io.netty.channel.AbstractChannelHandlerContext.invokeChannelRead(AbstractChannelHandlerContext.java:366)\n\tat io.netty.channel.AbstractChannelHandlerContext.invokeChannelRead(AbstractChannelHandlerContext.java:352)\n\tat io.netty.channel.DefaultChannelPipeline.fireChannelRead(DefaultChannelPipeline.java:911)\n\tat io.netty.channel.nio.AbstractNioByteChannel$NioByteUnsafe.read(AbstractNioByteChannel.java:131)\n\tat io.netty.channel.nio.NioEventLoop.processSelectedKey(NioEventLoop.java:611)\n\tat io.netty.channel.nio.NioEventLoop.processSelectedKeysOptimized(NioEventLoop.java:552)\n\tat io.netty.channel.nio.NioEventLoop.processSelectedKeys(NioEventLoop.java:466)\n\tat io.netty.channel.nio.NioEventLoop.run(NioEventLoop.java:438)\n\tat io.netty.util.concurrent.SingleThreadEventExecutor$2.run(SingleThreadEventExecutor.java:140)\n\tat io.netty.util.concurrent.DefaultThreadFactory$DefaultRunnableDecorator.run(DefaultThreadFactory.java:144)\n\tat java.lang.Thread.run(Thread.java:1012)\n"}}
07-23 16:52:53.234   382   494 D AudioFlinger: mixer(0xb4000078b0b80930) throttle end: throttle time(35)
07-23 16:52:53.275  6834  6927 D SoLoader: About to load: libnative-imagetranscoder.so
07-23 16:52:53.275  6834  6927 D SoLoader: libnative-imagetranscoder.so not found on /data/user/0/com.swaglabsmobileapp/lib-main
07-23 16:52:53.275  6834  6927 D SoLoader: libnative-imagetranscoder.so found on /data/app/~~YflcxMcXeOC897GlYNM4XA==/com.swaglabsmobileapp-1wgzl-X5zidYI7HGR0Irhw==/lib/arm64
07-23 16:52:53.275  6834  6927 D SoLoader: Not resolving dependencies for libnative-imagetranscoder.so
07-23 16:52:53.276  6834  6927 D SoLoader: Loaded: libnative-imagetranscoder.so
07-23 16:52:53.394   382   494 D audioserver: FGS Logger Transaction failed
07-23 16:52:53.394   382   494 D audioserver: -129
07-23 16:52:53.738  6745  6825 I appium  : channel read: POST /session/5993d914-2cc1-4960-a007-a830a6fd0406/element
07-23 16:52:53.739  6745  6825 I appium  : FindElement command
07-23 16:52:53.739  6745  6825 I appium  : method: 'accessibility id', selector: 'test-Menu'
07-23 16:52:53.739  6745  6825 I appium  : Waiting up to 10000ms for the device to idle
07-23 16:52:54.196  6745  6825 I appium  : AppiumResponse: {"sessionId":"5993d914-2cc1-4960-a007-a830a6fd0406","value":{"ELEMENT":"00000000-0000-001b-ffff-ffff0000004d","element-6066-11e4-a52e-4f735466cecf":"00000000-0000-001b-ffff-ffff0000004d"}}
07-23 16:52:54.204  6745  6825 I appium  : channel read: GET /session/5993d914-2cc1-4960-a007-a830a6fd0406/element/00000000-0000-001b-ffff-ffff0000004d/attribute/displayed
07-23 16:52:54.205  6745  6825 I appium  : GetElementAttribute command
07-23 16:52:54.210  6745  6825 I appium  : AppiumResponse: {"sessionId":"5993d914-2cc1-4960-a007-a830a6fd0406","value":"true"}
07-23 16:52:54.219  6745  6825 I appium  : channel read: POST /session/5993d914-2cc1-4960-a007-a830a6fd0406/elements
07-23 16:52:54.219  6745  6825 I appium  : FindElements command
07-23 16:52:54.220  6745  6825 I appium  : method: 'accessibility id', selector: 'test-Menu'
07-23 16:52:54.220  6745  6825 I appium  : Waiting up to 10000ms for the device to idle
07-23 16:52:54.237  6745  6825 I appium  : Caching 1 found element
07-23 16:52:54.238  6745  6825 I appium  : Cached 1 element
07-23 16:52:54.240  6745  6825 I appium  : AppiumResponse: {"sessionId":"5993d914-2cc1-4960-a007-a830a6fd0406","value":[{"ELEMENT":"00000000-0000-001b-ffff-ffff0000004d","element-6066-11e4-a52e-4f735466cecf":"00000000-0000-001b-ffff-ffff0000004d"}]}
07-23 16:52:54.246  6745  6825 I appium  : channel read: POST /session/5993d914-2cc1-4960-a007-a830a6fd0406/element
07-23 16:52:54.247  6745  6825 I appium  : FindElement command
07-23 16:52:54.248  6745  6825 I appium  : method: 'accessibility id', selector: 'test-Menu'
07-23 16:52:54.248  6745  6825 I appium  : Waiting up to 10000ms for the device to idle
07-23 16:52:54.255  6745  6825 I appium  : AppiumResponse: {"sessionId":"5993d914-2cc1-4960-a007-a830a6fd0406","value":{"ELEMENT":"00000000-0000-001b-ffff-ffff0000004d","element-6066-11e4-a52e-4f735466cecf":"00000000-0000-001b-ffff-ffff0000004d"}}
07-23 16:52:54.268  6745  6825 I appium  : channel read: GET /session/5993d914-2cc1-4960-a007-a830a6fd0406/element/00000000-0000-001b-ffff-ffff0000004d/attribute/displayed
07-23 16:52:54.270  6745  6825 I appium  : GetElementAttribute command
07-23 16:52:54.274  6745  6825 I appium  : AppiumResponse: {"sessionId":"5993d914-2cc1-4960-a007-a830a6fd0406","value":"true"}
07-23 16:52:54.281  6745  6825 I appium  : channel read: POST /session/5993d914-2cc1-4960-a007-a830a6fd0406/elements
07-23 16:52:54.281  6745  6825 I appium  : FindElements command
07-23 16:52:54.282  6745  6825 I appium  : method: 'accessibility id', selector: 'test-Menu'
07-23 16:52:54.282  6745  6825 I appium  : Waiting up to 10000ms for the device to idle
07-23 16:52:54.294  6745  6825 I appium  : Caching 1 found element
07-23 16:52:54.294  6745  6825 I appium  : Cached 1 element
07-23 16:52:54.295  6745  6825 I appium  : AppiumResponse: {"sessionId":"5993d914-2cc1-4960-a007-a830a6fd0406","value":[{"ELEMENT":"00000000-0000-001b-ffff-ffff0000004d","element-6066-11e4-a52e-4f735466cecf":"00000000-0000-001b-ffff-ffff0000004d"}]}
07-23 16:52:54.299  6745  6825 I appium  : channel read: GET /session/5993d914-2cc1-4960-a007-a830a6fd0406/element/00000000-0000-001b-ffff-ffff0000004d/attribute/displayed
07-23 16:52:54.299  6745  6825 I appium  : GetElementAttribute command
07-23 16:52:54.302  6745  6825 I appium  : AppiumResponse: {"sessionId":"5993d914-2cc1-4960-a007-a830a6fd0406","value":"true"}
07-23 16:52:54.308  6745  6825 I appium  : channel read: POST /session/5993d914-2cc1-4960-a007-a830a6fd0406/element
07-23 16:52:54.309  6745  6825 I appium  : FindElement command
07-23 16:52:54.309  6745  6825 I appium  : method: 'accessibility id', selector: 'test-Menu'
07-23 16:52:54.309  6745  6825 I appium  : Waiting up to 10000ms for the device to idle
07-23 16:52:54.315  6745  6825 I appium  : AppiumResponse: {"sessionId":"5993d914-2cc1-4960-a007-a830a6fd0406","value":{"ELEMENT":"00000000-0000-001b-ffff-ffff0000004d","element-6066-11e4-a52e-4f735466cecf":"00000000-0000-001b-ffff-ffff0000004d"}}
07-23 16:52:54.319  6745  6825 I appium  : channel read: GET /session/5993d914-2cc1-4960-a007-a830a6fd0406/element/00000000-0000-001b-ffff-ffff0000004d/attribute/displayed
07-23 16:52:54.320  6745  6825 I appium  : GetElementAttribute command
07-23 16:52:54.322  6745  6825 I appium  : AppiumResponse: {"sessionId":"5993d914-2cc1-4960-a007-a830a6fd0406","value":"true"}
07-23 16:52:54.327  6745  6825 I appium  : channel read: POST /session/5993d914-2cc1-4960-a007-a830a6fd0406/elements
07-23 16:52:54.327  6745  6825 I appium  : FindElements command
07-23 16:52:54.328  6745  6825 I appium  : method: 'accessibility id', selector: 'test-Menu'
07-23 16:52:54.328  6745  6825 I appium  : Waiting up to 10000ms for the device to idle
07-23 16:52:54.338  6745  6825 I appium  : Caching 1 found element
07-23 16:52:54.339  6745  6825 I appium  : Cached 1 element
07-23 16:52:54.340  6745  6825 I appium  : AppiumResponse: {"sessionId":"5993d914-2cc1-4960-a007-a830a6fd0406","value":[{"ELEMENT":"00000000-0000-001b-ffff-ffff0000004d","element-6066-11e4-a52e-4f735466cecf":"00000000-0000-001b-ffff-ffff0000004d"}]}
07-23 16:52:54.344  6745  6825 I appium  : channel read: POST /session/5993d914-2cc1-4960-a007-a830a6fd0406/element
07-23 16:52:54.345  6745  6825 I appium  : FindElement command
07-23 16:52:54.345  6745  6825 I appium  : method: 'accessibility id', selector: 'test-Menu'
07-23 16:52:54.345  6745  6825 I appium  : Waiting up to 10000ms for the device to idle
07-23 16:52:54.350  6745  6825 I appium  : AppiumResponse: {"sessionId":"5993d914-2cc1-4960-a007-a830a6fd0406","value":{"ELEMENT":"00000000-0000-001b-ffff-ffff0000004d","element-6066-11e4-a52e-4f735466cecf":"00000000-0000-001b-ffff-ffff0000004d"}}
07-23 16:52:54.355  6745  6825 I appium  : channel read: GET /session/5993d914-2cc1-4960-a007-a830a6fd0406/element/00000000-0000-001b-ffff-ffff0000004d/attribute/displayed
07-23 16:52:54.355  6745  6825 I appium  : GetElementAttribute command
07-23 16:52:54.357  6745  6825 I appium  : AppiumResponse: {"sessionId":"5993d914-2cc1-4960-a007-a830a6fd0406","value":"true"}
07-23 16:52:54.362  6745  6825 I appium  : channel read: POST /session/5993d914-2cc1-4960-a007-a830a6fd0406/elements
07-23 16:52:54.362  6745  6825 I appium  : FindElements command
07-23 16:52:54.362  6745  6825 I appium  : method: 'accessibility id', selector: 'test-Menu'
07-23 16:52:54.363  6745  6825 I appium  : Waiting up to 10000ms for the device to idle
07-23 16:52:54.373  6745  6825 I appium  : Caching 1 found element
07-23 16:52:54.373  6745  6825 I appium  : Cached 1 element
07-23 16:52:54.374  6745  6825 I appium  : AppiumResponse: {"sessionId":"5993d914-2cc1-4960-a007-a830a6fd0406","value":[{"ELEMENT":"00000000-0000-001b-ffff-ffff0000004d","element-6066-11e4-a52e-4f735466cecf":"00000000-0000-001b-ffff-ffff0000004d"}]}
07-23 16:52:54.379  6745  6825 I appium  : channel read: GET /session/5993d914-2cc1-4960-a007-a830a6fd0406/element/00000000-0000-001b-ffff-ffff0000004d/attribute/enabled
07-23 16:52:54.379  6745  6825 I appium  : GetElementAttribute command
07-23 16:52:54.382  6745  6825 I appium  : AppiumResponse: {"sessionId":"5993d914-2cc1-4960-a007-a830a6fd0406","value":"true"}
07-23 16:52:54.469  6745  6825 I appium  : channel read: POST /session/5993d914-2cc1-4960-a007-a830a6fd0406/element
07-23 16:52:54.469  6745  6825 I appium  : FindElement command
07-23 16:52:54.470  6745  6825 I appium  : method: 'accessibility id', selector: 'test-PRODUCTS'
07-23 16:52:54.470  6745  6825 I appium  : Waiting up to 10000ms for the device to idle
07-23 16:52:54.484  6745  6825 I appium  : AppiumResponse: {"sessionId":"5993d914-2cc1-4960-a007-a830a6fd0406","value":{"ELEMENT":"00000000-0000-001b-ffff-ffff00000049","element-6066-11e4-a52e-4f735466cecf":"00000000-0000-001b-ffff-ffff00000049"}}
07-23 16:52:54.488  6745  6825 I appium  : channel read: GET /session/5993d914-2cc1-4960-a007-a830a6fd0406/element/00000000-0000-001b-ffff-ffff00000049/attribute/displayed
07-23 16:52:54.488  6745  6825 I appium  : GetElementAttribute command
07-23 16:52:54.491  6745  6825 I appium  : AppiumResponse: {"sessionId":"5993d914-2cc1-4960-a007-a830a6fd0406","value":"true"}
07-23 16:52:54.495  6745  6825 I appium  : channel read: GET /session/5993d914-2cc1-4960-a007-a830a6fd0406/element/00000000-0000-001b-ffff-ffff00000049/attribute/enabled
07-23 16:52:54.495  6745  6825 I appium  : GetElementAttribute command
07-23 16:52:54.498  6745  6825 I appium  : AppiumResponse: {"sessionId":"5993d914-2cc1-4960-a007-a830a6fd0406","value":"true"}
07-23 16:52:54.502  6745  6825 I appium  : channel read: POST /session/5993d914-2cc1-4960-a007-a830a6fd0406/elements
07-23 16:52:54.502  6745  6825 I appium  : FindElements command
07-23 16:52:54.504  6745  6825 I appium  : method: 'accessibility id', selector: 'test-PRODUCTS'
07-23 16:52:54.504  6745  6825 I appium  : Waiting up to 10000ms for the device to idle
07-23 16:52:54.519  6834  6844 W aglabsmobileapp: Cleared Reference was only reachable from finalizer (only reported once)
07-23 16:52:54.521  6745  6825 I appium  : Caching 1 found element
07-23 16:52:54.521  6745  6825 I appium  : Cached 1 element
07-23 16:52:54.522  6745  6825 I appium  : AppiumResponse: {"sessionId":"5993d914-2cc1-4960-a007-a830a6fd0406","value":[{"ELEMENT":"00000000-0000-001b-ffff-ffff00000049","element-6066-11e4-a52e-4f735466cecf":"00000000-0000-001b-ffff-ffff00000049"}]}
07-23 16:52:54.528  6745  6825 I appium  : channel read: POST /session/5993d914-2cc1-4960-a007-a830a6fd0406/elements
07-23 16:52:54.528  6745  6825 I appium  : FindElements command
07-23 16:52:54.529  6745  6825 I appium  : method: 'accessibility id', selector: 'test-Drag Handle', contextId: '00000000-0000-001b-ffff-ffff00000049'
07-23 16:52:54.530  6745  6825 D UiObject2: Retrieving nodes with selector: BySelector [DESC='\Qtest-Drag Handle\E'].
07-23 16:52:54.532  6745  6825 I appium  : Caching 2 found elements
07-23 16:52:54.532  6745  6825 I appium  : Cached 2 elements
07-23 16:52:54.533  6745  6825 I appium  : AppiumResponse: {"sessionId":"5993d914-2cc1-4960-a007-a830a6fd0406","value":[{"ELEMENT":"00000000-0000-001b-ffff-ffff0000005c","element-6066-11e4-a52e-4f735466cecf":"00000000-0000-001b-ffff-ffff0000005c"},{"ELEMENT":"00000000-0000-001b-ffff-ffff00000067","element-6066-11e4-a52e-4f735466cecf":"00000000-0000-001b-fff
07-23 16:52:54.538  6745  6825 I appium  : channel read: GET /session/5993d914-2cc1-4960-a007-a830a6fd0406/element/00000000-0000-001b-ffff-ffff0000005c/rect
07-23 16:52:54.538  6745  6825 I appium  : GetRect command
