07-23 16:52:56.347  6745  6825 I QueryController: Matched selector: UiSelector[CONTAINS_TEXT=Sauce Labs Backpack] <<==>> [android.view.accessibility.AccessibilityNodeInfo@1c274; boundsInParent: Rect(0, 0 - 440, 114); boundsInScreen: Rect(58, 1148 - 498, 1262); boundsInWindow: Rect(58, 1148 - 498, 1262); packageName: com.swaglabsmobileapp; className: android.widget.TextView; text: Sauce Labs Backpack; error: null; maxTextLength: -1; stateDescription: null; contentDescription: test-Item title; tooltipText: null; containerTitle: null; viewIdResName: null; uniqueId: null; checkable: false; checked: false; focusable: false; focused: false; selected: false; clickable: false; longClickable: false; contextClickable: false; enabled: true; password: false; scrollable: false; importantForAccessibility: true; visible: true; actions: [AccessibilityAction: ACTION_SELECT - null, AccessibilityAction: ACTION_CLEAR_SELECTION - null, AccessibilityAction: ACTION_ACCESSIBILITY_FOCUS - null, AccessibilityAction: ACTION_NEXT_AT_MOVEMENT_GRANULARITY - null, AccessibilityAction: ACTION_PREVIOUS_AT_MOVEMENT_GRANULARITY - null, AccessibilityAction: ACTION_SET_SELECTION - null, AccessibilityAction: ACTION_SHOW_ON_SCREEN - null]; isTextSelectable: false]
07-23 16:52:56.347  6745  6825 I appium  : AppiumResponse: {"sessionId":"5993d914-2cc1-4960-a007-a830a6fd0406","value":"true"}
07-23 16:52:56.352  6745  6825 I appium  : channel read: POST /session/5993d914-2cc1-4960-a007-a830a6fd0406/elements
07-23 16:52:56.352  6745  6825 I appium  : FindElements command
07-23 16:52:56.352  6745  6825 I appium  : method: '-android uiautomator', selector: 'new UiSelector().textContains("Sauce Labs Backpack")'
07-23 16:52:56.352  6745  6825 I appium  : Waiting up to 10000ms for the device to idle
07-23 16:52:56.360  6745  6825 I QueryController: Matched selector: UiSelector[CONTAINS_TEXT=Sauce Labs Backpack, INSTANCE=0] <<==>> [android.view.accessibility.AccessibilityNodeInfo@1c274; boundsInParent: Rect(0, 0 - 440, 114); boundsInScreen: Rect(58, 1148 - 498, 1262); boundsInWindow: Rect(58, 1148 - 498, 1262); packageName: com.swaglabsmobileapp; className: android.widget.TextView; text: Sauce Labs Backpack; error: null; maxTextLength: -1; stateDescription: null; contentDescription: test-Item title; tooltipText: null; containerTitle: null; viewIdResName: null; uniqueId: null; checkable: false; checked: false; focusable: false; focused: false; selected: false; clickable: false; longClickable: false; contextClickable: false; enabled: true; password: false; scrollable: false; importantForAccessibility: true; visible: true; actions: [AccessibilityAction: ACTION_SELECT - null, AccessibilityAction: ACTION_CLEAR_SELECTION - null, AccessibilityAction: ACTION_ACCESSIBILITY_FOCUS - null, AccessibilityAction: ACTION_NEXT_AT_MOVEMENT_GRANULARITY - null, AccessibilityAction: ACTION_PREVIOUS_AT_MOVEMENT_GRANULARITY - null, AccessibilityAction: ACTION_SET_SELECTION - null, AccessibilityAction: ACTION_SHOW_ON_SCREEN - null]; isTextSelectable: false]
07-23 16:52:56.367  6745  6825 I appium  : Matched 1 element using selector UiSelector[CONTAINS_TEXT=Sauce Labs Backpack]
07-23 16:52:56.367  6745  6825 I appium  : Matched 1 element including possible duplicates
07-23 16:52:56.367  6745  6825 I appium  : 1 element(s) left after deduplication
07-23 16:52:56.367  6745  6825 I appium  : Caching 1 found element
07-23 16:52:56.367  6745  6825 I appium  : Cached 1 element
07-23 16:52:56.368  6745  6825 I appium  : AppiumResponse: {"sessionId":"5993d914-2cc1-4960-a007-a830a6fd0406","value":[{"ELEMENT":"00000000-0000-001b-ffff-ffff00000059","element-6066-11e4-a52e-4f735466cecf":"00000000-0000-001b-ffff-ffff00000059"}]}
07-23 16:52:56.372  6745  6825 I appium  : channel read: GET /session/5993d914-2cc1-4960-a007-a830a6fd0406/element/00000000-0000-001b-ffff-ffff00000059/rect
07-23 16:52:56.373  6745  6825 I appium  : GetRect command
07-23 16:52:56.375  6745  6825 I QueryController: Matched selector: UiSelector[CONTAINS_TEXT=Sauce Labs Backpack, INSTANCE=0] <<==>> [android.view.accessibility.AccessibilityNodeInfo@1c274; boundsInParent: Rect(0, 0 - 440, 114); boundsInScreen: Rect(58, 1148 - 498, 1262); boundsInWindow: Rect(58, 1148 - 498, 1262); packageName: com.swaglabsmobileapp; className: android.widget.TextView; text: Sauce Labs Backpack; error: null; maxTextLength: -1; stateDescription: null; contentDescription: test-Item title; tooltipText: null; containerTitle: null; viewIdResName: null; uniqueId: null; checkable: false; checked: false; focusable: false; focused: false; selected: false; clickable: false; longClickable: false; contextClickable: false; enabled: true; password: false; scrollable: false; importantForAccessibility: true; visible: true; actions: [AccessibilityAction: ACTION_SELECT - null, AccessibilityAction: ACTION_CLEAR_SELECTION - null, AccessibilityAction: ACTION_ACCESSIBILITY_FOCUS - null, AccessibilityAction: ACTION_NEXT_AT_MOVEMENT_GRANULARITY - null, AccessibilityAction: ACTION_PREVIOUS_AT_MOVEMENT_GRANULARITY - null, AccessibilityAction: ACTION_SET_SELECTION - null, AccessibilityAction: ACTION_SHOW_ON_SCREEN - null]; isTextSelectable: false]
07-23 16:52:56.378  6745  6825 I QueryController: Matched selector: UiSelector[CONTAINS_TEXT=Sauce Labs Backpack, INSTANCE=0] <<==>> [android.view.accessibility.AccessibilityNodeInfo@1c274; boundsInParent: Rect(0, 0 - 440, 114); boundsInScreen: Rect(58, 1148 - 498, 1262); boundsInWindow: Rect(58, 1148 - 498, 1262); packageName: com.swaglabsmobileapp; className: android.widget.TextView; text: Sauce Labs Backpack; error: null; maxTextLength: -1; stateDescription: null; contentDescription: test-Item title; tooltipText: null; containerTitle: null; viewIdResName: null; uniqueId: null; checkable: false; checked: false; focusable: false; focused: false; selected: false; clickable: false; longClickable: false; contextClickable: false; enabled: true; password: false; scrollable: false; importantForAccessibility: true; visible: true; actions: [AccessibilityAction: ACTION_SELECT - null, AccessibilityAction: ACTION_CLEAR_SELECTION - null, AccessibilityAction: ACTION_ACCESSIBILITY_FOCUS - null, AccessibilityAction: ACTION_NEXT_AT_MOVEMENT_GRANULARITY - null, AccessibilityAction: ACTION_PREVIOUS_AT_MOVEMENT_GRANULARITY - null, AccessibilityAction: ACTION_SET_SELECTION - null, AccessibilityAction: ACTION_SHOW_ON_SCREEN - null]; isTextSelectable: false]
07-23 16:52:56.379  6745  6825 I appium  : AppiumResponse: {"sessionId":"5993d914-2cc1-4960-a007-a830a6fd0406","value":{"height":114,"width":440,"x":58,"y":1148}}
07-23 16:52:56.383  6745  6825 I appium  : channel read: GET /session/5993d914-2cc1-4960-a007-a830a6fd0406/element/00000000-0000-001b-ffff-ffff00000059/rect
07-23 16:52:56.384  6745  6825 I appium  : GetRect command
07-23 16:52:56.386  6745  6825 I QueryController: Matched selector: UiSelector[CONTAINS_TEXT=Sauce Labs Backpack, INSTANCE=0] <<==>> [android.view.accessibility.AccessibilityNodeInfo@1c274; boundsInParent: Rect(0, 0 - 440, 114); boundsInScreen: Rect(58, 1148 - 498, 1262); boundsInWindow: Rect(58, 1148 - 498, 1262); packageName: com.swaglabsmobileapp; className: android.widget.TextView; text: Sauce Labs Backpack; error: null; maxTextLength: -1; stateDescription: null; contentDescription: test-Item title; tooltipText: null; containerTitle: null; viewIdResName: null; uniqueId: null; checkable: false; checked: false; focusable: false; focused: false; selected: false; clickable: false; longClickable: false; contextClickable: false; enabled: true; password: false; scrollable: false; importantForAccessibility: true; visible: true; actions: [AccessibilityAction: ACTION_SELECT - null, AccessibilityAction: ACTION_CLEAR_SELECTION - null, AccessibilityAction: ACTION_ACCESSIBILITY_FOCUS - null, AccessibilityAction: ACTION_NEXT_AT_MOVEMENT_GRANULARITY - null, AccessibilityAction: ACTION_PREVIOUS_AT_MOVEMENT_GRANULARITY - null, AccessibilityAction: ACTION_SET_SELECTION - null, AccessibilityAction: ACTION_SHOW_ON_SCREEN - null]; isTextSelectable: false]
07-23 16:52:56.388  6745  6825 I QueryController: Matched selector: UiSelector[CONTAINS_TEXT=Sauce Labs Backpack, INSTANCE=0] <<==>> [android.view.accessibility.AccessibilityNodeInfo@1c274; boundsInParent: Rect(0, 0 - 440, 114); boundsInScreen: Rect(58, 1148 - 498, 1262); boundsInWindow: Rect(58, 1148 - 498, 1262); packageName: com.swaglabsmobileapp; className: android.widget.TextView; text: Sauce Labs Backpack; error: null; maxTextLength: -1; stateDescription: null; contentDescription: test-Item title; tooltipText: null; containerTitle: null; viewIdResName: null; uniqueId: null; checkable: false; checked: false; focusable: false; focused: false; selected: false; clickable: false; longClickable: false; contextClickable: false; enabled: true; password: false; scrollable: false; importantForAccessibility: true; visible: true; actions: [AccessibilityAction: ACTION_SELECT - null, AccessibilityAction: ACTION_CLEAR_SELECTION - null, AccessibilityAction: ACTION_ACCESSIBILITY_FOCUS - null, AccessibilityAction: ACTION_NEXT_AT_MOVEMENT_GRANULARITY - null, AccessibilityAction: ACTION_PREVIOUS_AT_MOVEMENT_GRANULARITY - null, AccessibilityAction: ACTION_SET_SELECTION - null, AccessibilityAction: ACTION_SHOW_ON_SCREEN - null]; isTextSelectable: false]
07-23 16:52:56.389  6745  6825 I appium  : AppiumResponse: {"sessionId":"5993d914-2cc1-4960-a007-a830a6fd0406","value":{"height":114,"width":440,"x":58,"y":1148}}
07-23 16:52:56.395  6745  6825 I appium  : channel read: POST /session/5993d914-2cc1-4960-a007-a830a6fd0406/actions
07-23 16:52:56.395  6745  6825 I appium  : W3CActions command
07-23 16:52:56.406   535  1358 D WifiNl80211Manager: Scan result ready event
07-23 16:52:56.406   535  1358 D WifiNative: Scan result ready event
07-23 16:52:56.416  6745  6825 I appium  : [708271 (success)] Synthesized: MotionEvent { action=ACTION_DOWN, actionButton=0, id[0]=0, x[0]=278.0, y[0]=1205.0, toolType[0]=TOOL_TYPE_FINGER, buttonState=0, classification=NONE, metaState=0, flags=0x0, edgeFlags=0x0, pointerCount=1, historySize=0, eventTime=708271, downTime=708271, deviceId=0, source=0x1002, displayId=0, eventId=-127229192 }
07-23 16:52:56.423   535   842 W ProcessStats: Tracking association SourceState{61c41a com.google.android.gms/10129 BTop #5442} whose proc state 2 is better than process ProcessState{a986289 com.google.android.gms.persistent/10129 pkg=com.google.android.gms} proc state 14 (235 skipped)
07-23 16:52:56.424   535   842 D CompatibilityChangeReporter: Compat change id reported: 261072174; UID 10194; state: DISABLED
07-23 16:52:56.435  1238  2350 I ActivityScheduler: nextTriggerTime: 886098, in 177788ms, detectorType: 39, FULL_TYPE alarmWindowMillis: 80000
07-23 16:52:56.441  1238  1942 I FusedLocation: (REDACTED) location delivery to %s blocked - too fast
07-23 16:52:56.442  1778  1778 D LocationTracker: Got a location update from Play Services
07-23 16:52:56.447  6834  6899 D EGL_emulation: app_time_stats: avg=62.53ms min=12.69ms max=999.15ms count=26
07-23 16:52:56.918  6745  6825 I appium  : [708772 (success)] Synthesized: MotionEvent { action=ACTION_UP, actionButton=0, id[0]=0, x[0]=278.0, y[0]=1205.0, toolType[0]=TOOL_TYPE_FINGER, buttonState=0, classification=NONE, metaState=0, flags=0x0, edgeFlags=0x0, pointerCount=1, historySize=0, eventTime=708772, downTime=708271, deviceId=0, source=0x1002, displayId=0, eventId=-872411358 }
07-23 16:52:56.919  6745  6825 I appium  : AppiumResponse: {"sessionId":"5993d914-2cc1-4960-a007-a830a6fd0406","value":null}
07-23 16:52:56.922   382  1237 D audioserver: FGS Logger Transaction failed
07-23 16:52:56.922   382  1237 D audioserver: -129
07-23 16:52:56.955   382   494 D AudioFlinger: mixer(0xb4000078b0b80930) throttle end: throttle time(34)
07-23 16:52:56.956  6745  6825 I appium  : channel read: POST /session/5993d914-2cc1-4960-a007-a830a6fd0406/element
07-23 16:52:56.957  6745  6825 I appium  : FindElement command
07-23 16:52:56.958  6745  6825 I appium  : method: 'accessibility id', selector: 'test-Inventory item page'
07-23 16:52:56.958  6745  6825 I appium  : Waiting up to 10000ms for the device to idle
07-23 16:52:56.991  6745  6825 W ByMatcher: Node returned null child: android.view.accessibility.AccessibilityNodeInfo@18664; boundsInParent: Rect(0, 0 - 1080, 1877); boundsInScreen: Rect(0, 461 - 1080, 2337); boundsInWindow: Rect(0, 461 - 1080, 2337); packageName: com.swaglabsmobileapp; className: android.widget.ScrollView; text: null; error: null; maxTextLength: -1; stateDescription: null; contentDescription: test-PRODUCTS; tooltipText: null; containerTitle: null; viewIdResName: null; uniqueId: null; checkable: false; checked: false; focusable: true; focused: false; selected: false; clickable: false; longClickable: false; contextClickable: false; enabled: true; password: false; scrollable: true; importantForAccessibility: true; visible: true; actions: [AccessibilityAction: ACTION_FOCUS - null, AccessibilityAction: ACTION_SELECT - null, AccessibilityAction: ACTION_CLEAR_SELECTION - null, AccessibilityAction: ACTION_ACCESSIBILITY_FOCUS - null, AccessibilityAction: ACTION_NEXT_AT_MOVEMENT_GRANULARITY - null, AccessibilityAction: ACTION_PREVIOUS_AT_MOVEMENT_GRANULARITY - null, AccessibilityAction: ACTION_SCROLL_FORWARD - null, AccessibilityAction: ACTION_SET_SELECTION - null, AccessibilityAction: ACTION_SHOW_ON_SCREEN - null, AccessibilityAction: ACTION_SCROLL_DOWN - null]; isTextSelectable: false
07-23 16:52:56.991  6745  6825 W ByMatcher: Skipping null child (3 of 4)
07-23 16:52:57.000   382   494 D AudioFlinger: mixer(0xb4000078b0b80930) throttle end: throttle time(33)
07-23 16:52:57.041  6745  6825 I appium  : AppiumResponse: {"sessionId":"5993d914-2cc1-4960-a007-a830a6fd0406","value":{"ELEMENT":"00000000-0000-001b-ffff-ffff00000098","element-6066-11e4-a52e-4f735466cecf":"00000000-0000-001b-ffff-ffff00000098"}}
07-23 16:52:57.047  6745  6825 I appium  : channel read: GET /session/5993d914-2cc1-4960-a007-a830a6fd0406/element/00000000-0000-001b-ffff-ffff00000098/attribute/displayed
07-23 16:52:57.047  6745  6825 I appium  : GetElementAttribute command
07-23 16:52:57.114   382   494 D audioserver: FGS Logger Transaction failed
07-23 16:52:57.114   382   494 D audioserver: -129
07-23 16:52:57.586   535  2845 I ActivityManager: Killing 3725:com.android.providers.calendar/u0a88 (adj 975): empty #17
07-23 16:52:57.589   535   563 I libprocessgroup: Successfully killed process cgroup uid 10088 pid 3725 in 0ms
07-23 16:52:57.597   348   348 I Zygote  : Process 3725 exited due to signal 9 (Killed)
07-23 16:52:57.598   535   552 D DisplayManagerService: Drop pending events for gone uid 10088
07-23 16:52:57.891  6745  6825 I appium  : AppiumResponse: {"sessionId":"5993d914-2cc1-4960-a007-a830a6fd0406","value":"true"}
07-23 16:52:57.900  6745  6825 I appium  : channel read: POST /session/5993d914-2cc1-4960-a007-a830a6fd0406/elements
07-23 16:52:57.900  6745  6825 I appium  : FindElements command
07-23 16:52:57.902  6745  6825 I appium  : method: 'accessibility id', selector: 'test-Inventory item page'
07-23 16:52:57.902  6745  6825 I appium  : Waiting up to 10000ms for the device to idle
07-23 16:52:57.923  6745  6825 I appium  : Caching 2 found elements
07-23 16:52:57.924  6745  6825 I appium  : Cached 2 elements
07-23 16:52:57.926  6745  6825 I appium  : AppiumResponse: {"sessionId":"5993d914-2cc1-4960-a007-a830a6fd0406","value":[{"ELEMENT":"00000000-0000-001b-ffff-ffff00000098","element-6066-11e4-a52e-4f735466cecf":"00000000-0000-001b-ffff-ffff00000098"},{"ELEMENT":"00000000-0000-001b-ffff-ffff00000096","element-6066-11e4-a52e-4f735466cecf":"00000000-0000-001b-fff
07-23 16:52:57.931  6745  6825 I appium  : channel read: POST /session/5993d914-2cc1-4960-a007-a830a6fd0406/element
07-23 16:52:57.932  6745  6825 I appium  : FindElement command
07-23 16:52:57.933  6745  6825 I appium  : method: 'accessibility id', selector: 'test-Inventory item page'
07-23 16:52:57.933  6745  6825 I appium  : Waiting up to 10000ms for the device to idle
07-23 16:52:57.945  6745  6825 I appium  : AppiumResponse: {"sessionId":"5993d914-2cc1-4960-a007-a830a6fd0406","value":{"ELEMENT":"00000000-0000-001b-ffff-ffff00000098","element-6066-11e4-a52e-4f735466cecf":"00000000-0000-001b-ffff-ffff00000098"}}
07-23 16:52:57.950  6745  6825 I appium  : channel read: GET /session/5993d914-2cc1-4960-a007-a830a6fd0406/element/00000000-0000-001b-ffff-ffff00000098/attribute/displayed
07-23 16:52:57.950  6745  6825 I appium  : GetElementAttribute command
07-23 16:52:57.953  6745  6825 I appium  : AppiumResponse: {"sessionId":"5993d914-2cc1-4960-a007-a830a6fd0406","value":"true"}
07-23 16:52:57.958  6745  6825 I appium  : channel read: POST /session/5993d914-2cc1-4960-a007-a830a6fd0406/elements
07-23 16:52:57.958  6745  6825 I appium  : FindElements command
07-23 16:52:57.959  6745  6825 I appium  : method: 'accessibility id', selector: 'test-Inventory item page'
07-23 16:52:57.959  6745  6825 I appium  : Waiting up to 10000ms for the device to idle
07-23 16:52:57.972  6745  6825 I appium  : Caching 2 found elements
07-23 16:52:57.972  6745  6825 I appium  : Cached 2 elements
07-23 16:52:57.973  6745  6825 I appium  : AppiumResponse: {"sessionId":"5993d914-2cc1-4960-a007-a830a6fd0406","value":[{"ELEMENT":"00000000-0000-001b-ffff-ffff00000098","element-6066-11e4-a52e-4f735466cecf":"00000000-0000-001b-ffff-ffff00000098"},{"ELEMENT":"00000000-0000-001b-ffff-ffff00000096","element-6066-11e4-a52e-4f735466cecf":"00000000-0000-001b-fff
07-23 16:52:57.978  6745  6825 I appium  : channel read: GET /session/5993d914-2cc1-4960-a007-a830a6fd0406/element/00000000-0000-001b-ffff-ffff00000098/attribute/displayed
07-23 16:52:57.978  6745  6825 I appium  : GetElementAttribute command
07-23 16:52:57.980  6745  6825 I appium  : AppiumResponse: {"sessionId":"5993d914-2cc1-4960-a007-a830a6fd0406","value":"true"}
07-23 16:52:57.993  6745  6825 I appium  : channel read: POST /session/5993d914-2cc1-4960-a007-a830a6fd0406/actions
07-23 16:52:57.993  6745  6825 I appium  : W3CActions command
07-23 16:52:58.016  6745  6825 I appium  : [709870 (success)] Synthesized: MotionEvent { action=ACTION_DOWN, actionButton=0, id[0]=0, x[0]=540.0, y[0]=1200.0, toolType[0]=TOOL_TYPE_FINGER, buttonState=0, classification=NONE, metaState=0, flags=0x0, edgeFlags=0x0, pointerCount=1, historySize=0, eventTime=709870, downTime=709870, deviceId=0, source=0x1002, displayId=0, eventId=-1018417862 }
07-23 16:52:58.515  6745  6825 I appium  : [710371 (success)] Synthesized: MotionEvent { action=ACTION_MOVE, actionButton=0, id[0]=0, x[0]=540.0, y[0]=1200.0, toolType[0]=TOOL_TYPE_FINGER, buttonState=0, classification=NONE, metaState=0, flags=0x0, edgeFlags=0x0, pointerCount=1, historySize=0, eventTime=710371, downTime=709870, deviceId=0, source=0x1002, displayId=0, eventId=-1022875859 }
07-23 16:52:58.531  6745  6825 I appium  : [710391 (success)] Synthesized: MotionEvent { action=ACTION_MOVE, actionButton=0, id[0]=0, x[0]=540.0, y[0]=840.0, toolType[0]=TOOL_TYPE_FINGER, buttonState=0, classification=NONE, metaState=0, flags=0x0, edgeFlags=0x0, pointerCount=1, historySize=0, eventTime=710391, downTime=709870, deviceId=0, source=0x1002, displayId=0, eventId=-1041506738 }
07-23 16:52:58.548  6745  6825 I appium  : [710410 (success)] Synthesized: MotionEvent { action=ACTION_MOVE, actionButton=0, id[0]=0, x[0]=540.0, y[0]=660.0, toolType[0]=TOOL_TYPE_FINGER, buttonState=0, classification=NONE, metaState=0, flags=0x0, edgeFlags=0x0, pointerCount=1, historySize=0, eventTime=710410, downTime=709870, deviceId=0, source=0x1002, displayId=0, eventId=-174688323 }
07-23 16:52:58.556  6834  6899 D EGL_emulation: app_time_stats: avg=87.84ms min=10.47ms max=1190.83ms count=24
07-23 16:52:58.570  6745  6825 I appium  : [710431 (success)] Synthesized: MotionEvent { action=ACTION_MOVE, actionButton=0, id[0]=0, x[0]=540.0, y[0]=480.0, toolType[0]=TOOL_TYPE_FINGER, buttonState=0, classification=NONE, metaState=0, flags=0x0, edgeFlags=0x0, pointerCount=1, historySize=0, eventTime=710431, downTime=709870, deviceId=0, source=0x1002, displayId=0, eventId=-128379433 }
07-23 16:52:58.597  6745  6825 I appium  : [710451 (success)] Synthesized: MotionEvent { action=ACTION_MOVE, actionButton=0, id[0]=0, x[0]=540.0, y[0]=300.0, toolType[0]=TOOL_TYPE_FINGER, buttonState=0, classification=NONE, metaState=0, flags=0x0, edgeFlags=0x0, pointerCount=1, historySize=0, eventTime=710451, downTime=709870, deviceId=0, source=0x1002, displayId=0, eventId=-1013818645 }
07-23 16:52:58.615  6745  6825 I appium  : [710471 (success)] Synthesized: MotionEvent { action=ACTION_UP, actionButton=0, id[0]=0, x[0]=540.0, y[0]=300.0, toolType[0]=TOOL_TYPE_FINGER, buttonState=0, classification=NONE, metaState=0, flags=0x0, edgeFlags=0x0, pointerCount=1, historySize=0, eventTime=710471, downTime=709870, deviceId=0, source=0x1002, displayId=0, eventId=-386127878 }
07-23 16:52:58.617  6745  6825 I appium  : AppiumResponse: {"sessionId":"5993d914-2cc1-4960-a007-a830a6fd0406","value":null}
07-23 16:52:58.626  6745  6825 I appium  : channel read: POST /session/5993d914-2cc1-4960-a007-a830a6fd0406/actions
07-23 16:52:58.627  6745  6825 I appium  : W3CActions command
07-23 16:52:58.649  6745  6825 I appium  : [710507 (success)] Synthesized: MotionEvent { action=ACTION_DOWN, actionButton=0, id[0]=0, x[0]=540.0, y[0]=1200.0, toolType[0]=TOOL_TYPE_FINGER, buttonState=0, classification=NONE, metaState=0, flags=0x0, edgeFlags=0x0, pointerCount=1, historySize=0, eventTime=710507, downTime=710507, deviceId=0, source=0x1002, displayId=0, eventId=-255746820 }
07-23 16:52:59.148  6745  6825 I appium  : [711008 (success)] Synthesized: MotionEvent { action=ACTION_MOVE, actionButton=0, id[0]=0, x[0]=540.0, y[0]=1200.0, toolType[0]=TOOL_TYPE_FINGER, buttonState=0, classification=NONE, metaState=0, flags=0x0, edgeFlags=0x0, pointerCount=1, historySize=0, eventTime=711008, downTime=710507, deviceId=0, source=0x1002, displayId=0, eventId=-130667299 }
07-23 16:52:59.165  6745  6825 I appium  : [711028 (success)] Synthesized: MotionEvent { action=ACTION_MOVE, actionButton=0, id[0]=0, x[0]=540.0, y[0]=1560.0, toolType[0]=TOOL_TYPE_FINGER, buttonState=0, classification=NONE, metaState=0, flags=0x0, edgeFlags=0x0, pointerCount=1, historySize=0, eventTime=711028, downTime=710507, deviceId=0, source=0x1002, displayId=0, eventId=-17130133 }
07-23 16:52:59.184  6745  6825 I appium  : [711048 (success)] Synthesized: MotionEvent { action=ACTION_MOVE, actionButton=0, id[0]=0, x[0]=540.0, y[0]=1740.0, toolType[0]=TOOL_TYPE_FINGER, buttonState=0, classification=NONE, metaState=0, flags=0x0, edgeFlags=0x0, pointerCount=1, historySize=0, eventTime=711048, downTime=710507, deviceId=0, source=0x1002, displayId=0, eventId=-564775133 }
07-23 16:52:59.214  6745  6825 I appium  : [711068 (success)] Synthesized: MotionEvent { action=ACTION_MOVE, actionButton=0, id[0]=0, x[0]=540.0, y[0]=1920.0, toolType[0]=TOOL_TYPE_FINGER, buttonState=0, classification=NONE, metaState=0, flags=0x0, edgeFlags=0x0, pointerCount=1, historySize=0, eventTime=711068, downTime=710507, deviceId=0, source=0x1002, displayId=0, eventId=-532342053 }
07-23 16:52:59.215  6745  6825 I appium  : The event has been delayed for 21ms
07-23 16:52:59.233  6745  6825 I appium  : [711090 (success)] Synthesized: MotionEvent { action=ACTION_MOVE, actionButton=0, id[0]=0, x[0]=540.0, y[0]=2100.0, toolType[0]=TOOL_TYPE_FINGER, buttonState=0, classification=NONE, metaState=0, flags=0x0, edgeFlags=0x0, pointerCount=1, historySize=0, eventTime=711090, downTime=710507, deviceId=0, source=0x1002, displayId=0, eventId=-346149757 }
07-23 16:52:59.247  6745  6825 I appium  : [711108 (success)] Synthesized: MotionEvent { action=ACTION_UP, actionButton=0, id[0]=0, x[0]=540.0, y[0]=2100.0, toolType[0]=TOOL_TYPE_FINGER, buttonState=0, classification=NONE, metaState=0, flags=0x0, edgeFlags=0x0, pointerCount=1, historySize=0, eventTime=711108, downTime=710507, deviceId=0, source=0x1002, displayId=0, eventId=-254347615 }
07-23 16:52:59.254  6745  6825 I appium  : AppiumResponse: {"sessionId":"5993d914-2cc1-4960-a007-a830a6fd0406","value":null}
07-23 16:52:59.263  6745  6825 I appium  : channel read: POST /session/5993d914-2cc1-4960-a007-a830a6fd0406/element
07-23 16:52:59.263  6745  6825 I appium  : FindElement command
07-23 16:52:59.264  6745  6825 I appium  : method: 'accessibility id', selector: 'test-Image Container'
07-23 16:52:59.264  6745  6825 I appium  : Waiting up to 10000ms for the device to idle
07-23 16:52:59.333   753   753 D StatusBarIconController: ignoring old pipeline callbacks, because the new mobile icons are enabled
07-23 16:52:59.565  6834  6899 D EGL_emulation: app_time_stats: avg=19.49ms min=1.17ms max=383.27ms count=37
07-23 16:52:59.834  6745  6825 I appium  : AppiumResponse: {"sessionId":"5993d914-2cc1-4960-a007-a830a6fd0406","value":{"ELEMENT":"00000000-0000-001b-ffff-ffff00000099","element-6066-11e4-a52e-4f735466cecf":"00000000-0000-001b-ffff-ffff00000099"}}
07-23 16:52:59.840  6745  6825 I appium  : channel read: GET /session/5993d914-2cc1-4960-a007-a830a6fd0406/element/00000000-0000-001b-ffff-ffff00000099/attribute/displayed
07-23 16:52:59.841  6745  6825 I appium  : GetElementAttribute command
07-23 16:52:59.866  6745  6825 I appium  : AppiumResponse: {"sessionId":"5993d914-2cc1-4960-a007-a830a6fd0406","value":"true"}
07-23 16:52:59.872  6745  6825 I appium  : channel read: GET /session/5993d914-2cc1-4960-a007-a830a6fd0406/element/00000000-0000-001b-ffff-ffff00000099/attribute/enabled
07-23 16:52:59.872  6745  6825 I appium  : GetElementAttribute command
07-23 16:52:59.899   535  2897 I ActivityManager: Killing 3333:com.google.android.webview:sandboxed_process0:org.chromium.content.app.SandboxedProcessService0:0/u0a132i0 (adj 975): empty #17
07-23 16:52:59.899  6745  6825 I appium  : AppiumResponse: {"sessionId":"5993d914-2cc1-4960-a007-a830a6fd0406","value":"true"}
07-23 16:52:59.900   535  2897 I ActivityManager: Killing 4295:com.google.android.gms.unstable/u0a129 (adj 975): empty #18
07-23 16:52:59.900   535   563 I libprocessgroup: Successfully killed process cgroup uid 99000 pid 3333 in 0ms
07-23 16:52:59.905   834   834 I Zygote  : Process 3333 exited due to signal 9 (Killed)
07-23 16:52:59.905  1781  3252 W cr_ChildProcessConn: onServiceDisconnected (crash or killed by oom): pid=0 bindings:WV
07-23 16:52:59.906   535  2150 W ActivityManager: Exception when unbinding service com.google.android.googlequicksearchbox/org.chromium.content.app.SandboxedProcessService0:0
07-23 16:52:59.906   535  2150 W ActivityManager: android.os.DeadObjectException
07-23 16:52:59.906   535  2150 W ActivityManager: 	at android.os.BinderProxy.transactNative(Native Method)
07-23 16:52:59.906   535  2150 W ActivityManager: 	at android.os.BinderProxy.transact(BinderProxy.java:584)
07-23 16:52:59.906   535  2150 W ActivityManager: 	at android.app.IApplicationThread$Stub$Proxy.scheduleUnbindService(IApplicationThread.java:1419)
07-23 16:52:59.906   535  2150 W ActivityManager: 	at com.android.server.am.ActiveServices.removeConnectionLocked(ActiveServices.java:5896)
07-23 16:52:59.906   535  2150 W ActivityManager: 	at com.android.server.am.ActiveServices.unbindServiceLocked(ActiveServices.java:3970)
07-23 16:52:59.906   535  2150 W ActivityManager: 	at com.android.server.am.ActivityManagerService.unbindService(ActivityManagerService.java:13426)
07-23 16:52:59.906   535  2150 W ActivityManager: 	at android.app.IActivityManager$Stub.onTransact(IActivityManager.java:2907)
07-23 16:52:59.906   535  2150 W ActivityManager: 	at com.android.server.am.ActivityManagerService.onTransact(ActivityManagerService.java:2720)
07-23 16:52:59.906   535  2150 W ActivityManager: 	at android.os.Binder.execTransactInternal(Binder.java:1339)
07-23 16:52:59.906   535  2150 W ActivityManager: 	at android.os.Binder.execTransact(Binder.java:1275)
07-23 16:52:59.909   535   552 D DisplayManagerService: Drop pending events for gone uid 99000
07-23 16:52:59.910  6745  6825 I appium  : channel read: POST /session/5993d914-2cc1-4960-a007-a830a6fd0406/elements
07-23 16:52:59.910  6745  6825 I appium  : FindElements command
07-23 16:52:59.911  6745  6825 I appium  : method: 'accessibility id', selector: 'test-Image Container'
07-23 16:52:59.911  6745  6825 I appium  : Waiting up to 10000ms for the device to idle
07-23 16:52:59.917   348   348 I Zygote  : Process 4295 exited due to signal 9 (Killed)
07-23 16:52:59.919   535   676 D ConnectivityService: releasing NetworkRequest [ REQUEST id=159, [ Capabilities: INTERNET&NOT_RESTRICTED&TRUSTED&NOT_VCN_MANAGED Uid: 10129 RequestorUid: 10129 RequestorPkg: com.google.android.gms UnderlyingNetworks: Null] ] (release request)
07-23 16:52:59.925  6745  6825 I appium  : Caching 1 found element
07-23 16:52:59.925  6745  6825 I appium  : Cached 1 element
07-23 16:52:59.926  6745  6825 I appium  : AppiumResponse: {"sessionId":"5993d914-2cc1-4960-a007-a830a6fd0406","value":[{"ELEMENT":"00000000-0000-001b-ffff-ffff00000099","element-6066-11e4-a52e-4f735466cecf":"00000000-0000-001b-ffff-ffff00000099"}]}
07-23 16:52:59.932  6745  6825 I appium  : channel read: GET /session/5993d914-2cc1-4960-a007-a830a6fd0406/element/00000000-0000-001b-ffff-ffff00000099/rect
07-23 16:52:59.932  6745  6825 I appium  : GetRect command
07-23 16:52:59.935  6745  6825 I appium  : AppiumResponse: {"sessionId":"5993d914-2cc1-4960-a007-a830a6fd0406","value":{"height":1239,"width":948,"x":66,"y":566}}
07-23 16:52:59.941  6745  6825 I appium  : channel read: GET /session/5993d914-2cc1-4960-a007-a830a6fd0406/element/00000000-0000-001b-ffff-ffff00000099/rect
07-23 16:52:59.941  6745  6825 I appium  : GetRect command
07-23 16:52:59.944  6745  6825 I appium  : AppiumResponse: {"sessionId":"5993d914-2cc1-4960-a007-a830a6fd0406","value":{"height":1239,"width":948,"x":66,"y":566}}
07-23 16:52:59.945   535   563 I libprocessgroup: Successfully killed process cgroup uid 10129 pid 4295 in 0ms
07-23 16:52:59.949  6745  6825 I appium  : channel read: POST /session/5993d914-2cc1-4960-a007-a830a6fd0406/element
07-23 16:52:59.949  6745  6825 I appium  : FindElement command
07-23 16:52:59.950  6745  6825 I appium  : method: 'accessibility id', selector: 'test-Image Container'
07-23 16:52:59.950  6745  6825 I appium  : Waiting up to 10000ms for the device to idle
07-23 16:52:59.959  6745  6825 I appium  : AppiumResponse: {"sessionId":"5993d914-2cc1-4960-a007-a830a6fd0406","value":{"ELEMENT":"00000000-0000-001b-ffff-ffff00000099","element-6066-11e4-a52e-4f735466cecf":"00000000-0000-001b-ffff-ffff00000099"}}
07-23 16:52:59.964  6745  6825 I appium  : channel read: GET /session/5993d914-2cc1-4960-a007-a830a6fd0406/element/00000000-0000-001b-ffff-ffff00000099/attribute/displayed
07-23 16:52:59.965  6745  6825 I appium  : GetElementAttribute command
07-23 16:52:59.967  6745  6825 I appium  : AppiumResponse: {"sessionId":"5993d914-2cc1-4960-a007-a830a6fd0406","value":"true"}
07-23 16:52:59.971  6745  6825 I appium  : channel read: GET /session/5993d914-2cc1-4960-a007-a830a6fd0406/element/00000000-0000-001b-ffff-ffff00000099/attribute/enabled
07-23 16:52:59.972  6745  6825 I appium  : GetElementAttribute command
07-23 16:52:59.974  6745  6825 I appium  : AppiumResponse: {"sessionId":"5993d914-2cc1-4960-a007-a830a6fd0406","value":"true"}
07-23 16:52:59.979  6745  6825 I appium  : channel read: POST /session/5993d914-2cc1-4960-a007-a830a6fd0406/elements
07-23 16:52:59.979  6745  6825 I appium  : FindElements command
07-23 16:52:59.980  6745  6825 I appium  : method: 'accessibility id', selector: 'test-Image Container'
07-23 16:52:59.980  6745  6825 I appium  : Waiting up to 10000ms for the device to idle
07-23 16:52:59.990  6745  6825 I appium  : Caching 1 found element
07-23 16:52:59.991  6745  6825 I appium  : Cached 1 element
07-23 16:52:59.992  6745  6825 I appium  : AppiumResponse: {"sessionId":"5993d914-2cc1-4960-a007-a830a6fd0406","value":[{"ELEMENT":"00000000-0000-001b-ffff-ffff00000099","element-6066-11e4-a52e-4f735466cecf":"00000000-0000-001b-ffff-ffff00000099"}]}
07-23 16:52:59.993   350  3471 D android.hardware.audio@7.1-impl.ranchu: threadLoop: entering standby, frames: 959616
07-23 16:52:59.996  6745  6825 I appium  : channel read: GET /session/5993d914-2cc1-4960-a007-a830a6fd0406/element/00000000-0000-001b-ffff-ffff00000099/rect
07-23 16:52:59.997  6745  6825 I appium  : GetRect command
07-23 16:53:00.009  6745  6825 I appium  : AppiumResponse: {"sessionId":"5993d914-2cc1-4960-a007-a830a6fd0406","value":{"height":1239,"width":948,"x":66,"y":566}}
07-23 16:53:00.019  6745  6825 I appium  : channel read: GET /session/5993d914-2cc1-4960-a007-a830a6fd0406/element/00000000-0000-001b-ffff-ffff00000099/rect
07-23 16:53:00.019  6745  6825 I appium  : GetRect command
07-23 16:53:00.038  1573  2008 I AiAiEcho: Predicting[0]:
07-23 16:53:00.038  1573  2008 I AiAiEcho: EchoTargets:
07-23 16:53:00.038  1573  2008 I AiAiEcho: Filtered by AiAi flag check:
07-23 16:53:00.038  1573  2008 I AiAiEcho: Ranked targets strategy: SORT, count: 0, ranking metadata:
07-23 16:53:00.040   753   855 D EGL_emulation: app_time_stats: avg=50702.01ms min=50702.01ms max=50702.01ms count=1
07-23 16:53:00.040  1573  2008 I AiAiEcho: #postPredictionTargets: Sending updates to UISurface lockscreen with targets# 0 (types=[])
07-23 16:53:00.048   753   753 W PageIndicator: Total number of pages invalid: 0. Assuming 1 page.
07-23 16:53:00.639  6745  6825 I appium  : AppiumResponse: {"sessionId":"5993d914-2cc1-4960-a007-a830a6fd0406","value":{"height":1239,"width":948,"x":66,"y":566}}
07-23 16:53:00.649  6745  6825 I appium  : channel read: POST /session/5993d914-2cc1-4960-a007-a830a6fd0406/element
07-23 16:53:00.651  6745  6825 I appium  : FindElement command
07-23 16:53:00.652  6745  6825 I appium  : method: 'accessibility id', selector: 'test-Image Container'
07-23 16:53:00.652  6745  6825 I appium  : Waiting up to 10000ms for the device to idle
07-23 16:53:00.673  6745  6825 I appium  : AppiumResponse: {"sessionId":"5993d914-2cc1-4960-a007-a830a6fd0406","value":{"ELEMENT":"00000000-0000-001b-ffff-ffff00000099","element-6066-11e4-a52e-4f735466cecf":"00000000-0000-001b-ffff-ffff00000099"}}
07-23 16:53:00.680  6745  6825 I appium  : channel read: GET /session/5993d914-2cc1-4960-a007-a830a6fd0406/element/00000000-0000-001b-ffff-ffff00000099/attribute/displayed
07-23 16:53:00.681  6745  6825 I appium  : GetElementAttribute command
07-23 16:53:00.684  6745  6825 I appium  : AppiumResponse: {"sessionId":"5993d914-2cc1-4960-a007-a830a6fd0406","value":"true"}
07-23 16:53:00.690  6745  6825 I appium  : channel read: GET /session/5993d914-2cc1-4960-a007-a830a6fd0406/element/00000000-0000-001b-ffff-ffff00000099/attribute/enabled
07-23 16:53:00.690  6745  6825 I appium  : GetElementAttribute command
07-23 16:53:00.694  6745  6825 I appium  : AppiumResponse: {"sessionId":"5993d914-2cc1-4960-a007-a830a6fd0406","value":"true"}
07-23 16:53:00.699  6745  6825 I appium  : channel read: POST /session/5993d914-2cc1-4960-a007-a830a6fd0406/elements
07-23 16:53:00.699  6745  6825 I appium  : FindElements command
07-23 16:53:00.700  6745  6825 I appium  : method: 'accessibility id', selector: 'test-Image Container'
07-23 16:53:00.700  6745  6825 I appium  : Waiting up to 10000ms for the device to idle
07-23 16:53:00.714  6745  6825 I appium  : Caching 1 found element
07-23 16:53:00.714  6745  6825 I appium  : Cached 1 element
07-23 16:53:00.715  6745  6825 I appium  : AppiumResponse: {"sessionId":"5993d914-2cc1-4960-a007-a830a6fd0406","value":[{"ELEMENT":"00000000-0000-001b-ffff-ffff00000099","element-6066-11e4-a52e-4f735466cecf":"00000000-0000-001b-ffff-ffff00000099"}]}
07-23 16:53:00.720  6745  6825 I appium  : channel read: GET /session/5993d914-2cc1-4960-a007-a830a6fd0406/element/00000000-0000-001b-ffff-ffff00000099/rect
07-23 16:53:00.720  6745  6825 I appium  : GetRect command
07-23 16:53:00.723  6745  6825 I appium  : AppiumResponse: {"sessionId":"5993d914-2cc1-4960-a007-a830a6fd0406","value":{"height":1239,"width":948,"x":66,"y":566}}
07-23 16:53:00.728  6745  6825 I appium  : channel read: GET /session/5993d914-2cc1-4960-a007-a830a6fd0406/element/00000000-0000-001b-ffff-ffff00000099/rect
07-23 16:53:00.728  6745  6825 I appium  : GetRect command
07-23 16:53:00.731  6745  6825 I appium  : AppiumResponse: {"sessionId":"5993d914-2cc1-4960-a007-a830a6fd0406","value":{"height":1239,"width":948,"x":66,"y":566}}
07-23 16:53:00.735  6745  6825 I appium  : channel read: POST /session/5993d914-2cc1-4960-a007-a830a6fd0406/element
07-23 16:53:00.736  6745  6825 I appium  : FindElement command
07-23 16:53:00.736  6745  6825 I appium  : method: 'accessibility id', selector: 'test-Image Container'
07-23 16:53:00.736  6745  6825 I appium  : Waiting up to 10000ms for the device to idle
07-23 16:53:00.745  6745  6825 I appium  : AppiumResponse: {"sessionId":"5993d914-2cc1-4960-a007-a830a6fd0406","value":{"ELEMENT":"00000000-0000-001b-ffff-ffff00000099","element-6066-11e4-a52e-4f735466cecf":"00000000-0000-001b-ffff-ffff00000099"}}
07-23 16:53:00.750  6745  6825 I appium  : channel read: GET /session/5993d914-2cc1-4960-a007-a830a6fd0406/element/00000000-0000-001b-ffff-ffff00000099/attribute/displayed
07-23 16:53:00.750  6745  6825 I appium  : GetElementAttribute command
07-23 16:53:00.752  6745  6825 I appium  : AppiumResponse: {"sessionId":"5993d914-2cc1-4960-a007-a830a6fd0406","value":"true"}
07-23 16:53:00.756  6745  6825 I appium  : channel read: GET /session/5993d914-2cc1-4960-a007-a830a6fd0406/element/00000000-0000-001b-ffff-ffff00000099/attribute/enabled
07-23 16:53:00.756  6745  6825 I appium  : GetElementAttribute command
07-23 16:53:00.758  6745  6825 I appium  : AppiumResponse: {"sessionId":"5993d914-2cc1-4960-a007-a830a6fd0406","value":"true"}
07-23 16:53:00.762  6745  6825 I appium  : channel read: POST /session/5993d914-2cc1-4960-a007-a830a6fd0406/elements
07-23 16:53:00.763  6745  6825 I appium  : FindElements command
07-23 16:53:00.763  6745  6825 I appium  : method: 'accessibility id', selector: 'test-Image Container'
07-23 16:53:00.763  6745  6825 I appium  : Waiting up to 10000ms for the device to idle
07-23 16:53:00.774  6745  6825 I appium  : Caching 1 found element
07-23 16:53:00.774  6745  6825 I appium  : Cached 1 element
07-23 16:53:00.775  6745  6825 I appium  : AppiumResponse: {"sessionId":"5993d914-2cc1-4960-a007-a830a6fd0406","value":[{"ELEMENT":"00000000-0000-001b-ffff-ffff00000099","element-6066-11e4-a52e-4f735466cecf":"00000000-0000-001b-ffff-ffff00000099"}]}
07-23 16:53:00.779  6745  6825 I appium  : channel read: GET /session/5993d914-2cc1-4960-a007-a830a6fd0406/element/00000000-0000-001b-ffff-ffff00000099/rect
07-23 16:53:00.780  6745  6825 I appium  : GetRect command
07-23 16:53:00.782  6745  6825 I appium  : AppiumResponse: {"sessionId":"5993d914-2cc1-4960-a007-a830a6fd0406","value":{"height":1239,"width":948,"x":66,"y":566}}
07-23 16:53:00.786  6745  6825 I appium  : channel read: GET /session/5993d914-2cc1-4960-a007-a830a6fd0406/element/00000000-0000-001b-ffff-ffff00000099/rect
07-23 16:53:00.787  6745  6825 I appium  : GetRect command
07-23 16:53:00.789  6745  6825 I appium  : AppiumResponse: {"sessionId":"5993d914-2cc1-4960-a007-a830a6fd0406","value":{"height":1239,"width":948,"x":66,"y":566}}
07-23 16:53:00.797  6745  6825 I appium  : channel read: POST /session/5993d914-2cc1-4960-a007-a830a6fd0406/actions
07-23 16:53:00.797  6745  6825 I appium  : W3CActions command
07-23 16:53:00.815  6745  6825 I appium  : [712674 (success)] Synthesized: MotionEvent { action=ACTION_DOWN, actionButton=0, id[0]=0, x[0]=530.0, y[0]=1185.0, toolType[0]=TOOL_TYPE_FINGER, buttonState=0, classification=NONE, metaState=0, flags=0x0, edgeFlags=0x0, pointerCount=1, historySize=0, eventTime=712674, downTime=712674, deviceId=0, source=0x1002, displayId=0, eventId=-805301299 }
07-23 16:53:00.817  6745  6825 I appium  : [712690 (success)] Synthesized: MotionEvent { action=ACTION_POINTER_DOWN(1), actionButton=0, id[0]=0, x[0]=530.0, y[0]=1185.0, toolType[0]=TOOL_TYPE_FINGER, id[1]=1, x[1]=530.0, y[1]=1185.0, toolType[1]=TOOL_TYPE_FINGER, buttonState=0, classification=NONE, metaState=0, flags=0x0, edgeFlags=0x0, pointerCount=2, historySize=0, eventTime=712690, downTime=712674, deviceId=0, source=0x1002, displayId=0, eventId=-1041777771 }
07-23 16:53:01.316  6745  6825 I appium  : [713175 (success)] Synthesized: MotionEvent { action=ACTION_MOVE, actionButton=0, id[0]=0, x[0]=530.0, y[0]=1185.0, toolType[0]=TOOL_TYPE_FINGER, id[1]=1, x[1]=530.0, y[1]=1185.0, toolType[1]=TOOL_TYPE_FINGER, buttonState=0, classification=NONE, metaState=0, flags=0x0, edgeFlags=0x0, pointerCount=2, historySize=0, eventTime=713175, downTime=712674, deviceId=0, source=0x1002, displayId=0, eventId=-825031319 }
07-23 16:53:01.332  6745  6825 I appium  : [713195 (success)] Synthesized: MotionEvent { action=ACTION_MOVE, actionButton=0, id[0]=0, x[0]=371.2002, y[0]=1185.0, toolType[0]=TOOL_TYPE_FINGER, id[1]=1, x[1]=688.7998, y[1]=1185.0, toolType[1]=TOOL_TYPE_FINGER, buttonState=0, classification=NONE, metaState=0, flags=0x0, edgeFlags=0x0, pointerCount=2, historySize=0, eventTime=713195, downTime=712674, deviceId=0, source=0x1002, displayId=0, eventId=-441204977 }
07-23 16:53:01.365  6745  6825 I appium  : [713216 (success)] Synthesized: MotionEvent { action=ACTION_MOVE, actionButton=0, id[0]=0, x[0]=291.7998, y[0]=1185.0, toolType[0]=TOOL_TYPE_FINGER, id[1]=1, x[1]=768.2002, y[1]=1185.0, toolType[1]=TOOL_TYPE_FINGER, buttonState=0, classification=NONE, metaState=0, flags=0x0, edgeFlags=0x0, pointerCount=2, historySize=0, eventTime=713216, downTime=712674, deviceId=0, source=0x1002, displayId=0, eventId=-240139712 }
07-23 16:53:01.365  6745  6825 I appium  : The event has been delayed for 23ms
07-23 16:53:01.385  6745  6825 I appium  : [713239 (success)] Synthesized: MotionEvent { action=ACTION_MOVE, actionButton=0, id[0]=0, x[0]=212.40039, y[0]=1185.0, toolType[0]=TOOL_TYPE_FINGER, id[1]=1, x[1]=847.5996, y[1]=1185.0, toolType[1]=TOOL_TYPE_FINGER, buttonState=0, classification=NONE, metaState=0, flags=0x0, edgeFlags=0x0, pointerCount=2, historySize=0, eventTime=713239, downTime=712674, deviceId=0, source=0x1002, displayId=0, eventId=-502267809 }
07-23 16:53:01.391  6834  6899 D EGL_emulation: app_time_stats: avg=71.55ms min=0.87ms max=1476.16ms count=21
07-23 16:53:01.402  6745  6825 I appium  : [713260 (success)] Synthesized: MotionEvent { action=ACTION_MOVE, actionButton=0, id[0]=0, x[0]=133.0, y[0]=1185.0, toolType[0]=TOOL_TYPE_FINGER, id[1]=1, x[1]=927.0, y[1]=1185.0, toolType[1]=TOOL_TYPE_FINGER, buttonState=0, classification=NONE, metaState=0, flags=0x0, edgeFlags=0x0, pointerCount=2, historySize=0, eventTime=713260, downTime=712674, deviceId=0, source=0x1002, displayId=0, eventId=-797605911 }
07-23 16:53:01.406  6745  6825 I appium  : [713277 (success)] Synthesized: MotionEvent { action=ACTION_POINTER_UP(1), actionButton=0, id[0]=0, x[0]=133.0, y[0]=1185.0, toolType[0]=TOOL_TYPE_FINGER, id[1]=1, x[1]=927.0, y[1]=1185.0, toolType[1]=TOOL_TYPE_FINGER, buttonState=0, classification=NONE, metaState=0, flags=0x0, edgeFlags=0x0, pointerCount=2, historySize=0, eventTime=713277, downTime=712674, deviceId=0, source=0x1002, displayId=0, eventId=-623927877 }
07-23 16:53:01.414  6745  6825 I appium  : [713281 (success)] Synthesized: MotionEvent { action=ACTION_UP, actionButton=0, id[0]=0, x[0]=133.0, y[0]=1185.0, toolType[0]=TOOL_TYPE_FINGER, buttonState=0, classification=NONE, metaState=0, flags=0x0, edgeFlags=0x0, pointerCount=1, historySize=0, eventTime=713281, downTime=712674, deviceId=0, source=0x1002, displayId=0, eventId=-1027946337 }
07-23 16:53:01.422  6745  6825 I appium  : AppiumResponse: {"sessionId":"5993d914-2cc1-4960-a007-a830a6fd0406","value":null}
07-23 16:53:01.430  6745  6825 I appium  : channel read: POST /session/5993d914-2cc1-4960-a007-a830a6fd0406/element
07-23 16:53:01.431  6745  6825 I appium  : FindElement command
07-23 16:53:01.432  6745  6825 I appium  : method: 'accessibility id', selector: 'test-Image Container'
07-23 16:53:01.432  6745  6825 I appium  : Waiting up to 10000ms for the device to idle
07-23 16:53:01.446  6745  6825 I appium  : AppiumResponse: {"sessionId":"5993d914-2cc1-4960-a007-a830a6fd0406","value":{"ELEMENT":"00000000-0000-001b-ffff-ffff00000099","element-6066-11e4-a52e-4f735466cecf":"00000000-0000-001b-ffff-ffff00000099"}}
07-23 16:53:01.451  6745  6825 I appium  : channel read: GET /session/5993d914-2cc1-4960-a007-a830a6fd0406/element/00000000-0000-001b-ffff-ffff00000099/attribute/displayed
07-23 16:53:01.451  6745  6825 I appium  : GetElementAttribute command
07-23 16:53:01.454  6745  6825 I appium  : AppiumResponse: {"sessionId":"5993d914-2cc1-4960-a007-a830a6fd0406","value":"true"}
07-23 16:53:01.459  6745  6825 I appium  : channel read: GET /session/5993d914-2cc1-4960-a007-a830a6fd0406/element/00000000-0000-001b-ffff-ffff00000099/attribute/enabled
07-23 16:53:01.460  6745  6825 I appium  : GetElementAttribute command
07-23 16:53:01.462  6745  6825 I appium  : AppiumResponse: {"sessionId":"5993d914-2cc1-4960-a007-a830a6fd0406","value":"true"}
07-23 16:53:01.467  6745  6825 I appium  : channel read: POST /session/5993d914-2cc1-4960-a007-a830a6fd0406/elements
07-23 16:53:01.467  6745  6825 I appium  : FindElements command
07-23 16:53:01.468  6745  6825 I appium  : method: 'accessibility id', selector: 'test-Image Container'
07-23 16:53:01.468  6745  6825 I appium  : Waiting up to 10000ms for the device to idle
07-23 16:53:01.480  6745  6825 I appium  : Caching 1 found element
07-23 16:53:01.480  6745  6825 I appium  : Cached 1 element
07-23 16:53:01.481  6745  6825 I appium  : AppiumResponse: {"sessionId":"5993d914-2cc1-4960-a007-a830a6fd0406","value":[{"ELEMENT":"00000000-0000-001b-ffff-ffff00000099","element-6066-11e4-a52e-4f735466cecf":"00000000-0000-001b-ffff-ffff00000099"}]}
07-23 16:53:01.486  6745  6825 I appium  : channel read: GET /session/5993d914-2cc1-4960-a007-a830a6fd0406/element/00000000-0000-001b-ffff-ffff00000099/rect
07-23 16:53:01.486  6745  6825 I appium  : GetRect command
07-23 16:53:01.490  6745  6825 I appium  : AppiumResponse: {"sessionId":"5993d914-2cc1-4960-a007-a830a6fd0406","value":{"height":1239,"width":948,"x":66,"y":566}}
07-23 16:53:01.495  6745  6825 I appium  : channel read: GET /session/5993d914-2cc1-4960-a007-a830a6fd0406/element/00000000-0000-001b-ffff-ffff00000099/rect
07-23 16:53:01.495  6745  6825 I appium  : GetRect command
07-23 16:53:01.498  6745  6825 I appium  : AppiumResponse: {"sessionId":"5993d914-2cc1-4960-a007-a830a6fd0406","value":{"height":1239,"width":948,"x":66,"y":566}}
07-23 16:53:01.504  6745  6825 I appium  : channel read: POST /session/5993d914-2cc1-4960-a007-a830a6fd0406/element
07-23 16:53:01.504  6745  6825 I appium  : FindElement command
07-23 16:53:01.505  6745  6825 I appium  : method: 'accessibility id', selector: 'test-Image Container'
07-23 16:53:01.505  6745  6825 I appium  : Waiting up to 10000ms for the device to idle
07-23 16:53:01.512  6745  6825 I appium  : AppiumResponse: {"sessionId":"5993d914-2cc1-4960-a007-a830a6fd0406","value":{"ELEMENT":"00000000-0000-001b-ffff-ffff00000099","element-6066-11e4-a52e-4f735466cecf":"00000000-0000-001b-ffff-ffff00000099"}}
07-23 16:53:01.516  6745  6825 I appium  : channel read: GET /session/5993d914-2cc1-4960-a007-a830a6fd0406/element/00000000-0000-001b-ffff-ffff00000099/attribute/displayed
07-23 16:53:01.517  6745  6825 I appium  : GetElementAttribute command
07-23 16:53:01.519  6745  6825 I appium  : AppiumResponse: {"sessionId":"5993d914-2cc1-4960-a007-a830a6fd0406","value":"true"}
07-23 16:53:01.523  6745  6825 I appium  : channel read: GET /session/5993d914-2cc1-4960-a007-a830a6fd0406/element/00000000-0000-001b-ffff-ffff00000099/attribute/enabled
07-23 16:53:01.523  6745  6825 I appium  : GetElementAttribute command
07-23 16:53:01.525  6745  6825 I appium  : AppiumResponse: {"sessionId":"5993d914-2cc1-4960-a007-a830a6fd0406","value":"true"}
07-23 16:53:01.530  6745  6825 I appium  : channel read: POST /session/5993d914-2cc1-4960-a007-a830a6fd0406/elements
07-23 16:53:01.530  6745  6825 I appium  : FindElements command
07-23 16:53:01.531  6745  6825 I appium  : method: 'accessibility id', selector: 'test-Image Container'
07-23 16:53:01.531  6745  6825 I appium  : Waiting up to 10000ms for the device to idle
07-23 16:53:01.539  6745  6825 I appium  : Caching 1 found element
07-23 16:53:01.540  6745  6825 I appium  : Cached 1 element
07-23 16:53:01.540  6745  6825 I appium  : AppiumResponse: {"sessionId":"5993d914-2cc1-4960-a007-a830a6fd0406","value":[{"ELEMENT":"00000000-0000-001b-ffff-ffff00000099","element-6066-11e4-a52e-4f735466cecf":"00000000-0000-001b-ffff-ffff00000099"}]}
07-23 16:53:01.545  6745  6825 I appium  : channel read: GET /session/5993d914-2cc1-4960-a007-a830a6fd0406/element/00000000-0000-001b-ffff-ffff00000099/rect
07-23 16:53:01.545  6745  6825 I appium  : GetRect command
07-23 16:53:01.547  6745  6825 I appium  : AppiumResponse: {"sessionId":"5993d914-2cc1-4960-a007-a830a6fd0406","value":{"height":1239,"width":948,"x":66,"y":566}}
07-23 16:53:01.551  6745  6825 I appium  : channel read: GET /session/5993d914-2cc1-4960-a007-a830a6fd0406/element/00000000-0000-001b-ffff-ffff00000099/rect
07-23 16:53:01.552  6745  6825 I appium  : GetRect command
07-23 16:53:01.554  6745  6825 I appium  : AppiumResponse: {"sessionId":"5993d914-2cc1-4960-a007-a830a6fd0406","value":{"height":1239,"width":948,"x":66,"y":566}}
07-23 16:53:01.560  6745  6825 I appium  : channel read: POST /session/5993d914-2cc1-4960-a007-a830a6fd0406/element
07-23 16:53:01.560  6745  6825 I appium  : FindElement command
07-23 16:53:01.561  6745  6825 I appium  : method: 'accessibility id', selector: 'test-Image Container'
07-23 16:53:01.561  6745  6825 I appium  : Waiting up to 10000ms for the device to idle
