07-23 16:52:43.831  1573  2008 I AiAiEcho: Ranked targets strategy: SORT, count: 0, ranking metadata:
07-23 16:52:43.831  1573  2008 I AiAiEcho: Predicting[0]:
07-23 16:52:43.831  1573  2008 I AiAiEcho: EchoTargets:
07-23 16:52:43.831  1573  2008 I AiAiEcho: Filtered by AiAi flag check:
07-23 16:52:43.831  1573  2008 I AiAiEcho: Ranked targets strategy: SORT, count: 0, ranking metadata:
07-23 16:52:43.832  1573  2008 I AiAiEcho: #postPredictionTargets: Sending updates to UISurface media_data_manager with targets# 0 (types=[])
07-23 16:52:43.833  1573  2008 I AiAiEcho: #postPredictionTargets: Sending updates to UISurface lockscreen with targets# 0 (types=[])
07-23 16:52:43.833  1573  2008 I AiAiEcho: #postPredictionTargets: Sending updates to UISurface home with targets# 0 (types=[])
07-23 16:52:43.836  6745  6818 D UiDevice: Setting accessibility service flags: 65618
07-23 16:52:43.837  1573  2043 I AiAiEcho: Settings changed for uri: content://settings/secure/accessibility_enabled
07-23 16:52:43.838  1573  2008 I AiAiEcho: Predicting[0]:
07-23 16:52:43.838  1573  2008 I AiAiEcho: EchoTargets:
07-23 16:52:43.838  1573  2008 I AiAiEcho: Filtered by AiAi flag check:
07-23 16:52:43.838  1573  2008 I AiAiEcho: Ranked targets strategy: SORT, count: 0, ranking metadata:
07-23 16:52:43.838  1573  2008 I AiAiEcho: Predicting[0]:
07-23 16:52:43.838  1573  2008 I AiAiEcho: EchoTargets:
07-23 16:52:43.838  1573  2008 I AiAiEcho: Filtered by AiAi flag check:
07-23 16:52:43.838  1573  2008 I AiAiEcho: Ranked targets strategy: SORT, count: 0, ranking metadata:
07-23 16:52:43.839  1573  2008 I AiAiEcho: Predicting[0]:
07-23 16:52:43.839  1573  2008 I AiAiEcho: EchoTargets:
07-23 16:52:43.839  1573  2008 I AiAiEcho: Filtered by AiAi flag check:
07-23 16:52:43.839  1573  2008 I AiAiEcho: Ranked targets strategy: SORT, count: 0, ranking metadata:
07-23 16:52:43.839  1573  2008 I AiAiEcho: #postPredictionTargets: Sending updates to UISurface media_data_manager with targets# 0 (types=[])
07-23 16:52:43.840  1573  2008 I AiAiEcho: #postPredictionTargets: Sending updates to UISurface lockscreen with targets# 0 (types=[])
07-23 16:52:43.840  1573  2008 I AiAiEcho: #postPredictionTargets: Sending updates to UISurface home with targets# 0 (types=[])
07-23 16:52:43.841   753   753 D SsMediaDataProvider: Forwarding Smartspace updates []
07-23 16:52:43.842   535  1468 W WindowMagnificationMgr: requestConnection duplicated request: connect=false, mConnectionState=DISCONNECTED
07-23 16:52:43.842   753   753 W PageIndicator: Total number of pages invalid: 0. Assuming 1 page.
07-23 16:52:43.846   535  1468 D SafetySourceDataValidator: No cert check requested for package com.google.android.permissioncontroller
07-23 16:52:43.849  6745  6818 D UiDevice: Turning on screen.
07-23 16:52:43.850  6745  6818 I appium  : Started UiAutomator2 io.appium.uiautomator2.http io.appium.uiautomator2.server on port 6790
07-23 16:52:43.852   753   753 D SsMediaDataProvider: Forwarding Smartspace updates []
07-23 16:52:43.852   753   753 W PageIndicator: Total number of pages invalid: 0. Assuming 1 page.
07-23 16:52:43.876  6745  6820 W tomator2.server: Accessing hidden method Lsun/misc/VM;->maxDirectMemory()J (unsupported, reflection, allowed)
07-23 16:52:43.879  6745  6820 D CompatibilityChangeReporter: Compat change id reported: 289878283; UID 10192; state: ENABLED
07-23 16:52:43.881  6745  6820 W tomator2.server: Accessing hidden field Lsun/nio/ch/SelectorImpl;->selectedKeys:Ljava/util/Set; (unsupported, reflection, allowed)
07-23 16:52:43.881  6745  6820 W tomator2.server: Accessing hidden field Lsun/nio/ch/SelectorImpl;->publicSelectedKeys:Ljava/util/Set; (unsupported, reflection, allowed)
07-23 16:52:43.884  6745  6820 D TrafficStats: tagSocket(102) with statsTag=0xffffffff, statsUid=-1
07-23 16:52:43.883  6745  6745 W Thread-5: type=1400 audit(0.0:94): avc:  denied  { read } for  name="somaxconn" dev="proc" ino=63746 scontext=u:r:untrusted_app:s0:c192,c256,c512,c768 tcontext=u:object_r:proc_net:s0 tclass=file permissive=0 app=io.appium.uiautomator2.server
07-23 16:52:44.046  6745  6822 I appium  : channel read: GET /status
07-23 16:52:44.047  6745  6822 I appium  : Status command
07-23 16:52:44.055  6745  6822 I appium  : AppiumResponse: {"sessionId":"None","value":{"message":"UiAutomator2 Server is ready to accept commands","ready":true}}
07-23 16:52:44.059  6745  6822 I appium  : channel read: POST /session
07-23 16:52:44.059  6745  6822 I appium  : NewSession command
07-23 16:52:44.064  6745  6822 W tomator2.server: Accessing hidden field Landroid/app/UiAutomation;->mOnAccessibilityEventListener:Landroid/app/UiAutomation$OnAccessibilityEventListener; (max-target-o, reflection, allowed)
07-23 16:52:44.066  6745  6822 I appium  : Created the new session with id 5993d914-2cc1-4960-a007-a830a6fd0406 and capabilities {appPackage=com.swaglabsmobileapp, isHeadless=false, clearSystemFiles=true, noReset=false, uiautomator2ServerLaunchTimeout=60000.0, uiautomator2ServerInstallTimeout=60000.0, clearDeviceLogsOnStart=true, deviceName=emulator-5554, fullReset=true, avd=Pixel_8, platform=LINUX, deviceUDID=emulator-5554, androidInstallTimeout=180000.0, desired={platformName=ANDROID, avdReadyTimeout=60000.0, clearDeviceLogsOnStart=true, clearSystemFiles=true, noReset=false, automationName=UIAutomator2, app=/Users/appinventiv/Downloads/one-framework/src/test/resources/apps/android/sauce-demo.apk, androidInstallTimeout=180000.0, appWaitActivity=com.swaglabsmobileapp.MainActivity, deviceName=Pixel_8, uiautomator2ServerLaunchTimeout=60000.0, appWaitDuration=120000.0, avdLaunchTimeout=120000.0, adbExecTimeout=30000.0, platformVersion=14, avd=Pixel_8, isHeadless=false, systemPort=8200.0, uiautomator2ServerInstallTimeout=60000.0, fullReset=true}, platformVersion=14, automationName=UIAutomator2, webStorageEnabled=false, takesScreenshot=true, javascriptEnabled=true, platformName=ANDROID, systemPort=8200.0, app=/Users/appinventiv/Downloads/one-framework/src/test/resources/apps/android/sauce-demo.apk, networkConnectionEnabled=true, warnings={}, appWaitActivity=com.swaglabsmobileapp.MainActivity, databaseEnabled=false, appWaitDuration=120000.0, avdLaunchTimeout=120000.0, adbExecTimeout=30000.0, locationContextEnabled=false, avdReadyTimeout=60000.0}
07-23 16:52:44.070  6745  6822 I appium  : AppiumResponse: {"sessionId":"5993d914-2cc1-4960-a007-a830a6fd0406","value":{"capabilities":{"firstMatch":[{"platformName":"ANDROID","avdReadyTimeout":60000.0,"clearDeviceLogsOnStart":true,"clearSystemFiles":true,"noReset":false,"automationName":"UIAutomator2","app":"/Users/appinventiv/Downloads/one-framework/src/t
07-23 16:52:44.080  6745  6822 I appium  : channel read: GET /session/5993d914-2cc1-4960-a007-a830a6fd0406/appium/device/pixel_ratio
07-23 16:52:44.081  6745  6822 I appium  : GetDevicePixelRatio command
07-23 16:52:44.082  6745  6822 I appium  : AppiumResponse: {"sessionId":"5993d914-2cc1-4960-a007-a830a6fd0406","value":2.625}
07-23 16:52:44.083  6745  6823 I appium  : channel read: GET /session/5993d914-2cc1-4960-a007-a830a6fd0406/appium/device/system_bars
07-23 16:52:44.084  6745  6823 I appium  : GetSystemBars command
07-23 16:52:44.085  6745  6824 I appium  : channel read: GET /session/5993d914-2cc1-4960-a007-a830a6fd0406/window/current/size
07-23 16:52:44.085  6745  6824 I appium  : GetDeviceSize command
07-23 16:52:44.086  6745  6824 I appium  : Get window size of the device
07-23 16:52:44.086  6745  6823 I appium  : AppiumResponse: {"sessionId":"5993d914-2cc1-4960-a007-a830a6fd0406","value":{"statusBar":132}}
07-23 16:52:44.087  6745  6824 I appium  : AppiumResponse: {"sessionId":"5993d914-2cc1-4960-a007-a830a6fd0406","value":{"height":2400,"width":1080}}
07-23 16:52:44.088  6745  6825 I appium  : channel read: GET /session/5993d914-2cc1-4960-a007-a830a6fd0406/appium/device/info
07-23 16:52:44.088  6745  6825 I appium  : GetDeviceInfo command
07-23 16:52:44.095  6745  6825 W tomator2.server: Accessing hidden field Landroid/net/NetworkCapabilities;->mSignalStrength:I (max-target-p, reflection, allowed)
07-23 16:52:44.095  6745  6825 W tomator2.server: Accessing hidden field Landroid/net/NetworkCapabilities;->mSSID:Ljava/lang/String; (max-target-o, reflection, allowed)
07-23 16:52:44.100  6745  6825 D CompatibilityChangeReporter: Compat change id reported: 263076149; UID 10192; state: ENABLED
07-23 16:52:44.105  6745  6825 I appium  : AppiumResponse: {"sessionId":"5993d914-2cc1-4960-a007-a830a6fd0406","value":{"androidId":"3d2fd3c8004cd0a6","apiVersion":"34","bluetooth":{"state":"ON"},"brand":"google","carrierName":"T-Mobile","displayDensity":420,"locale":"en_US","manufacturer":"Google","model":"sdk_gphone64_arm64","networks":[{"capabilities":{"
07-23 16:52:44.135   535  1468 I ActivityManager: Force stopping com.swaglabsmobileapp appid=10194 user=0: from pid 6831
07-23 16:52:44.136   535  1468 E libprocessgroup: No such cgroup attribute: /sys/fs/cgroup/uid_10194/cgroup.freeze
07-23 16:52:44.136   535  1468 W libprocessgroup: Failed to apply Frozen process profile: No such file or directory
07-23 16:52:44.136   535  1468 E libprocessgroup: No such cgroup attribute: /sys/fs/cgroup/uid_10194/cgroup.freeze
07-23 16:52:44.136   535  1468 W libprocessgroup: Failed to apply Unfrozen process profile: No such file or directory
07-23 16:52:44.136   535  1468 I AppsFilter: interaction: PackageSetting{e78d1b com.henry.app.qa/10365} -> PackageSetting{d777eb8 com.swaglabsmobileapp/10194} BLOCKED
07-23 16:52:44.136   535  1468 I AppsFilter: interaction: PackageSetting{ecd3491 io.appium.uiautomator2.server.test/10191} -> PackageSetting{d777eb8 com.swaglabsmobileapp/10194} BLOCKED
07-23 16:52:44.136   535  1468 I AppsFilter: interaction: PackageSetting{c89bff6 io.appium.settings/10190} -> PackageSetting{d777eb8 com.swaglabsmobileapp/10194} BLOCKED
07-23 16:52:44.138   918   918 D CarrierSvcBindHelper: onHandleForceStop: [com.swaglabsmobileapp]
07-23 16:52:44.139   918   918 D CarrierSvcBindHelper: No carrier app for: 0
07-23 16:52:44.314   753   753 D StatusBarIconController: ignoring old pipeline callback because the new wifi icon is enabled
07-23 16:52:44.390   535  1468 W ActivityTaskManager: callingPackage for (uid=2000, pid=6831) has no WPC
07-23 16:52:44.392   535  1468 D CompatibilityChangeReporter: Compat change id reported: 265464455; UID 10194; state: DISABLED
07-23 16:52:44.392   535  1468 D CompatibilityChangeReporter: Compat change id reported: 265452344; UID 10194; state: DISABLED
07-23 16:52:44.393   535  1468 D CompatibilityChangeReporter: Compat change id reported: 266124927; UID 10194; state: DISABLED
07-23 16:52:44.393   535  1468 D CompatibilityChangeReporter: Compat change id reported: 265451093; UID 10194; state: DISABLED
07-23 16:52:44.393   535  1468 D CompatibilityChangeReporter: Compat change id reported: 265456536; UID 10194; state: DISABLED
07-23 16:52:44.393   535  1468 D CompatibilityChangeReporter: Compat change id reported: 255940284; UID 10194; state: DISABLED
07-23 16:52:44.393   535  1468 D CompatibilityChangeReporter: Compat change id reported: 236283604; UID 10194; state: DISABLED
07-23 16:52:44.393   535  1468 D CompatibilityChangeReporter: Compat change id reported: 263959004; UID 10194; state: DISABLED
07-23 16:52:44.393   535  1468 D CompatibilityChangeReporter: Compat change id reported: 264304459; UID 10194; state: DISABLED
07-23 16:52:44.393   535  1468 D CompatibilityChangeReporter: Compat change id reported: 264301586; UID 10194; state: DISABLED
07-23 16:52:44.393   535  1468 D CompatibilityChangeReporter: Compat change id reported: 254631730; UID 10194; state: DISABLED
07-23 16:52:44.393   535  1468 D CompatibilityChangeReporter: Compat change id reported: 273509367; UID 10194; state: DISABLED
07-23 16:52:44.393   535  1468 D CompatibilityChangeReporter: Compat change id reported: 263259275; UID 10194; state: DISABLED
07-23 16:52:44.393   535  1468 D CompatibilityChangeReporter: Compat change id reported: 174042980; UID 10194; state: DISABLED
07-23 16:52:44.394   535  1468 D CompatibilityChangeReporter: Compat change id reported: 174042936; UID 10194; state: DISABLED
07-23 16:52:44.394   535  1468 D CompatibilityChangeReporter: Compat change id reported: 181136395; UID 10194; state: DISABLED
07-23 16:52:44.399   535  1468 D CompatibilityChangeReporter: Compat change id reported: 194480991; UID 10194; state: ENABLED
07-23 16:52:44.405   535  1468 D CompatibilityChangeReporter: Compat change id reported: 184838306; UID 10194; state: DISABLED
07-23 16:52:44.405   535  1468 D CompatibilityChangeReporter: Compat change id reported: 185004937; UID 10194; state: DISABLED
07-23 16:52:44.406   535  1468 D CompatibilityChangeReporter: Compat change id reported: 197654537; UID 10194; state: DISABLED
07-23 16:52:44.407   535  1468 D CompatibilityChangeReporter: Compat change id reported: 205907456; UID 10194; state: DISABLED
07-23 16:52:44.412   753   810 V WindowManagerShell: Transition requested: android.os.BinderProxy@acd1ca4 TransitionRequestInfo { type = OPEN, triggerTask = TaskInfo{userId=0 taskId=348 displayId=0 isRunning=true baseIntent=Intent { act=android.intent.action.MAIN cat=[android.intent.category.LAUNCHER] flg=0x10200000 cmp=com.swaglabsmobileapp/.SplashActivity } baseActivity=ComponentInfo{com.swaglabsmobileapp/com.swaglabsmobileapp.SplashActivity} topActivity=ComponentInfo{com.swaglabsmobileapp/com.swaglabsmobileapp.SplashActivity} origActivity=null realActivity=ComponentInfo{com.swaglabsmobileapp/com.swaglabsmobileapp.SplashActivity} numActivities=1 lastActiveTime=696284 supportsMultiWindow=true resizeMode=1 isResizeable=true minWidth=-1 minHeight=-1 defaultMinSize=220 token=WCT{android.window.IWindowContainerToken$Stub$Proxy@2e75a0d} topActivityType=1 pictureInPictureParams=null shouldDockBigOverlays=false launchIntoPipHostTaskId=-1 lastParentTaskIdBeforePip=-1 displayCutoutSafeInsets=Rect(0, 132 - 0, 0) topActivityInfo=ActivityInfo{cff7dc2 com.swaglabsmobileapp.SplashActivity} launchCookies=[] positionInParent=Point(0, 0) parentTaskId=-1 isFocused=false isVisible=false isVisibleRequested=false isSleeping=false topActivityInSizeCompat=false topActivityEligibleForLetterboxEducation= false topActivityLetterboxed= false isFromDoubleTap= false topActivityLetterboxVerticalPosition= -1 topActivityLetterboxHorizontalPosition= -1 topActivityLetterboxWidth=-1 topActivityLetterboxHeight=-1 locusId=null displayAreaFeatureId=1 cameraCompatControlState=hidden}, remoteTransition = null, displayChange = null }
07-23 16:52:44.417   535  1468 D CompatibilityChangeReporter: Compat change id reported: 194833441; UID 10194; state: DISABLED
07-23 16:52:44.417   535  1468 I ActivityTaskManager: START u0 {act=android.intent.action.MAIN cat=[android.intent.category.LAUNCHER] flg=0x10200000 cmp=com.swaglabsmobileapp/.SplashActivity} with LAUNCH_MULTIPLE from uid 2000 (BAL_ALLOW_PERMISSION) result code=0
07-23 16:52:44.419   535   554 D CompatibilityChangeReporter: Compat change id reported: 135634846; UID 10194; state: DISABLED
07-23 16:52:44.419   535   554 D CompatibilityChangeReporter: Compat change id reported: 177438394; UID 10194; state: DISABLED
07-23 16:52:44.419   535   554 D CompatibilityChangeReporter: Compat change id reported: 135772972; UID 10194; state: DISABLED
07-23 16:52:44.419   535   554 D CompatibilityChangeReporter: Compat change id reported: 135754954; UID 10194; state: DISABLED
07-23 16:52:44.420   535   562 D CompatibilityChangeReporter: Compat change id reported: 143937733; UID 10194; state: DISABLED
07-23 16:52:44.425   348   348 D Zygote  : Forked child process 6834
07-23 16:52:44.426   535   562 I ActivityManager: Start proc 6834:com.swaglabsmobileapp/u0a194 for next-top-activity {com.swaglabsmobileapp/com.swaglabsmobileapp.SplashActivity}
07-23 16:52:44.429   385   385 I BpBinder: onLastStrongRef automatically unlinking death recipients:
07-23 16:52:44.438   535   618 D CompatibilityChangeReporter: Compat change id reported: 265195908; UID 10194; state: ENABLED
07-23 16:52:44.451   535   842 D CoreBackPreview: Window{e974b42 u0 Splash Screen com.swaglabsmobileapp}: Setting back callback OnBackInvokedCallbackInfo{mCallback=android.window.IOnBackInvokedCallback$Stub$Proxy@f27009a, mPriority=0, mIsAnimationCallback=false}
07-23 16:52:44.456   753   855 E OpenGLRenderer: Unable to match the desired swap behavior.
07-23 16:52:44.468   993  1738 D EGL_emulation: app_time_stats: avg=97.99ms min=8.36ms max=1903.57ms count=23
07-23 16:52:44.482  6834  6834 I libc    : SetHeapTaggingLevel: tag level set to 0
07-23 16:52:44.484  6834  6834 I aglabsmobileapp: Using CollectorTypeCC GC.
07-23 16:52:44.489  6834  6834 E aglabsmobileapp: Not starting debugger since process cannot load the jdwp agent.
07-23 16:52:44.490   535   551 V WindowManager: Sent Transition #11 createdAt=07-23 16:52:44.400 via request=TransitionRequestInfo { type = OPEN, triggerTask = TaskInfo{userId=0 taskId=348 displayId=0 isRunning=true baseIntent=Intent { act=android.intent.action.MAIN cat=[android.intent.category.LAUNCHER] flg=0x10200000 cmp=com.swaglabsmobileapp/.SplashActivity } baseActivity=ComponentInfo{com.swaglabsmobileapp/com.swaglabsmobileapp.SplashActivity} topActivity=ComponentInfo{com.swaglabsmobileapp/com.swaglabsmobileapp.SplashActivity} origActivity=null realActivity=ComponentInfo{com.swaglabsmobileapp/com.swaglabsmobileapp.SplashActivity} numActivities=1 lastActiveTime=696284 supportsMultiWindow=true resizeMode=1 isResizeable=true minWidth=-1 minHeight=-1 defaultMinSize=220 token=WCT{RemoteToken{d8453fd Task{f06a9e1 #348 type=standard A=10194:com.swaglabsmobileapp}}} topActivityType=1 pictureInPictureParams=null shouldDockBigOverlays=false launchIntoPipHostTaskId=-1 lastParentTaskIdBeforePip=-1 displayCutoutSafeInsets=Rect(0, 132 - 0, 0) topActivityInfo=ActivityInfo{59d08f2 com.swaglabsmobileapp.SplashActivity} launchCookies=[] positionInParent=Point(0, 0) parentTaskId=-1 isFocused=false isVisible=false isVisibleRequested=false isSleeping=false topActivityInSizeCompat=false topActivityEligibleForLetterboxEducation= false topActivityLetterboxed= false isFromDoubleTap= false topActivityLetterboxVerticalPosition= -1 topActivityLetterboxHorizontalPosition= -1 topActivityLetterboxWidth=-1 topActivityLetterboxHeight=-1 locusId=null displayAreaFeatureId=1 cameraCompatControlState=hidden}, remoteTransition = null, displayChange = null }
07-23 16:52:44.490   535   551 V WindowManager:     startWCT=WindowContainerTransaction { changes = {} hops = [] errorCallbackToken=null taskFragmentOrganizer=null }
07-23 16:52:44.490   535   551 V WindowManager:     info={id=11 t=OPEN f=0x0 trk=0 r=[0@Point(0, 0)] c=[{WCT{RemoteToken{d8453fd Task{f06a9e1 #348 type=standard A=10194:com.swaglabsmobileapp}}} m=OPEN f=NONE leash=Surface(name=Task=348)/@0xfb0ba7 sb=Rect(0, 0 - 1080, 2400) eb=Rect(0, 0 - 1080, 2400) d=0},{WCT{RemoteToken{1cfd42b Task{f03de3 #1 type=home}}} m=TO_BACK f=SHOW_WALLPAPER leash=Surface(name=Task=1)/@0xf8f0fb6 sb=Rect(0, 0 - 1080, 2400) eb=Rect(0, 0 - 1080, 2400) d=0}]}
07-23 16:52:44.491   753   810 V WindowManagerShell: onTransitionReady android.os.BinderProxy@acd1ca4: {id=11 t=OPEN f=0x0 trk=0 r=[0@Point(0, 0)] c=[{WCT{android.window.IWindowContainerToken$Stub$Proxy@dd28561} m=OPEN f=NONE leash=Surface(name=Task=348)/@0x9917aba sb=Rect(0, 0 - 1080, 2400) eb=Rect(0, 0 - 1080, 2400) d=0},{WCT{android.window.IWindowContainerToken$Stub$Proxy@14c8886} m=TO_BACK f=SHOW_WALLPAPER leash=Surface(name=Task=1)/@0xc321d6b sb=Rect(0, 0 - 1080, 2400) eb=Rect(0, 0 - 1080, 2400) d=0}]}
07-23 16:52:44.491   753   810 V WindowManagerShell: Playing animation for (#11)android.os.BinderProxy@acd1ca4@0
07-23 16:52:44.491   753   810 V WindowManagerShell:  try handler com.android.wm.shell.transition.DefaultMixedHandler@258250f
07-23 16:52:44.491   753   810 V WindowManagerShell:  try handler com.android.wm.shell.keyguard.KeyguardTransitionHandler@36c899c
07-23 16:52:44.492   753   810 V WindowManagerShell:  try handler com.android.wm.shell.activityembedding.ActivityEmbeddingController@1cc4fa5
07-23 16:52:44.492   753   810 V WindowManagerShell:  try handler com.android.wm.shell.recents.RecentsTransitionHandler@1962a00
07-23 16:52:44.492   753   810 V ShellRecents: RecentsTransitionHandler.startAnimation: no controller found
07-23 16:52:44.492   753   810 V WindowManagerShell:  try handler com.android.wm.shell.pip.PipTransition@9bc1239
07-23 16:52:44.492   753   810 V WindowManagerShell:  try handler com.android.wm.shell.splitscreen.StageCoordinator@3b7507e
07-23 16:52:44.492   753   810 V WindowManagerShell:  try handler com.android.wm.shell.transition.RemoteTransitionHandler@f07d9df
07-23 16:52:44.492   753   810 V WindowManagerShell: Transition doesn't have explicit remote, search filters for match for {id=11 t=OPEN f=0x0 trk=0 r=[0@Point(0, 0)] c=[{WCT{android.window.IWindowContainerToken$Stub$Proxy@dd28561} m=OPEN f=NONE leash=Surface(name=Task=348)/@0x9917aba sb=Rect(0, 0 - 1080, 2400) eb=Rect(0, 0 - 1080, 2400) d=0},{WCT{android.window.IWindowContainerToken$Stub$Proxy@14c8886} m=TO_BACK f=SHOW_WALLPAPER leash=Surface(name=Task=1)/@0xc321d6b sb=Rect(0, 0 - 1080, 2400) eb=Rect(0, 0 - 1080, 2400) d=0}]}
07-23 16:52:44.492   753   810 V WindowManagerShell:  Checking filter Pair{{types=[] flags=0x0] notFlags=0x0 checks=[{atype=dream independent=true modes=[OPEN,TO_FRONT] flags=NONE mustBeTask=false order=ANY topActivity=null},{atype=home independent=true modes=[CLOSE,TO_BACK] flags=NONE mustBeTask=false order=ANY topActivity=null}]} RemoteTransition { remoteTransition = android.window.IRemoteTransition$Stub$Proxy@9d2dfed, appThread = android.app.IApplicationThread$Stub$Proxy@d51be22, debugName = LauncherToDream }}
07-23 16:52:44.492   753   810 V WindowManagerShell:  Checking filter Pair{{types=[] flags=0x0] notFlags=0x100 checks=[{atype=home independent=true modes=[OPEN,TO_FRONT] flags=NONE mustBeTask=false order=TOP topActivity=ComponentInfo{com.google.android.apps.nexuslauncher/com.google.android.apps.nexuslauncher.NexusLauncherActivity}},{atype=standard independent=true modes=[CLOSE,TO_BACK] flags=NONE mustBeTask=false order=ANY topActivity=null}]} RemoteTransition { remoteTransition = android.window.IRemoteTransition$Stub$Proxy@40880b3, appThread = android.app.IApplicationThread$Stub$Proxy@c478670, debugName = QuickstepLaunchHome }}
07-23 16:52:44.492   753   810 V WindowManagerShell:  Delegate animation for #11 to null
07-23 16:52:44.492   753   810 V WindowManagerShell:  try handler com.android.wm.shell.transition.DefaultTransitionHandler@20f3918
07-23 16:52:44.492   753   810 V WindowManagerShell: start default transition animation, info = {id=11 t=OPEN f=0x0 trk=0 r=[0@Point(0, 0)] c=[{WCT{android.window.IWindowContainerToken$Stub$Proxy@dd28561} m=OPEN f=NONE leash=Surface(name=Task=348)/@0x9917aba sb=Rect(0, 0 - 1080, 2400) eb=Rect(0, 0 - 1080, 2400) d=0},{WCT{android.window.IWindowContainerToken$Stub$Proxy@14c8886} m=TO_BACK f=SHOW_WALLPAPER leash=Surface(name=Task=1)/@0xc321d6b sb=Rect(0, 0 - 1080, 2400) eb=Rect(0, 0 - 1080, 2400) d=0}]}
07-23 16:52:44.493   753   810 V WindowManagerShell: loadAnimation: anim=android.view.animation.AnimationSet@192cee3 animAttr=0x13 type=OPEN isEntrance=false
07-23 16:52:44.494   753   810 V WindowManagerShell: loadAnimation: anim=android.view.animation.AnimationSet@919763f animAttr=0x12 type=OPEN isEntrance=true
07-23 16:52:44.495   753   810 V WindowManagerShell:  animated by com.android.wm.shell.transition.DefaultTransitionHandler@20f3918
07-23 16:52:44.507  6834  6834 D CompatibilityChangeReporter: Compat change id reported: 171979766; UID 10194; state: DISABLED
07-23 16:52:44.507  6834  6834 D CompatibilityChangeReporter: Compat change id reported: 242716250; UID 10194; state: DISABLED
07-23 16:52:44.509   535   842 D CompatibilityChangeReporter: Compat change id reported: 170503758; UID 10194; state: DISABLED
07-23 16:52:44.511   535   560 D IntervalStats: Unable to parse usage stats packages: [217, 227, 228, 229, 230, 231, 232, 234, 235, 236]
07-23 16:52:44.511   535   560 D IntervalStats: Unable to parse event packages: [236]
07-23 16:52:44.514  6834  6834 D ApplicationLoaders: Returning zygote-cached class loader: /system/framework/android.test.base.jar
07-23 16:52:44.515   535   560 D IntervalStats: Unable to parse usage stats packages: [237, 244, 251, 252, 255, 256, 257, 258, 259, 260, 261, 262, 263, 264, 265]
07-23 16:52:44.515   535   560 D IntervalStats: Unable to parse event packages: [251]
07-23 16:52:44.518  6834  6834 D nativeloader: Configuring clns-6 for other apk /data/app/~~YflcxMcXeOC897GlYNM4XA==/com.swaglabsmobileapp-1wgzl-X5zidYI7HGR0Irhw==/base.apk. target_sdk_version=28, uses_libraries=, library_path=/data/app/~~YflcxMcXeOC897GlYNM4XA==/com.swaglabsmobileapp-1wgzl-X5zidYI7HGR0Irhw==/lib/arm64:/data/app/~~YflcxMcXeOC897GlYNM4XA==/com.swaglabsmobileapp-1wgzl-X5zidYI7HGR0Irhw==/base.apk!/lib/arm64-v8a, permitted_path=/data:/mnt/expand:/data/user/0/com.swaglabsmobileapp
07-23 16:52:44.540  6834  6834 V GraphicsEnvironment: Currently set values for:
07-23 16:52:44.540  6834  6834 V GraphicsEnvironment:   angle_gl_driver_selection_pkgs=[]
07-23 16:52:44.541  6834  6834 V GraphicsEnvironment:   angle_gl_driver_selection_values=[]
07-23 16:52:44.541  6834  6834 V GraphicsEnvironment: ANGLE GameManagerService for com.swaglabsmobileapp: false
07-23 16:52:44.541  6834  6834 V GraphicsEnvironment: com.swaglabsmobileapp is not listed in per-application setting
07-23 16:52:44.541  6834  6834 V GraphicsEnvironment: Neither updatable production driver nor prerelease driver is supported.
07-23 16:52:44.546  1781  1781 I A       : onPause
07-23 16:52:44.550  6834  6834 D SoLoader: init start
07-23 16:52:44.550  6834  6834 D SoLoader: adding system library source: /vendor/lib
07-23 16:52:44.550  6834  6834 D SoLoader: adding system library source: /system/lib
07-23 16:52:44.550  6834  6834 D SoLoader: adding application source: com.facebook.soloader.DirectorySoSource[root = /data/app/~~YflcxMcXeOC897GlYNM4XA==/com.swaglabsmobileapp-1wgzl-X5zidYI7HGR0Irhw==/lib/arm64 flags = 0]
07-23 16:52:44.550  6834  6834 D SoLoader: adding backup source from : com.facebook.soloader.ApkSoSource[root = /data/user/0/com.swaglabsmobileapp/lib-main flags = 1]
07-23 16:52:44.551  6834  6834 D SoLoader: Preparing SO source: com.facebook.soloader.DirectorySoSource[root = /system/lib flags = 2]
07-23 16:52:44.551  6834  6834 D SoLoader: Preparing SO source: com.facebook.soloader.DirectorySoSource[root = /vendor/lib flags = 2]
07-23 16:52:44.551  6834  6834 D SoLoader: Preparing SO source: com.facebook.soloader.DirectorySoSource[root = /data/app/~~YflcxMcXeOC897GlYNM4XA==/com.swaglabsmobileapp-1wgzl-X5zidYI7HGR0Irhw==/lib/arm64 flags = 0]
07-23 16:52:44.551  6834  6834 D SoLoader: Preparing SO source: com.facebook.soloader.ApkSoSource[root = /data/user/0/com.swaglabsmobileapp/lib-main flags = 1]
07-23 16:52:44.552  6834  6834 V fb-UnpackingSoSource: locked dso store /data/user/0/com.swaglabsmobileapp/lib-main
07-23 16:52:44.552  6834  6834 V fb-UnpackingSoSource: deps mismatch on deps store: regenerating
07-23 16:52:44.552  6834  6834 V fb-UnpackingSoSource: so store dirty: regenerating
07-23 16:52:44.558  6834  6834 D ApkSoSource: not allowing consideration of lib/arm64-v8a/libc++_shared.so: deferring to libdir
07-23 16:52:44.558  6834  6834 D ApkSoSource: not allowing consideration of lib/arm64-v8a/libfb.so: deferring to libdir
07-23 16:52:44.558  6834  6834 D ApkSoSource: not allowing consideration of lib/arm64-v8a/libfolly_futures.so: deferring to libdir
07-23 16:52:44.558  6834  6834 D ApkSoSource: not allowing consideration of lib/arm64-v8a/libfolly_json.so: deferring to libdir
07-23 16:52:44.558  6834  6834 D ApkSoSource: not allowing consideration of lib/arm64-v8a/libglog.so: deferring to libdir
07-23 16:52:44.558  6834  6834 D ApkSoSource: not allowing consideration of lib/arm64-v8a/libglog_init.so: deferring to libdir
07-23 16:52:44.558  6834  6834 D ApkSoSource: not allowing consideration of lib/arm64-v8a/libimagepipeline.so: deferring to libdir
07-23 16:52:44.558  6834  6834 D ApkSoSource: not allowing consideration of lib/arm64-v8a/libjsc.so: deferring to libdir
07-23 16:52:44.558  6834  6834 D ApkSoSource: not allowing consideration of lib/arm64-v8a/libjscexecutor.so: deferring to libdir
07-23 16:52:44.558  6834  6834 D ApkSoSource: not allowing consideration of lib/arm64-v8a/libjsijniprofiler.so: deferring to libdir
07-23 16:52:44.558  6834  6834 D ApkSoSource: not allowing consideration of lib/arm64-v8a/libjsinspector.so: deferring to libdir
07-23 16:52:44.558  6834  6834 D ApkSoSource: not allowing consideration of lib/arm64-v8a/libnative-filters.so: deferring to libdir
07-23 16:52:44.558  6834  6834 D ApkSoSource: not allowing consideration of lib/arm64-v8a/libnative-imagetranscoder.so: deferring to libdir
07-23 16:52:44.558  6834  6834 D ApkSoSource: not allowing consideration of lib/arm64-v8a/libreactnativeblob.so: deferring to libdir
07-23 16:52:44.558  6834  6834 D ApkSoSource: not allowing consideration of lib/arm64-v8a/libreactnativejni.so: deferring to libdir
07-23 16:52:44.558  6834  6834 D ApkSoSource: not allowing consideration of lib/arm64-v8a/libyoga.so: deferring to libdir
07-23 16:52:44.558  6834  6834 V fb-UnpackingSoSource: regenerating DSO store com.facebook.soloader.ApkSoSource
07-23 16:52:44.559  6834  6834 V fb-UnpackingSoSource: Finished regenerating DSO store com.facebook.soloader.ApkSoSource
07-23 16:52:44.559  6834  6834 V fb-UnpackingSoSource: starting syncer worker
07-23 16:52:44.562  6834  6834 V fb-UnpackingSoSource: releasing dso store lock for /data/user/0/com.swaglabsmobileapp/lib-main (from syncer thread)
07-23 16:52:44.562  6834  6834 V fb-UnpackingSoSource: not releasing dso store lock for /data/user/0/com.swaglabsmobileapp/lib-main (syncer thread started)
07-23 16:52:44.562  6834  6834 D SoLoader: init finish: 4 SO sources prepared
07-23 16:52:44.562  6834  6834 D SoLoader: init exiting
07-23 16:52:44.568  6834  6834 W ziparchive: Unable to open '/data/app/~~Q-1D7St-TAxfFRJIUXwHbQ==/com.google.android.trichromelibrary_647813433-PYXcvYNdnH8rAgE4-jx1Bw==/base.dm': No such file or directory
07-23 16:52:44.568  6834  6834 W ziparchive: Unable to open '/data/app/~~Q-1D7St-TAxfFRJIUXwHbQ==/com.google.android.trichromelibrary_647813433-PYXcvYNdnH8rAgE4-jx1Bw==/base.dm': No such file or directory
07-23 16:52:44.570  6834  6834 W aglabsmobileapp: Entry not found
07-23 16:52:44.571  6834  6834 D nativeloader: Configuring clns-7 for other apk /data/app/~~Q-1D7St-TAxfFRJIUXwHbQ==/com.google.android.trichromelibrary_647813433-PYXcvYNdnH8rAgE4-jx1Bw==/base.apk. target_sdk_version=34, uses_libraries=ALL, library_path=/data/app/~~qHNpOrpHFYNV99Ynt6eQiw==/com.google.android.webview-5gu_fAS547vYtCcMbtKCdw==/lib/arm64:/data/app/~~qHNpOrpHFYNV99Ynt6eQiw==/com.google.android.webview-5gu_fAS547vYtCcMbtKCdw==/base.apk!/lib/arm64-v8a:/data/app/~~Q-1D7St-TAxfFRJIUXwHbQ==/com.google.android.trichromelibrary_647813433-PYXcvYNdnH8rAgE4-jx1Bw==/base.apk!/lib/arm64-v8a, permitted_path=/data:/mnt/expand
07-23 16:52:44.571  6834  6834 D ApplicationLoaders: Returning zygote-cached class loader: /system_ext/framework/androidx.window.extensions.jar
07-23 16:52:44.575  6834  6834 D nativeloader: Configuring clns-8 for other apk /data/app/~~qHNpOrpHFYNV99Ynt6eQiw==/com.google.android.webview-5gu_fAS547vYtCcMbtKCdw==/base.apk. target_sdk_version=34, uses_libraries=, library_path=/data/app/~~qHNpOrpHFYNV99Ynt6eQiw==/com.google.android.webview-5gu_fAS547vYtCcMbtKCdw==/lib/arm64:/data/app/~~qHNpOrpHFYNV99Ynt6eQiw==/com.google.android.webview-5gu_fAS547vYtCcMbtKCdw==/base.apk!/lib/arm64-v8a:/data/app/~~Q-1D7St-TAxfFRJIUXwHbQ==/com.google.android.trichromelibrary_647813433-PYXcvYNdnH8rAgE4-jx1Bw==/base.apk!/lib/arm64-v8a, permitted_path=/data:/mnt/expand
07-23 16:52:44.582  6834  6834 I WebViewFactory: Loading com.google.android.webview version 126.0.6478.134 (code 647813433)
07-23 16:52:44.600  1781  6113 V ClearcutMetricXmitter: Transmission is done.
07-23 16:52:44.610  6834  6834 I cr_WVCFactoryProvider: version=126.0.6478.134 (647813433) minSdkVersion=29 isBundle=true multiprocess=true packageId=2
07-23 16:52:44.631  6834  6858 I chromium: [0723/165244.625087:INFO:variations_seed_loader.cc(66)] Failed to open file for reading.: No such file or directory (2)
07-23 16:52:44.632  6834  6858 I chromium: [INFO:variations_seed_loader.cc(66)] Failed to open file for reading.: No such file or directory (2)
07-23 16:52:44.638  6834  6834 I cr_LibraryLoader: Successfully loaded native library
07-23 16:52:44.640  6834  6834 I cr_CachingUmaRecorder: Flushed 6 samples from 6 histograms, 0 samples were dropped.
07-23 16:52:44.646  6834  6834 I cr_CombinedPProvider: #registerProvider() provider:WV.a8@5d8856f isPolicyCacheEnabled:false policyProvidersSize:0
07-23 16:52:44.686   535   842 D ActivityManager: sync unfroze 3289 com.google.android.webview:webview_service for 6
07-23 16:52:44.687   535   842 D CompatibilityChangeReporter: Compat change id reported: 261072174; UID 10194; state: DISABLED
07-23 16:52:44.688   535  2704 D CompatibilityChangeReporter: Compat change id reported: 161145287; UID 10194; state: DISABLED
07-23 16:52:44.688  6834  6834 I cr_PolicyProvider: #setManagerAndSource() 0
07-23 16:52:44.689   535  2897 D CompatibilityChangeReporter: Compat change id reported: 135634846; UID 99002; state: DISABLED
07-23 16:52:44.689   535  2897 D CompatibilityChangeReporter: Compat change id reported: 177438394; UID 99002; state: DISABLED
07-23 16:52:44.689   535  2897 D CompatibilityChangeReporter: Compat change id reported: 135772972; UID 99002; state: DISABLED
07-23 16:52:44.689   535  2897 D CompatibilityChangeReporter: Compat change id reported: 135754954; UID 99002; state: ENABLED
07-23 16:52:44.690   535   562 D CompatibilityChangeReporter: Compat change id reported: 143937733; UID 10194; state: ENABLED
07-23 16:52:44.695   834   834 D Zygote  : Forked child process 6863
07-23 16:52:44.698   535   562 I ActivityManager: Start proc 6863:com.google.android.webview:sandboxed_process0:org.chromium.content.app.SandboxedProcessService0:0/u0i2 for  {com.swaglabsmobileapp/org.chromium.content.app.SandboxedProcessService0:0}
07-23 16:52:44.700  6863  6863 E libc    : SetHeapTaggingLevel: re-enabling tagging after it was disabled is not supported
07-23 16:52:44.702  6863  6863 I ocessService0:0: Using CollectorTypeCC GC.
07-23 16:52:44.707  6863  6863 E ocessService0:0: Not starting debugger since process cannot load the jdwp agent.
07-23 16:52:44.733  6863  6863 D CompatibilityChangeReporter: Compat change id reported: 171979766; UID 99002; state: ENABLED
07-23 16:52:44.733  6863  6863 D CompatibilityChangeReporter: Compat change id reported: 242716250; UID 99002; state: ENABLED
07-23 16:52:44.735  6834  6834 I cr_CombinedPProvider: #linkNativeInternal() 1
07-23 16:52:44.735  6834  6834 D CompatibilityChangeReporter: Compat change id reported: 183155436; UID 10194; state: DISABLED
07-23 16:52:44.736  6834  6834 I cr_AppResProvider: #getApplicationRestrictionsFromUserManager() Bundle[EMPTY_PARCEL]
07-23 16:52:44.736  6834  6834 I cr_PolicyProvider: #notifySettingsAvailable() 0
07-23 16:52:44.736  6834  6834 I cr_CombinedPProvider: #onSettingsAvailable() 0
07-23 16:52:44.736  6834  6834 I cr_CombinedPProvider: #flushPolicies()
07-23 16:52:44.736  6863  6863 D ApplicationLoaders: Returning zygote-cached class loader: /system_ext/framework/androidx.window.extensions.jar
07-23 16:52:44.738  6863  6863 I LoadedApk: No resource references to update in package com.google.android.trichromelibrary
07-23 16:52:44.738  6863  6863 I cr_WebViewApkApp: version=126.0.6478.134 (647813433) minSdkVersion=29 isBundle=true processName=com.google.android.webview:sandboxed_process0:org.chromium.content.app.SandboxedProcessService0:0
07-23 16:52:44.739   535  2897 I ActivityManager: Flag disabled. Ignoring finishAttachApplication from uid: 99002. pid: 6863
07-23 16:52:44.739  6863  6863 W SystemServiceRegistry: No service published for: virtualdevice
07-23 16:52:44.740  6863  6863 I cr_ChildProcessService: Creating new ChildProcessService pid=6863
07-23 16:52:44.780   753   810 V WindowManagerShell: Transition animation finished (aborted=false), notifying core (#11)android.os.BinderProxy@acd1ca4@0
07-23 16:52:44.782   535   551 V WindowManager: Finish Transition #11: created at 07-23 16:52:44.400 collect-started=0.034ms request-sent=10.092ms started=17.838ms ready=88.575ms sent=89.582ms finished=380.996ms
07-23 16:52:44.783   753   810 V WindowManagerShell: Track 0 became idle
07-23 16:52:44.783   753   810 V WindowManagerShell: All active transition animations finished
07-23 16:52:44.799   535   625 D ActivityManager: freezing 6303 com.google.android.apps.youtube.music
07-23 16:52:44.832  6834  6886 E chromium: [ERROR:simple_file_enumerator.cc(21)] opendir /data/user/0/com.swaglabsmobileapp/cache/WebView/Default/HTTP Cache/Code Cache/wasm: No such file or directory (2)
07-23 16:52:44.832  6834  6886 E chromium: [ERROR:simple_index_file.cc(615)] Could not reconstruct index from disk
07-23 16:52:44.832  6834  6881 E chromium: [ERROR:simple_file_enumerator.cc(21)] opendir /data/user/0/com.swaglabsmobileapp/cache/WebView/Default/HTTP Cache/Code Cache/js: No such file or directory (2)
07-23 16:52:44.832  6834  6881 E chromium: [ERROR:simple_index_file.cc(615)] Could not reconstruct index from disk
07-23 16:52:44.836   535  2704 W ProcessStats: Tracking association SourceState{61c41a com.google.android.gms/10129 BTop #5413} whose proc state 2 is better than process ProcessState{a986289 com.google.android.gms.persistent/10129 pkg=com.google.android.gms} proc state 14 (1183 skipped)
07-23 16:52:44.840  6834  6834 D CompatibilityChangeReporter: Compat change id reported: 214741472; UID 10194; state: DISABLED
07-23 16:52:44.841   535   842 I ActivityManager: Flag disabled. Ignoring finishAttachApplication from uid: 10194. pid: 6834
07-23 16:52:44.857   753   770 W System  : A resource failed to call release.
07-23 16:52:44.857   753   770 W System  : A resource failed to call release.
07-23 16:52:44.864  6834  6901 D libEGL  : loaded /vendor/lib64/egl/libEGL_emulation.so
07-23 16:52:44.865  6834  6901 D libEGL  : loaded /vendor/lib64/egl/libGLESv1_CM_emulation.so
07-23 16:52:44.868  6834  6901 D libEGL  : loaded /vendor/lib64/egl/libGLESv2_emulation.so
07-23 16:52:44.868   753   810 V WindowManagerShell: Transition requested: android.os.BinderProxy@c23bb4d TransitionRequestInfo { type = OPEN, triggerTask = TaskInfo{userId=0 taskId=348 displayId=0 isRunning=true baseIntent=Intent { act=android.intent.action.MAIN cat=[android.intent.category.LAUNCHER] flg=0x10200000 cmp=com.swaglabsmobileapp/.SplashActivity } baseActivity=ComponentInfo{com.swaglabsmobileapp/com.swaglabsmobileapp.SplashActivity} topActivity=ComponentInfo{com.swaglabsmobileapp/com.swaglabsmobileapp.MainActivity} origActivity=null realActivity=ComponentInfo{com.swaglabsmobileapp/com.swaglabsmobileapp.SplashActivity} numActivities=2 lastActiveTime=696742 supportsMultiWindow=true resizeMode=1 isResizeable=true minWidth=-1 minHeight=-1 defaultMinSize=220 token=WCT{android.window.IWindowContainerToken$Stub$Proxy@8d66602} topActivityType=1 pictureInPictureParams=null shouldDockBigOverlays=false launchIntoPipHostTaskId=-1 lastParentTaskIdBeforePip=-1 displayCutoutSafeInsets=Rect(0, 132 - 0, 0) topActivityInfo=ActivityInfo{dea3b13 com.swaglabsmobileapp.MainActivity} launchCookies=[] positionInParent=Point(0, 0) parentTaskId=-1 isFocused=true isVisible=true isVisibleRequested=true isSleeping=false topActivityInSizeCompat=false topActivityEligibleForLetterboxEducation= false topActivityLetterboxed= false isFromDoubleTap= false topActivityLetterboxVerticalPosition= -1 topActivityLetterboxHorizontalPosition= -1 topActivityLetterboxWidth=-1 topActivityLetterboxHeight=-1 locusId=null displayAreaFeatureId=1 cameraCompatControlState=hidden}, remoteTransition = null, displayChange = null }
07-23 16:52:44.868   535  1358 I ActivityTaskManager: START u0 {cmp=com.swaglabsmobileapp/.MainActivity} with LAUNCH_SINGLE_TASK from uid 10194 (BAL_ALLOW_VISIBLE_WINDOW) result code=0
07-23 16:52:44.879   385   385 I BpBinder: onLastStrongRef automatically unlinking death recipients:
07-23 16:52:44.882   535   551 V WindowManager: Sent Transition #12 createdAt=07-23 16:52:44.866 via request=TransitionRequestInfo { type = OPEN, triggerTask = TaskInfo{userId=0 taskId=348 displayId=0 isRunning=true baseIntent=Intent { act=android.intent.action.MAIN cat=[android.intent.category.LAUNCHER] flg=0x10200000 cmp=com.swaglabsmobileapp/.SplashActivity } baseActivity=ComponentInfo{com.swaglabsmobileapp/com.swaglabsmobileapp.SplashActivity} topActivity=ComponentInfo{com.swaglabsmobileapp/com.swaglabsmobileapp.MainActivity} origActivity=null realActivity=ComponentInfo{com.swaglabsmobileapp/com.swaglabsmobileapp.SplashActivity} numActivities=2 lastActiveTime=696742 supportsMultiWindow=true resizeMode=1 isResizeable=true minWidth=-1 minHeight=-1 defaultMinSize=220 token=WCT{RemoteToken{d8453fd Task{f06a9e1 #348 type=standard A=10194:com.swaglabsmobileapp}}} topActivityType=1 pictureInPictureParams=null shouldDockBigOverlays=false launchIntoPipHostTaskId=-1 lastParentTaskIdBeforePip=-1 displayCutoutSafeInsets=Rect(0, 132 - 0, 0) topActivityInfo=ActivityInfo{ef90df1 com.swaglabsmobileapp.MainActivity} launchCookies=[] positionInParent=Point(0, 0) parentTaskId=-1 isFocused=true isVisible=true isVisibleRequested=true isSleeping=false topActivityInSizeCompat=false topActivityEligibleForLetterboxEducation= false topActivityLetterboxed= false isFromDoubleTap= false topActivityLetterboxVerticalPosition= -1 topActivityLetterboxHorizontalPosition= -1 topActivityLetterboxWidth=-1 topActivityLetterboxHeight=-1 locusId=null displayAreaFeatureId=1 cameraCompatControlState=hidden}, remoteTransition = null, displayChange = null }
07-23 16:52:44.882   535   551 V WindowManager:     startWCT=WindowContainerTransaction { changes = {} hops = [] errorCallbackToken=null taskFragmentOrganizer=null }
07-23 16:52:44.882   535   551 V WindowManager:     info={id=12 t=OPEN f=0x0 trk=0 r=[0@Point(0, 0)] c=[{null m=OPEN f=STARTING_WINDOW_TRANSFER|FILLS_TASK|IS_BEHIND_STARTING_WINDOW leash=Surface(name=ActivityRecord{b2cc5bd u0 com.swaglabsmobileapp/.MainActivity)/@0x17af7b sb=Rect(0, 0 - 0, 0) eb=Rect(0, 0 - 1080, 2400) d=-1->0 r=-1->0:-1},{null m=CLOSE f=FILLS_TASK|IS_BEHIND_STARTING_WINDOW leash=Surface(name=ActivityRecord{9a33748 u0 com.swaglabsmobileapp/.SplashActivity)/@0xdc8cb0a sb=Rect(0, 0 - 1080, 2400) eb=Rect(0, 0 - 1080, 2400) d=0}]}
07-23 16:52:44.883   753   810 V WindowManagerShell: onTransitionReady android.os.BinderProxy@c23bb4d: {id=12 t=OPEN f=0x0 trk=0 r=[0@Point(0, 0)] c=[{null m=OPEN f=STARTING_WINDOW_TRANSFER|FILLS_TASK|IS_BEHIND_STARTING_WINDOW leash=Surface(name=ActivityRecord{b2cc5bd u0 com.swaglabsmobileapp/.MainActivity)/@0x534329d sb=Rect(0, 0 - 0, 0) eb=Rect(0, 0 - 1080, 2400) d=-1->0 r=-1->0:-1},{null m=CLOSE f=FILLS_TASK|IS_BEHIND_STARTING_WINDOW leash=Surface(name=ActivityRecord{9a33748 u0 com.swaglabsmobileapp/.SplashActivity)/@0x1139312 sb=Rect(0, 0 - 1080, 2400) eb=Rect(0, 0 - 1080, 2400) d=0}]}
07-23 16:52:44.883   753   810 V WindowManagerShell: Non-visible anim so abort: (#12)android.os.BinderProxy@c23bb4d@0
07-23 16:52:44.883   753   810 V WindowManagerShell: Transition animation finished (aborted=true), notifying core (#12)android.os.BinderProxy@c23bb4d@0
07-23 16:52:44.884   535   551 V WindowManager: Finish Transition #12: created at 07-23 16:52:44.866 collect-started=0.014ms request-sent=1.777ms started=2.749ms ready=12.717ms sent=16.347ms finished=17.682ms
07-23 16:52:44.885   753   810 V WindowManagerShell: Track 0 became idle
07-23 16:52:44.885   753   810 V WindowManagerShell: All active transition animations finished
07-23 16:52:44.886  6834  6834 D SoLoader: About to load: libjscexecutor.so
07-23 16:52:44.886  6834  6834 D SoLoader: libjscexecutor.so not found on /data/user/0/com.swaglabsmobileapp/lib-main
07-23 16:52:44.886  6834  6834 D SoLoader: libjscexecutor.so found on /data/app/~~YflcxMcXeOC897GlYNM4XA==/com.swaglabsmobileapp-1wgzl-X5zidYI7HGR0Irhw==/lib/arm64
07-23 16:52:44.886  6834  6834 D SoLoader: Not resolving dependencies for libjscexecutor.so
07-23 16:52:44.900  6834  6834 D JavaScriptCore.Version: 245459.0.0
07-23 16:52:44.900  6834  6834 D SoLoader: Loaded: libjscexecutor.so
07-23 16:52:44.900  6834  6834 D ReactNative: ReactInstanceManager.ctor()
07-23 16:52:44.900  6834  6834 D SoLoader: init exiting
07-23 16:52:44.901  6834  6834 D ReactNative: ReactInstanceManager.createReactContextInBackground()
07-23 16:52:44.901  6834  6834 D ReactNative: ReactInstanceManager.recreateReactContextInBackgroundInner()
07-23 16:52:44.901  6834  6834 D ReactNative: ReactInstanceManager.recreateReactContextInBackgroundFromBundleLoader()
07-23 16:52:44.901  6834  6834 D ReactNative: ReactInstanceManager.recreateReactContextInBackground()
07-23 16:52:44.901  6834  6834 D ReactNative: ReactInstanceManager.runCreateReactContextOnNewThread()
07-23 16:52:44.914  6834  6904 D SoLoader: About to load: libreactnativejni.so
07-23 16:52:44.915  6834  6904 D SoLoader: libreactnativejni.so not found on /data/user/0/com.swaglabsmobileapp/lib-main
07-23 16:52:44.915  6834  6904 D SoLoader: libreactnativejni.so found on /data/app/~~YflcxMcXeOC897GlYNM4XA==/com.swaglabsmobileapp-1wgzl-X5zidYI7HGR0Irhw==/lib/arm64
07-23 16:52:44.915  6834  6904 D SoLoader: Not resolving dependencies for libreactnativejni.so
07-23 16:52:44.916  6834  6904 D SoLoader: Loaded: libreactnativejni.so
07-23 16:52:44.917  6834  6904 D SoLoader: About to load: libfb.so
07-23 16:52:44.917  6834  6904 D SoLoader: libfb.so not found on /data/user/0/com.swaglabsmobileapp/lib-main
07-23 16:52:44.917  6834  6904 D SoLoader: libfb.so found on /data/app/~~YflcxMcXeOC897GlYNM4XA==/com.swaglabsmobileapp-1wgzl-X5zidYI7HGR0Irhw==/lib/arm64
07-23 16:52:44.917  6834  6904 D SoLoader: Not resolving dependencies for libfb.so
07-23 16:52:44.918  6834  6904 D SoLoader: About to load: libfb.so
07-23 16:52:44.918  6834  6904 D SoLoader: libfb.so not found on /data/user/0/com.swaglabsmobileapp/lib-main
07-23 16:52:44.918  6834  6904 D SoLoader: libfb.so found on /data/app/~~YflcxMcXeOC897GlYNM4XA==/com.swaglabsmobileapp-1wgzl-X5zidYI7HGR0Irhw==/lib/arm64
07-23 16:52:44.918  6834  6904 D SoLoader: Not resolving dependencies for libfb.so
07-23 16:52:44.918  6834  6904 I aglabsmobileapp: Thread[30,tid=6904,Native,Thread*=0x71cf658eb0,peer=0x132cf108,"create_react_context"] recursive attempt to load library "/data/app/~~YflcxMcXeOC897GlYNM4XA==/com.swaglabsmobileapp-1wgzl-X5zidYI7HGR0Irhw==/lib/arm64/libfb.so"
07-23 16:52:44.918  6834  6904 D SoLoader: Loaded: libfb.so
07-23 16:52:44.919  6834  6904 D SoLoader: Loaded: libfb.so
07-23 16:52:44.919  6834  6904 D ReactNative: ReactInstanceManager.createReactContext()
07-23 16:52:44.922  6834  6834 D CompatibilityChangeReporter: Compat change id reported: 237531167; UID 10194; state: DISABLED
07-23 16:52:44.923  6834  6834 W OpenGLRenderer: Unknown dataspace 0
07-23 16:52:44.927  6834  6904 I RNFusedLocation: RNFusedLocation initialized
07-23 16:52:44.932   535   842 D CoreBackPreview: Window{8f89fe5 u0 com.swaglabsmobileapp/com.swaglabsmobileapp.MainActivity}: Setting back callback OnBackInvokedCallbackInfo{mCallback=android.window.IOnBackInvokedCallback$Stub$Proxy@aa1ee3, mPriority=0, mIsAnimationCallback=false}
07-23 16:52:44.936   385   438 W ServiceManagerCppClient: Permission failure: android.permission.ROTATE_SURFACE_FLINGER from uid=10194 pid=6834
07-23 16:52:44.936   385   438 D PermissionCache: checking android.permission.ROTATE_SURFACE_FLINGER for uid=10194 => denied (1100 us)
07-23 16:52:44.936   385   438 W ServiceManagerCppClient: Permission failure: android.permission.INTERNAL_SYSTEM_WINDOW from uid=10194 pid=6834
07-23 16:52:44.936   385   438 D PermissionCache: checking android.permission.INTERNAL_SYSTEM_WINDOW for uid=10194 => denied (64 us)
07-23 16:52:44.936   385   434 W ServiceManagerCppClient: Permission failure: android.permission.ROTATE_SURFACE_FLINGER from uid=10194 pid=0
07-23 16:52:44.936   385   434 D PermissionCache: checking android.permission.ROTATE_SURFACE_FLINGER for uid=10194 => denied (1276 us)
07-23 16:52:44.936   385   438 W ServiceManagerCppClient: Permission failure: android.permission.ACCESS_SURFACE_FLINGER from uid=10194 pid=6834
07-23 16:52:44.936   385   438 D PermissionCache: checking android.permission.ACCESS_SURFACE_FLINGER for uid=10194 => denied (60 us)
07-23 16:52:44.936   385   434 W ServiceManagerCppClient: Permission failure: android.permission.ACCESS_SURFACE_FLINGER from uid=10194 pid=0
07-23 16:52:44.936   385   434 D PermissionCache: checking android.permission.ACCESS_SURFACE_FLINGER for uid=10194 => denied (335 us)
07-23 16:52:44.939  6834  6904 D ReactNative: Initializing React Xplat Bridge.
07-23 16:52:44.939  6834  6904 D ReactNative: Initializing React Xplat Bridge before initializeBridge
07-23 16:52:44.941  6834  6899 W OpenGLRenderer: Failed to choose config with EGL_SWAP_BEHAVIOR_PRESERVED, retrying without...
07-23 16:52:44.941  6834  6899 W OpenGLRenderer: Failed to initialize 101010-2 format, error = EGL_SUCCESS
07-23 16:52:44.953   535   535 W AccessibilityManagerService:  wait for adding window timeout: 26
07-23 16:52:44.953   159   159 I hwservicemanager: getTransport: Cannot find entry android.hardware.graphics.mapper@4.0::IMapper/default in either framework or device VINTF manifest.
07-23 16:52:44.954  6834  6904 D ReactNative: Initializing React Xplat Bridge after initializeBridge
07-23 16:52:44.954  6834  6899 I Gralloc4: mapper 4.x is not supported
