        5004
    );
    maxArrayCount = 2147483647;
    maxChildren = 2147483647;
    maxDepth = 50;
    snapshotKeyHonorModalViews = 0;
    traverseFromParentsToChildren = 1;
}
2024-07-23 17:38:19.476 Df testmanagerd[2352:3439] [com.apple.dt.xctest:Default] Snapshot attributes 2001, 2086, 2004, 5043, 2123, 2129, 5019, 5034, 2020, 5009, 2094, 2087, 2158, 5041, 2003, 2021, 5063, 5002, 5058, 5042, 5003, 5004
2024-07-23 17:38:19.491 Df testmanagerd[2352:3439] [com.apple.dt.xctest:Default] Got snapshot for <AXUIElementRef 0x600000c0f990> {pid=3308} {uid=[ID:1 hash:0x0]}
2024-07-23 17:38:19.491 Df testmanagerd[2352:3439] [com.apple.dt.xctest:Default] Got app orientation 0
2024-07-23 17:38:19.491 Df testmanagerd[2352:3439] [com.apple.dt.xctest:Default] Captured accessibility snapshot data in 0.02s
2024-07-23 17:38:19.491 Df testmanagerd[2352:57d2] [com.apple.dt.xctest:Default] Checking 'wdiodemoapp' for privileged AX value slot attributes
2024-07-23 17:38:19.491 Df testmanagerd[2352:57d2] [com.apple.dt.xctest:Default] Found main window: Window, {{0.0, 0.0}, {393.0, 852.0}}
2024-07-23 17:38:19.491 Df testmanagerd[2352:57d2] [com.apple.dt.xctest:Default] Checking 'Home' for privileged AX value slot attributes
2024-07-23 17:38:19.491 Df testmanagerd[2352:57d2] [com.apple.dt.xctest:Default] Checking 'Webview' for privileged AX value slot attributes
2024-07-23 17:38:19.491 Df testmanagerd[2352:57d2] [com.apple.dt.xctest:Default] Checking 'Login' for privileged AX value slot attributes
2024-07-23 17:38:19.491 Df testmanagerd[2352:57d2] [com.apple.dt.xctest:Default] Checking 'Forms' for privileged AX value slot attributes
2024-07-23 17:38:19.491 Df testmanagerd[2352:57d2] [com.apple.dt.xctest:Default] Checking 'Swipe' for privileged AX value slot attributes
2024-07-23 17:38:19.491 Df testmanagerd[2352:57d2] [com.apple.dt.xctest:Default] Checking 'Drag' for privileged AX value slot attributes
2024-07-23 17:38:19.598 Df searchd[3310:5c39] [com.apple.xpc:connection] [0x600003d00000] activating connection: mach=true listener=false peer=false name=com.apple.cfprefsd.daemon
2024-07-23 17:38:19.598 Df cfprefsd[1582:52d7] [com.apple.xpc:connection] [0x100e05020] activating connection: mach=false listener=false peer=true name=com.apple.cfprefsd.daemon.peer[3310].0x100e05020
2024-07-23 17:38:19.598 E  cfprefsd[1582:52d7] [com.apple.defaults:cfprefsd] Couldn't open parent path due to [2: No such file or directory]
2024-07-23 17:38:19.599 E  cfprefsd[1582:52d7] [com.apple.defaults:cfprefsd] Couldn't open parent path due to [2: No such file or directory]
2024-07-23 17:38:19.599 E  cfprefsd[1582:52d7] [com.apple.defaults:cfprefsd] Couldn't open parent path due to [2: No such file or directory]
2024-07-23 17:38:19.599 E  cfprefsd[1582:52d7] [com.apple.defaults:cfprefsd] Couldn't open parent path due to [2: No such file or directory]
2024-07-23 17:38:19.599 E  cfprefsd[1582:52d7] [com.apple.defaults:cfprefsd] Couldn't open parent path due to [2: No such file or directory]
2024-07-23 17:38:19.599 Df searchd[3310:5c39] [com.apple.spotlight:default] searchd starting, pid:3310
2024-07-23 17:38:19.600 A  searchd[3310:5c39] (CoreFoundation) Loading Preferences From User Session CFPrefsD
2024-07-23 17:38:19.600 Df SpringBoard[1543:57f2] (SpotlightUI) Send apps:17 hidden:0
2024-07-23 17:38:19.600 Df searchd[3310:5c39] (AggregateDictionary) AggregateDictionary is not supported on this platform
2024-07-23 17:38:19.600 E  cfprefsd[1582:52d7] [com.apple.defaults:cfprefsd] Couldn't open parent path due to [2: No such file or directory]
2024-07-23 17:38:19.600 E  cfprefsd[1582:52d7] [com.apple.defaults:cfprefsd] Couldn't open parent path due to [2: No such file or directory]
2024-07-23 17:38:19.600 E  cfprefsd[1582:52d7] [com.apple.defaults:cfprefsd] Couldn't open parent path due to [2: No such file or directory]
2024-07-23 17:38:19.601 Df searchd[3310:5c39] [com.apple.DataDeliveryServices:Default] Adding observer for DDS asset update notification for asset type: (com.apple.MobileAsset.LinguisticData)
2024-07-23 17:38:19.601 Df searchd[3310:5c39] [com.apple.DataDeliveryServices:Default] Adding observer for DDS asset update notification for asset type: (com.apple.MobileAsset.LinguisticDataAuto)
2024-07-23 17:38:19.611 E  cfprefsd[1582:52d7] [com.apple.defaults:cfprefsd] Couldn't open parent path due to [2: No such file or directory]
2024-07-23 17:38:19.611 E  cfprefsd[1582:52d7] [com.apple.defaults:cfprefsd] Couldn't open parent path due to [2: No such file or directory]
2024-07-23 17:38:19.611 E  cfprefsd[1582:52d7] [com.apple.defaults:cfprefsd] Couldn't open parent path due to [2: No such file or directory]
2024-07-23 17:38:19.612 Df searchd[3310:5c39] [com.apple.spotlight.resources:General] [SR_INFO][DefaultsManager] loading defaults at path </Library/Developer/CoreSimulator/Volumes/iOS_21E213/Library/Developer/CoreSimulator/Profiles/Runtimes/iOS 17.4.simruntime/Contents/Resources/RuntimeRoot/System/Library/PrivateFrameworks/SpotlightResources.framework/RequiredAssets_root.bundle>
2024-07-23 17:38:19.621 Df searchd[3310:5c39] [com.apple.spotlight.resources:General] [SR_INFO][DefaultsManager] (_loadAssets) loading asset: root, QueryParser, Required, /Library/Developer/CoreSimulator/Volumes/iOS_21E213/Library/Developer/CoreSimulator/Profiles/Runtimes/iOS 17.4.simruntime/Contents/Resources/RuntimeRoot/System/Library/PrivateFrameworks/SpotlightResources.framework/RequiredAssets_root.bundle/AssetData/parser/reference.mdplist,/Library/Developer/CoreSimulator/Volumes/iOS_21E213/Library/Developer/CoreSimulator/Profiles/Runtimes/iOS 17.4.simruntime/Contents/Resources/RuntimeRoot/System/Library/PrivateFrameworks/SpotlightResources.framework/RequiredAssets_root.bundle/AssetData/parser/cfg.plist
2024-07-23 17:38:19.621 Df searchd[3310:5c39] [com.apple.spotlight.resources:General] [SR_INFO][DefaultsManager] (_loadAssets) loading asset: root, SpotlightServices, Required, /Library/Developer/CoreSimulator/Volumes/iOS_21E213/Library/Developer/CoreSimulator/Profiles/Runtimes/iOS 17.4.simruntime/Contents/Resources/RuntimeRoot/System/Library/PrivateFrameworks/SpotlightResources.framework/RequiredAssets_root.bundle/AssetData/spotlightservices/abbreviations.mdplist,/Library/Developer/CoreSimulator/Volumes/iOS_21E213/Library/Developer/CoreSimulator/Profiles/Runtimes/iOS 17.4.simruntime/Contents/Resources/RuntimeRoot/System/Library/PrivateFrameworks/SpotlightResources.framework/RequiredAssets_root.bundle/AssetData/spotlightservices/directives_l2.mdplist,/Library/Developer/CoreSimulator/Volumes/iOS_21E213/Library/Developer/CoreSimulator/Profiles/Runtimes/iOS 17.4.simruntime/Contents/Resources/RuntimeRoot/System/Library/PrivateFrameworks/SpotlightResources.framework/RequiredAssets_root.bundle/AssetData/spotlightservices/appExtras.mdplist,/Library/Developer/CoreSimulator/Volumes/iOS_21E213/Library/Developer/CoreSimulator/Profiles/<…>
2024-07-23 17:38:19.625 Df searchd[3310:5c39] [com.apple.spotlight.resources:General] [SR_INFO][DefaultsManager] loading assets at path </Library/Developer/CoreSimulator/Volumes/iOS_21E213/Library/Developer/CoreSimulator/Profiles/Runtimes/iOS 17.4.simruntime/Contents/Resources/RuntimeRoot/System/Library/PrivateFrameworks/SpotlightResources.framework/RequiredAssets_en.bundle>
2024-07-23 17:38:19.625 Df searchd[3310:5c39] [com.apple.spotlight.resources:General] [SR_INFO][DefaultsManager] (addFetchForLocale) asset fetch for locale: en_IN
2024-07-23 17:38:19.625 Df searchd[3310:5c3b] [com.apple.spotlight.resources:General] [SR_INFO][DefaultsManager] (AssetServerInit) configure asset type: com.apple.MobileAsset.SpotlightResources (1)
2024-07-23 17:38:19.625 Df searchd[3310:5c39] [com.apple.trial:_] Initializing TRIClient. Trial version: TrialXP_Sim-399.7
2024-07-23 17:38:19.626 Df searchd[3310:5c39] [com.apple.trial:_] TRIStandardPaths 0x600000c0e640 (no container): using Trial root dir /Users/appinventiv/Library/Developer/CoreSimulator/Devices/04077649-5DD1-48EA-A3F0-8DED1ADC3EEB/data/Library/Trial
2024-07-23 17:38:19.626 Df searchd[3310:5c3b] (libMobileGestalt.dylib) No persisted cache on this platform.
2024-07-23 17:38:19.627 Df searchd[3310:5c3b] [com.apple.xpc:connection] [0x1014045b0] activating connection: mach=true listener=false peer=false name=com.apple.mobileassetd.v2
2024-07-23 17:38:19.627 Df searchd[3310:5c3b] [com.apple.mobileassetd:Notice] -[MAXpcManager ensureConnection]: Creating client/daemon connection: A59E6A05-7433-4968-AE66-2A01C626E23B
2024-07-23 17:38:19.627 Df mobileassetd[1624:52d5] [com.apple.xpc:connection] [0x1014061c0] activating connection: mach=false listener=false peer=true name=com.apple.mobileassetd.v2.peer[3310].0x1014061c0
2024-07-23 17:38:19.628 Df mobileassetd[1624:58a4] [com.apple.mobileassetd:Notice] -[ControlManager handleClientConnection:on:]_block_invoke: assetType: com.apple.MobileAsset.SpotlightResources client: searchd, command: 1 (MA_QUERY_ASSET_TYPE)
2024-07-23 17:38:19.628 Df mobileassetd[1624:58a4] [com.apple.mobileassetd:Notice] -[ControlManager handleClientConnection:on:]_block_invoke: searchd issued query command for com.apple.MobileAsset.SpotlightResources
2024-07-23 17:38:19.628 Df mobileassetd[1624:58a4] [com.apple.mobileassetd:Notice] -[ControlManager handleQueryRequest:clientName:connection:message:]: searchd queried for: com.apple.MobileAsset.SpotlightResources with returnType of: 2 (MAUnionOfCatalogInstalled) - will not block on network by client request
2024-07-23 17:38:19.628 Df mobileassetd[1624:52d5] [com.apple.mobileassetd:Notice] -[ControlManager handleQueryRequest:clientName:connection:message:]_block_invoke: [CONTROL_MANAGER_ASSET_QUEUE] {handleQueryRequest} !getDownloadState | determineAssets...
2024-07-23 17:38:19.628 Df mobileassetd[1624:52d5] [com.apple.mobileassetd:Notice] -[ControlManager determineAssets:clientName:connection:downloadingTasks:message:resultTypes:queryArray:isForSpecificAsset:specificAssetId:specificAllowedDifferences:]: searchd queried for: com.apple.MobileAsset.SpotlightResources with returnType of: 2 with Purpose: (null)
2024-07-23 17:38:19.628 Df mobileassetd[1624:52d5] [com.apple.mobileassetd:Notice] -[ControlManager newCatalogLoad:withPurpose:]: Catalog fileLocation: /Users/appinventiv/Library/Developer/CoreSimulator/Devices/04077649-5DD1-48EA-A3F0-8DED1ADC3EEB/data/private/var/MobileAsset/AssetsV2/com_apple_MobileAsset_SpotlightResources/com_apple_MobileAsset_SpotlightResources.xml
2024-07-23 17:38:19.630 Df searchd[3310:5c39] [com.apple.trial:_] Finished lazy initialization of TRIClient
2024-07-23 17:38:19.631 Df searchd[3310:5c39] [com.apple.trial:_] adding update handler 0 for namespace SPOTLIGHT_RANKING_RULES
2024-07-23 17:38:19.632 Df searchd[3310:5c39] [com.apple.spotlight.resources:General] Trial update handler called for namespace 334
2024-07-23 17:38:19.633 Df mobileassetd[1624:52d5] [com.apple.mobileassetd:Notice] -[ControlManager determineAssets:clientName:connection:downloadingTasks:message:resultTypes:queryArray:isForSpecificAsset:specificAssetId:specificAllowedDifferences:]: searchd queried for: com.apple.MobileAsset.SpotlightResources with returnTypes 2 (MAUnionOfCatalogInstalled) and found 0 assets with result 0 (MAQuerySuccessful) --> From 47 listed in the catalog and 0 local (0/0 downloaded, 0 preinstalled)--> Catalog info ({     isLiveServer = 1; }) --> Filtered for MAUnionOfCatalogInstalled to 0 in catalog (0 installed, 0 server-only, 0 preinstalled), 0 installedNotInCatalog, 0 installedWithOS, 0 requiredByOS; the query params are: [ AssetLocale:'en' and _CompatibilityVersion:'1' and _SupportedPlatforms:'iOS Simulator'] --> Merged to 0 assets
2024-07-23 17:38:19.633 Df mobileassetd[1624:52d5] [com.apple.mobileassetd:Notice] -[ControlManager handleQueryRequest:clientName:connection:message:]_block_invoke: [CONTROL_MANAGER_ASSET_QUEUE] {handleQueryRequest} !getDownloadState | ...determineAssets
2024-07-23 17:38:19.633 Df searchd[3310:5c3b] [com.apple.mobileassetd:Notice] -[MAAssetQuery getResultsFromMessage:]: Got the query meta data reply for: com.apple.MobileAsset.SpotlightResources, response: 0
2024-07-23 17:38:19.633 Df mobileassetd[1624:58a4] [com.apple.mobileassetd:Notice] -[MADAnalyticsManager recordEventWithName:payload:]: assetType: SpotlightResources
2024-07-23 17:38:19.633 Df searchd[3310:5c39] [com.apple.trial:_] adding update handler 1 for namespace SPOTLIGHT_BLENDING_MODEL
2024-07-23 17:38:19.633 Df mobileassetd[1624:58a4] [com.apple.mobileassetd:Notice] -[MADAnalyticsManager shouldRecordEventForAssetType:]: assetType: SpotlightResources
2024-07-23 17:38:19.633 Df searchd[3310:5c39] [com.apple.spotlight.resources:General] Trial update handler completed for namespace 334
2024-07-23 17:38:19.634 Df searchd[3310:5c3b] [com.apple.DataDeliveryServices:Query] assetsForQuery: <query: com.apple.MobileAsset.SpotlightResources, locO: 0, iO: 0, latO: 1, cO: 0, <filter: {
    AssetLocale = "{(\134n    en\134n)}";
}>> final result: (
) was cached: 0, cachedOnly: 0
2024-07-23 17:38:19.635 Df searchd[3310:5c39] [com.apple.trial:_] adding update handler 2 for namespace SPOTLIGHT_UI
2024-07-23 17:38:19.637 Df searchd[3310:5c39] [com.apple.spotlight.resources:General] Trial update handler called for namespace 333
2024-07-23 17:38:19.637 Df searchd[3310:5c39] [com.apple.spotlight.resources:General] Trial update handler completed for namespace 333
2024-07-23 17:38:19.638 Df searchd[3310:5c39] [com.apple.spotlight.resources:General] Trial update handler called for namespace 332
2024-07-23 17:38:19.639 Df searchd[3310:5c39] [com.apple.spotlight.resources:General] Trial update handler completed for namespace 332
2024-07-23 17:38:19.640 Df searchd[3310:5c39] [com.apple.trial:_] adding update handler 3 for namespace SPOTLIGHT_MAIL_APP
2024-07-23 17:38:19.641 Df searchd[3310:5c39] [com.apple.spotlight.resources:General] Trial update handler called for namespace 337
2024-07-23 17:38:19.641 Df searchd[3310:5c39] [com.apple.spotlight.resources:General] Trial update handler completed for namespace 337
2024-07-23 17:38:19.641 Df searchd[3310:5c39] [com.apple.spotlight:index] Suspending "com.apple.spotlight.index.firstUnlock" queue
2024-07-23 17:38:19.643 E  searchd[3310:5c3d] [com.apple.corespotlight:default] Error registering persona list update observer Error Domain=NSPOSIXErrorDomain Code=45 "Operation not supported"
2024-07-23 17:38:19.645 E  cfprefsd[1582:52d7] [com.apple.defaults:cfprefsd] Couldn't open parent path due to [2: No such file or directory]
2024-07-23 17:38:19.646 E  cfprefsd[1582:52d7] [com.apple.defaults:cfprefsd] Couldn't open parent path due to [2: No such file or directory]
2024-07-23 17:38:19.646 E  cfprefsd[1582:52d7] [com.apple.defaults:cfprefsd] Couldn't open parent path due to [2: No such file or directory]
2024-07-23 17:38:19.647 Df searchd[3310:5c3c] [com.apple.DataDeliveryServices:Update] Loaded sync state for asset type: com.apple.MobileAsset.SpotlightResources (date: Tue Jul 23 17:30:09 2024, buildVersion: 21E213, attempts: 0, status: 2)
2024-07-23 17:38:19.648 Df searchd[3310:5c3c] [com.apple.DataDeliveryServices:Update] Time elapsed since last update: 489.798409, date: Tue Jul 23 17:30:09 2024
2024-07-23 17:38:19.649 Df searchd[3310:5c39] [com.apple.xpc.activity:Client] xpc_activity_register: com.apple.searchd.indexmaintenance.NSFileProtectionCompleteUntilFirstUserAuthentication, criteria: check-in
2024-07-23 17:38:19.649 Df searchd[3310:5c39] [com.apple.xpc:connection] [0x600003d005a0] activating connection: mach=true listener=true peer=false name=com.apple.xpc.activity
2024-07-23 17:38:19.649 Df searchd[3310:5c39] [com.apple.xpc.activity:Client] _xpc_activity_register: com.apple.searchd.indexmaintenance.NSFileProtectionCompleteUntilFirstUserAuthentication (0x600003307340), 0
2024-07-23 17:38:19.649 Df searchd[3310:5c39] [com.apple.xpc.activity:Client] xpc_activity_set_criteria: com.apple.searchd.indexmaintenance.NSFileProtectionCompleteUntilFirstUserAuthentication (0x600003307340), check-in
2024-07-23 17:38:19.649 Df searchd[3310:5c39] [com.apple.xpc.activity:Client] xpc_activity_register: com.apple.searchd.indexmaintenance.NSFileProtectionCompleteWhenUserInactive, criteria: check-in
2024-07-23 17:38:19.649 Df searchd[3310:5c39] [com.apple.xpc.activity:Client] _xpc_activity_register: com.apple.searchd.indexmaintenance.NSFileProtectionCompleteWhenUserInactive (0x6000033070c0), 0
2024-07-23 17:38:19.649 Df searchd[3310:5c39] [com.apple.xpc.activity:Client] xpc_activity_set_criteria: com.apple.searchd.indexmaintenance.NSFileProtectionCompleteWhenUserInactive (0x6000033070c0), check-in
2024-07-23 17:38:19.649 Df searchd[3310:5c39] [com.apple.xpc.activity:Client] xpc_activity_register: com.apple.searchd.indexmaintenance.NSFileProtectionCompleteUnlessOpen, criteria: check-in
2024-07-23 17:38:19.649 Df searchd[3310:5c39] [com.apple.xpc.activity:Client] _xpc_activity_register: com.apple.searchd.indexmaintenance.NSFileProtectionCompleteUnlessOpen (0x600003307700), 0
2024-07-23 17:38:19.649 Df searchd[3310:5c39] [com.apple.xpc.activity:Client] xpc_activity_set_criteria: com.apple.searchd.indexmaintenance.NSFileProtectionCompleteUnlessOpen (0x600003307700), check-in
2024-07-23 17:38:19.649 Df searchd[3310:5c39] [com.apple.xpc.activity:Client] xpc_activity_register: com.apple.searchd.indexmaintenance.NSFileProtectionComplete, criteria: check-in
2024-07-23 17:38:19.649 Df searchd[3310:5c3d] [com.apple.xpc:connection] [0x1028149f0] activating connection: mach=false listener=false peer=true name=com.apple.xpc.activity.peer[1542].0x1028149f0
2024-07-23 17:38:19.649 Df searchd[3310:5c39] [com.apple.xpc.activity:Client] _xpc_activity_register: com.apple.searchd.indexmaintenance.NSFileProtectionComplete (0x6000033154a0), 0
2024-07-23 17:38:19.650 Df searchd[3310:5c3d] [com.apple.xpc:connection] [0x102806430] activating connection: mach=false listener=false peer=true name=com.apple.xpc.activity.peer[1542].0x102806430
2024-07-23 17:38:19.650 Df searchd[3310:5c39] [com.apple.xpc.activity:Client] xpc_activity_set_criteria: com.apple.searchd.indexmaintenance.NSFileProtectionComplete (0x6000033154a0), check-in
2024-07-23 17:38:19.650 Df searchd[3310:5c3d] [com.apple.xpc:connection] [0x101804dc0] activating connection: mach=false listener=false peer=true name=com.apple.xpc.activity.peer[1542].0x101804dc0
2024-07-23 17:38:19.650 Df searchd[3310:5c39] [com.apple.xpc.activity:Client] xpc_activity_register: com.apple.searchd.indexmaintenance.Priority, criteria: check-in
2024-07-23 17:38:19.650 Df searchd[3310:5c3d] [com.apple.xpc:connection] [0x101805e50] activating connection: mach=false listener=false peer=true name=com.apple.xpc.activity.peer[1542].0x101805e50
2024-07-23 17:38:19.650 Df searchd[3310:5c39] [com.apple.xpc.activity:Client] _xpc_activity_register: com.apple.searchd.indexmaintenance.Priority (0x600003307200), 0
2024-07-23 17:38:19.650 Df searchd[3310:5c39] [com.apple.xpc.activity:Client] xpc_activity_set_criteria: com.apple.searchd.indexmaintenance.Priority (0x600003307200), check-in
2024-07-23 17:38:19.650 Df searchd[3310:5c39] [com.apple.spotlight:index] ### Indexer starting
2024-07-23 17:38:19.650 Df searchd[3310:5c3f] [com.apple.xpc.activity:Client] xpc_activity_set_criteria, lower half: com.apple.searchd.indexmaintenance.NSFileProtectionCompleteUnlessOpen (0x600003307700), check-in
2024-07-23 17:38:19.650 Df searchd[3310:5c41] [com.apple.xpc.activity:Client] xpc_activity_set_criteria, lower half: com.apple.searchd.indexmaintenance.NSFileProtectionComplete (0x6000033154a0), check-in
2024-07-23 17:38:19.650 Df searchd[3310:5c39] [com.apple.corespotlight:default] Noting bootTime:Tue Jul 23 17:27:53 2024
2024-07-23 17:38:19.650 Df searchd[3310:5c39] (Foundation) Incorrect NSStringEncoding value 0x8000100 detected. Assuming NSASCIIStringEncoding. Will stop this compatibility mapping behavior in the near future.
2024-07-23 17:38:19.650 Df searchd[3310:5c40] [com.apple.xpc.activity:Client] _xpc_activity_dispatch: beginning dispatch, activity name com.apple.searchd.indexmaintenance.Priority, seqno 2
2024-07-23 17:38:19.649 Df searchd[3310:5c3b] [com.apple.xpc.activity:Client] xpc_activity_set_criteria, lower half: com.apple.searchd.indexmaintenance.NSFileProtectionCompleteUntilFirstUserAuthentication (0x600003307340), check-in
2024-07-23 17:38:19.649 Df searchd[3310:5c3e] [com.apple.xpc.activity:Client] xpc_activity_set_criteria, lower half: com.apple.searchd.indexmaintenance.NSFileProtectionCompleteWhenUserInactive (0x6000033070c0), check-in
2024-07-23 17:38:19.650 Df searchd[3310:5c3d] [com.apple.spotlight:index] ### SDController unlocked
2024-07-23 17:38:19.650 Df searchd[3310:5c3f] [com.apple.xpc.activity:Client] _xpc_activity_set_criteria: com.apple.searchd.indexmaintenance.NSFileProtectionCompleteUnlessOpen (0x600003307700), check-in
2024-07-23 17:38:19.651 Df searchd[3310:5c3f] [com.apple.xpc.activity:Client] xpc_activity_set_criteria: com.apple.searchd.indexmaintenance.NSFileProtectionCompleteUnlessOpen (0x600003307700), setting state now to 0
2024-07-23 17:38:19.651 Df searchd[3310:5c3f] [com.apple.xpc.activity:Client] _xpc_activity_set_state: com.apple.searchd.indexmaintenance.NSFileProtectionCompleteUnlessOpen (0x600003307700), 0
2024-07-23 17:38:19.651 Df searchd[3310:5c41] [com.apple.xpc.activity:Client] _xpc_activity_set_criteria: com.apple.searchd.indexmaintenance.NSFileProtectionComplete (0x6000033154a0), check-in
2024-07-23 17:38:19.651 Df searchd[3310:5c3c] [com.apple.DataDeliveryServices:Update] Scheduling activity: com.apple.DataDeliveryServices.update.com.apple.MobileAsset.SpotlightResources for approximately 2024-07-24_04:44:00 (tolerance of 19970 seconds)
2024-07-23 17:38:19.651 Df searchd[3310:5c39] [com.apple.xpc:connection] [0x101804080] activating connection: mach=true listener=false peer=false name=com.apple.FileProvider
2024-07-23 17:38:19.651 Df searchd[3310:5c3c] [com.apple.xpc.activity:Client] xpc_activity_register: com.apple.DataDeliveryServices.update.com.apple.MobileAsset.SpotlightResources, criteria: dictionary
2024-07-23 17:38:19.651 Df searchd[3310:5c3d] [com.apple.spotlight:index] ### Uninstall Monitor Unlock
2024-07-23 17:38:19.652 Df fileproviderd[1745:3abb] [com.apple.xpc:connection] [0x101007ab0] activating connection: mach=false listener=false peer=true name=com.apple.FileProvider.peer[3310].0x101007ab0
2024-07-23 17:38:19.651 Df searchd[3310:5c3d] [com.apple.corespotlight:index] unlock from delegate
2024-07-23 17:38:19.652 Df searchd[3310:5c3d] [com.apple.spotlight:index] ### SDController migrationCompleted
2024-07-23 17:38:19.652 Df searchd[3310:5c3d] [com.apple.corespotlight:index] resume from delegate
2024-07-23 17:38:19.652 Df searchd[3310:5c3d] [com.apple.spotlight:index] Resuming "com.apple.spotlight.index.firstUnlock" queue
2024-07-23 17:38:19.652 Df searchd[3310:5c3d] [com.apple.spotlight:index] ### Migration Monitor Unlock
2024-07-23 17:38:19.652 Df searchd[3310:5c3d] [com.apple.corespotlight:default] ### SDMigrationMonitor unlock
2024-07-23 17:38:19.652 Df searchd[3310:5c3d] [com.apple.spotlight:index] ### SDController firstUnlockSBCompleted
2024-07-23 17:38:19.652 Df searchd[3310:5c43] [com.apple.xpc.activity:Client] xpc_activity_register: com.apple.searchd.createEncryptedRankingBackup, criteria: check-in
2024-07-23 17:38:19.652 Df searchd[3310:5c40] [com.apple.xpc.activity:Client] _xpc_activity_dispatch: com.apple.searchd.indexmaintenance.Priority (0x600003307200): state is checking and criteria is checking. Calling _xpc_activity_set_criteria(...CHECK_IN)
2024-07-23 17:38:19.652 Df searchd[3310:5c40] [com.apple.xpc.activity:Client] _xpc_activity_set_criteria: com.apple.searchd.indexmaintenance.Priority (0x600003307200), check-in
2024-07-23 17:38:19.651 Df searchd[3310:5c3f] [com.apple.xpc.activity:Client] __XPC_ACTIVITY_CALLING_HANDLER__: com.apple.searchd.indexmaintenance.NSFileProtectionCompleteUnlessOpen (0x600003307700), current state 0, pending state 0
2024-07-23 17:38:19.652 Df searchd[3310:5c40] [com.apple.xpc.activity:Client] _xpc_activity_dispatch: com.apple.searchd.indexmaintenance.Priority (0x600003307200): found an activity with matching seqno 2
2024-07-23 17:38:19.652 Df searchd[3310:5c3b] [com.apple.xpc.activity:Client] _xpc_activity_set_criteria: com.apple.searchd.indexmaintenance.NSFileProtectionCompleteUntilFirstUserAuthentication (0x600003307340), check-in
2024-07-23 17:38:19.652 Df searchd[3310:5c44] [com.apple.corespotlight:default] SDMigrationMonitor unlocked
2024-07-23 17:38:19.652 Df searchd[3310:5c3c] [com.apple.xpc.activity:Client] _xpc_activity_register: com.apple.DataDeliveryServices.update.com.apple.MobileAsset.SpotlightResources (0x60000330c1e0), 0
2024-07-23 17:38:19.652 Df searchd[3310:5c3e] [com.apple.xpc.activity:Client] _xpc_activity_set_criteria: com.apple.searchd.indexmaintenance.NSFileProtectionCompleteWhenUserInactive (0x6000033070c0), check-in
2024-07-23 17:38:19.652 Df searchd[3310:5c43] [com.apple.xpc.activity:Client] _xpc_activity_register: com.apple.searchd.createEncryptedRankingBackup (0x600003307480), 0
2024-07-23 17:38:19.652 Df searchd[3310:5c43] [com.apple.xpc.activity:Client] xpc_activity_set_criteria: com.apple.searchd.createEncryptedRankingBackup (0x600003307480), check-in
2024-07-23 17:38:19.652 Df searchd[3310:5c44] [com.apple.corespotlight:default] ### SDMigrationMonitor unlocked: 1, foundExtensions: 0, migrationFinished: 0, completion: 0
2024-07-23 17:38:19.652 Df searchd[3310:5c3c] [com.apple.xpc.activity:Client] xpc_activity_set_criteria: com.apple.DataDeliveryServices.update.com.apple.MobileAsset.SpotlightResources (0x60000330c1e0), dict
2024-07-23 17:38:19.652 Df searchd[3310:5c3b] [com.apple.xpc.activity:Client] xpc_activity_set_criteria: com.apple.searchd.indexmaintenance.NSFileProtectionCompleteUntilFirstUserAuthentication (0x600003307340), setting state now to 0
2024-07-23 17:38:19.652 Df searchd[3310:5c3f] [com.apple.xpc.activity:Client] __XPC_ACTIVITY_CALLING_HANDLER__ returned from handler: com.apple.searchd.indexmaintenance.NSFileProtectionCompleteUnlessOpen (0x600003307700), current state 0, pending state 0
2024-07-23 17:38:19.652 Df searchd[3310:5c44] [com.apple.xpc.activity:Client] _xpc_activity_dispatch: beginning dispatch, activity name com.apple.searchd.indexmaintenance.NSFileProtectionCompleteWhenUserInactive, seqno 2
2024-07-23 17:38:19.652 Df searchd[3310:5c41] [com.apple.xpc.activity:Client] xpc_activity_set_criteria: com.apple.searchd.indexmaintenance.NSFileProtectionComplete (0x6000033154a0), setting state now to 0
2024-07-23 17:38:19.652 Df searchd[3310:5c3e] [com.apple.xpc.activity:Client] xpc_activity_set_criteria: com.apple.searchd.indexmaintenance.NSFileProtectionCompleteWhenUserInactive (0x6000033070c0), setting state now to 0
2024-07-23 17:38:19.652 Df searchd[3310:5c40] [com.apple.xpc.activity:Client] _xpc_activity_begin_running: com.apple.searchd.indexmaintenance.Priority (0x600003307200) seqno: 2.
2024-07-23 17:38:19.653 Df searchd[3310:5c44] [com.apple.xpc.activity:Client] _xpc_activity_dispatch: com.apple.searchd.indexmaintenance.NSFileProtectionCompleteWhenUserInactive (0x6000033070c0): found an activity with matching seqno 2
2024-07-23 17:38:19.653 Df searchd[3310:5c44] [com.apple.xpc.activity:Client] _xpc_activity_begin_running: com.apple.searchd.indexmaintenance.NSFileProtectionCompleteWhenUserInactive (0x6000033070c0) seqno: 2.
2024-07-23 17:38:19.653 Df searchd[3310:5c3b] [com.apple.xpc.activity:Client] _xpc_activity_set_state: com.apple.searchd.indexmaintenance.NSFileProtectionCompleteUntilFirstUserAuthentication (0x600003307340), 0
2024-07-23 17:38:19.653 Df searchd[3310:5c3f] [com.apple.xpc.activity:Client] _xpc_activity_set_state: com.apple.searchd.indexmaintenance.NSFileProtectionCompleteUnlessOpen (0x600003307700), 1
2024-07-23 17:38:19.653 Df searchd[3310:5c3c] [com.apple.DataDeliveryServices:Default] Adding observer for DDS asset update notification for asset type: (com.apple.MobileAsset.LinguisticData)
2024-07-23 17:38:19.653 Df searchd[3310:5c3c] [com.apple.DataDeliveryServices:Default] Create auto asset assertions for existing assertions
2024-07-23 17:38:19.654 Df searchd[3310:5c3e] [com.apple.xpc.activity:Client] _xpc_activity_set_state: com.apple.searchd.indexmaintenance.NSFileProtectionCompleteWhenUserInactive (0x6000033070c0), 0
2024-07-23 17:38:19.654 Df searchd[3310:5c3e] [com.apple.xpc.activity:Client] __XPC_ACTIVITY_CALLING_HANDLER__: com.apple.searchd.indexmaintenance.NSFileProtectionCompleteWhenUserInactive (0x6000033070c0), current state 0, pending state 0
2024-07-23 17:38:19.654 Df searchd[3310:5c3e] [com.apple.xpc.activity:Client] __XPC_ACTIVITY_CALLING_HANDLER__ returned from handler: com.apple.searchd.indexmaintenance.NSFileProtectionCompleteWhenUserInactive (0x6000033070c0), current state 0, pending state 0
2024-07-23 17:38:19.654 Df searchd[3310:5c3e] [com.apple.xpc.activity:Client] _xpc_activity_set_state: com.apple.searchd.indexmaintenance.NSFileProtectionCompleteWhenUserInactive (0x6000033070c0), 1
2024-07-23 17:38:19.654 Df searchd[3310:5c3e] [com.apple.xpc.activity:Client] _xpc_activity_dispatch: lower half, activity name com.apple.searchd.indexmaintenance.NSFileProtectionCompleteWhenUserInactive (0x6000033070c0), seqno from top half was 2
2024-07-23 17:38:19.654 Df searchd[3310:5c3e] [com.apple.xpc:connection] [0x10160bac0] activating connection: mach=false listener=false peer=false name=(anonymous)
2024-07-23 17:38:19.654 Df searchd[3310:5c3e] [com.apple.xpc.activity:Client] _xpc_activity_dispatch: created connection 0x10160bac0 for activity name com.apple.searchd.indexmaintenance.NSFileProtectionCompleteWhenUserInactive (0x6000033070c0), seqno 2
2024-07-23 17:38:19.654 Df searchd[3310:5c3e] [com.apple.xpc.activity:Client] _xpc_activity_set_state: com.apple.searchd.indexmaintenance.NSFileProtectionCompleteWhenUserInactive (0x6000033070c0), 2
2024-07-23 17:38:19.654 Df searchd[3310:5c3e] [com.apple.xpc.activity:Client] _xpc_activity_set_state: send new state to CTS: com.apple.searchd.indexmaintenance.NSFileProtectionCompleteWhenUserInactive (0x6000033070c0), 2
2024-07-23 17:38:19.654 E  searchd[3310:5c3d] [com.apple.spotlightindex:SDB] db2_check_datastore:6648:  : db2_check_datastore: ERR: DST_BUSY
2024-07-23 17:38:19.653 Df searchd[3310:5c3b] [com.apple.xpc.activity:Client] __XPC_ACTIVITY_CALLING_HANDLER__: com.apple.searchd.indexmaintenance.NSFileProtectionCompleteUntilFirstUserAuthentication (0x600003307340), current state 0, pending state 0
2024-07-23 17:38:19.655 Df searchd[3310:5c3b] [com.apple.xpc.activity:Client] __XPC_ACTIVITY_CALLING_HANDLER__ returned from handler: com.apple.searchd.indexmaintenance.NSFileProtectionCompleteUntilFirstUserAuthentication (0x600003307340), current state 0, pending state 0
2024-07-23 17:38:19.655 Df searchd[3310:5c3b] [com.apple.xpc.activity:Client] _xpc_activity_set_state: com.apple.searchd.indexmaintenance.NSFileProtectionCompleteUntilFirstUserAuthentication (0x600003307340), 1
2024-07-23 17:38:19.653 Df searchd[3310:5c41] [com.apple.xpc.activity:Client] _xpc_activity_set_state: com.apple.searchd.indexmaintenance.NSFileProtectionComplete (0x6000033154a0), 0
2024-07-23 17:38:19.655 Df searchd[3310:5c41] [com.apple.xpc.activity:Client] __XPC_ACTIVITY_CALLING_HANDLER__: com.apple.searchd.indexmaintenance.NSFileProtectionComplete (0x6000033154a0), current state 0, pending state 0
2024-07-23 17:38:19.655 Df searchd[3310:5c41] [com.apple.xpc.activity:Client] __XPC_ACTIVITY_CALLING_HANDLER__ returned from handler: com.apple.searchd.indexmaintenance.NSFileProtectionComplete (0x6000033154a0), current state 0, pending state 0
2024-07-23 17:38:19.655 Df UserEventAgent[1542:26f1] [com.apple.xpc:connection] [0x101c0d150] activating connection: mach=false listener=false peer=true name=com.apple.xpc.anonymous.0x100e06ce0.peer[3310].0x101c0d150
2024-07-23 17:38:19.655 Df UserEventAgent[1542:26f1] [com.apple.xpc.activity:Activities] Running (PID 3310): com.apple.searchd.indexmaintenance.NSFileProtectionCompleteWhenUserInactive (0x101d0d450)
2024-07-23 17:38:19.655 Df searchd[3310:5c41] [com.apple.xpc.activity:Client] _xpc_activity_set_state: com.apple.searchd.indexmaintenance.NSFileProtectionComplete (0x6000033154a0), 1
2024-07-23 17:38:19.656 Df searchd[3310:5c3c] [com.apple.xpc:connection] [0x1014046c0] activating connection: mach=true listener=true peer=false name=com.apple.MobileAsset.SpotlightResources
2024-07-23 17:38:19.656 Df searchd[3310:5c3c] [com.apple.spotlight.resources:General] [SR_INFO][DefaultsManager] (AssetServerInit) configure asset type: com.apple.MobileAsset.SpotlightResources (1)
2024-07-23 17:38:19.658 Df searchd[3310:5c39] [com.apple.xpc.activity:Client] xpc_activity_register: com.apple.spotlight.textstore.Analytics, criteria: dictionary
2024-07-23 17:38:19.658 Df searchd[3310:5c39] [com.apple.xpc.activity:Client] _xpc_activity_register: com.apple.spotlight.textstore.Analytics (0x600003315400), 0
2024-07-23 17:38:19.658 Df searchd[3310:5c39] [com.apple.xpc.activity:Client] xpc_activity_set_criteria: com.apple.spotlight.textstore.Analytics (0x600003315400), dict
2024-07-23 17:38:19.658 Df searchd[3310:5c46] [com.apple.spotlightindex:DocStore] *warn* init_file_backed_bloom_map: mkstempsat_np: Operation not permitted
2024-07-23 17:38:19.658 Df searchd[3310:5c46] [com.apple.CoreAnalytics:client] No XPC connection in Simulator
2024-07-23 17:38:19.659 E  cfprefsd[1582:52d7] [com.apple.defaults:cfprefsd] Couldn't open parent path due to [2: No such file or directory]
2024-07-23 17:38:19.659 E  cfprefsd[1582:52d7] [com.apple.defaults:cfprefsd] Couldn't open parent path due to [2: No such file or directory]
2024-07-23 17:38:19.659 E  cfprefsd[1582:52d7] [com.apple.defaults:cfprefsd] Couldn't open parent path due to [2: No such file or directory]
2024-07-23 17:38:19.659 E  cfprefsd[1582:52d7] [com.apple.defaults:cfprefsd] Couldn't open parent path due to [2: No such file or directory]
2024-07-23 17:38:19.660 E  cfprefsd[1582:52d7] [com.apple.defaults:cfprefsd] Couldn't open parent path due to [2: No such file or directory]
2024-07-23 17:38:19.660 E  cfprefsd[1582:52d7] [com.apple.defaults:cfprefsd] Couldn't open parent path due to [2: No such file or directory]
2024-07-23 17:38:19.659 Df searchd[3310:5c3c] [com.apple.DataDeliveryServices:Default] Using NSXPCConnectionPrivileged for iOS connection
2024-07-23 17:38:19.660 Df searchd[3310:5c41] [com.apple.xpc.activity:Client] _xpc_activity_dispatch: beginning dispatch, activity name com.apple.searchd.indexmaintenance.NSFileProtectionComplete, seqno 2
2024-07-23 17:38:19.660 Df searchd[3310:5c41] [com.apple.xpc.activity:Client] _xpc_activity_dispatch: com.apple.searchd.indexmaintenance.NSFileProtectionComplete (0x6000033154a0): found an activity with matching seqno 2
2024-07-23 17:38:19.660 Df searchd[3310:5c46] [com.apple.spotlightindex:General] No journals to replay for 0x10380ba00, syncCount:1, first:2, last:0, journalSerialNumber:1, consumedJournalSerialNumber:0
2024-07-23 17:38:19.660 Df searchd[3310:5c41] [com.apple.xpc.activity:Client] _xpc_activity_begin_running: com.apple.searchd.indexmaintenance.NSFileProtectionComplete (0x6000033154a0) seqno: 2.
2024-07-23 17:38:19.660 Df searchd[3310:5c46] [com.apple.spotlightindex:General] No defer journals to replay for 0x10380ba00, deferSyncCount:1, first:2, last:0, journalSerialNumber:1, consumedJournalSerialNumber:0
2024-07-23 17:38:19.660 Df searchd[3310:5c46] [com.apple.spotlightindex:General] journalSerialNumber:1, consumedJournalSerialNumber:0
2024-07-23 17:38:19.660 Df searchd[3310:5c46] [com.apple.spotlightindex:General] *warn* indexSet:0x6000002081a0 count:1 current:0
2024-07-23 17:38:19.660 Df searchd[3310:5c46] [com.apple.spotlightindex:General] *warn* 	live.0. id:8 flags:88
2024-07-23 17:38:19.660 Df searchd[3310:5c43] [com.apple.spotlightindex:General] Replaying 1 journals for 0x107819800, syncCount:10, first:9, last:9, journalSerialNumber:109, consumedJournalSerialNumber:108
2024-07-23 17:38:19.660 Df searchd[3310:5c46] [com.apple.spotlightindex:General] *warn* indexSet:0x600000208460 count:1 current:-1
2024-07-23 17:38:19.660 Df searchd[3310:5c45] [com.apple.spotlightindex:General] No journals to replay for 0x10781fc00, syncCount:14, first:15, last:13, journalSerialNumber:56, consumedJournalSerialNumber:55
2024-07-23 17:38:19.660 Df searchd[3310:5c43] [com.apple.spotlightindex:General] Replaying journalAttr.9, syncCount:10, first:9, last:9
2024-07-23 17:38:19.660 Df searchd[3310:5c45] [com.apple.spotlightindex:General] No defer journals to replay for 0x10781fc00, deferSyncCount:1, first:2, last:0, journalSerialNumber:56, consumedJournalSerialNumber:55
2024-07-23 17:38:19.660 Df searchd[3310:5c43] [com.apple.spotlightindex:General] Played back 1 records (skipped 0), read 188/188 bytes, consumedJournalSerialNumber:108, minReplaySerialNumber:108, maxReplaySerialNumber:108
2024-07-23 17:38:19.660 Df searchd[3310:5c45] [com.apple.spotlightindex:General] journalSerialNumber:56, consumedJournalSerialNumber:55
2024-07-23 17:38:19.660 Df searchd[3310:5c43] [com.apple.spotlightindex:Store] Deactivating journal 0x600000c037e0 0x10b9bc000 bc journalAttr.9
2024-07-23 17:38:19.660 Df searchd[3310:5c45] [com.apple.spotlightindex:General] *warn* indexSet:0x600000223240 count:1 current:0
2024-07-23 17:38:19.660 Df searchd[3310:5c43] [com.apple.spotlightindex:General] No defer journals to replay for 0x107819800, deferSyncCount:1, first:2, last:0, journalSerialNumber:109, consumedJournalSerialNumber:108
2024-07-23 17:38:19.660 Df searchd[3310:5c45] [com.apple.spotlightindex:General] *warn* 	live.0. id:5 flags:88
2024-07-23 17:38:19.660 Df searchd[3310:5c46] [com.apple.spotlightindex:General] *warn* 	0. id:4 flags:81
2024-07-23 17:38:19.661 Df searchd[3310:5c45] [com.apple.spotlightindex:General] *warn* indexSet:0x600000223220 count:1 current:-1
2024-07-23 17:38:19.660 Df searchd[3310:5c43] [com.apple.spotlightindex:General] journalSerialNumber:109, consumedJournalSerialNumber:108
2024-07-23 17:38:19.661 Df searchd[3310:5c45] [com.apple.spotlightindex:General] *warn* 	0. id:2 flags:e7
2024-07-23 17:38:19.661 Df searchd[3310:5c46] [com.apple.spotlightindex:Store] SISetScanCount:0 full:no
2024-07-23 17:38:19.661 Df searchd[3310:5c45] [com.apple.spotlightindex:Store] SISetScanCount:0 full:no
2024-07-23 17:38:19.661 Df searchd[3310:5c43] [com.apple.spotlightindex:General] *warn* indexSet:0x6000002231c0 count:1 current:0
2024-07-23 17:38:19.660 Df searchd[3310:5c41] [com.apple.xpc.activity:Client] _xpc_activity_set_state_from_cts: com.apple.searchd.indexmaintenance.NSFileProtectionCompleteWhenUserInactive (0x6000033070c0), set activity state to 2
2024-07-23 17:38:19.661 Df searchd[3310:5c45] [com.apple.spotlightindex:State] SISetScanCount: Counted 1 live indexes
2024-07-23 17:38:19.661 Df searchd[3310:5c43] [com.apple.spotlightindex:General] *warn* 	live.0. id:7 flags:88
2024-07-23 17:38:19.661 Df searchd[3310:5c43] [com.apple.spotlightindex:General] *warn* indexSet:0x6000002231a0 count:1 current:-1
2024-07-23 17:38:19.661 Df searchd[3310:5c43] [com.apple.spotlightindex:General] *warn* 	0. id:1 flags:e7
2024-07-23 17:38:19.661 Df searchd[3310:5c43] [com.apple.spotlightindex:Store] SISetScanCount:0 full:no
2024-07-23 17:38:19.661 Df searchd[3310:5c43] [com.apple.spotlightindex:State] SISetScanCount: Counted 1 live indexes
2024-07-23 17:38:19.661 Df searchd[3310:5c3e] [com.apple.DataDeliveryServices:Default] Requesting clean v1 LinguisticData repository
2024-07-23 17:38:19.661 Df searchd[3310:5c41] [com.apple.xpc.activity:Client] __XPC_ACTIVITY_CALLING_HANDLER__: com.apple.searchd.indexmaintenance.NSFileProtectionCompleteWhenUserInactive (0x6000033070c0), current state 2, pending state 0
2024-07-23 17:38:19.660 Df searchd[3310:5c3f] [com.apple.xpc.activity:Client] xpc_activity_set_criteria, lower half: com.apple.DataDeliveryServices.update.com.apple.MobileAsset.SpotlightResources (0x60000330c1e0), dict
2024-07-23 17:38:19.660 Df searchd[3310:5c3c] [com.apple.xpc:connection] [0x101405ed0] activating connection: mach=true listener=false peer=false name=com.apple.MobileAsset.SpotlightResources
2024-07-23 17:38:19.661 Df searchd[3310:5c41] [com.apple.xpc.activity:Client] __XPC_ACTIVITY_CALLING_HANDLER__ returned from handler: com.apple.searchd.indexmaintenance.NSFileProtectionCompleteWhenUserInactive (0x6000033070c0), current state 2, pending state 0
2024-07-23 17:38:19.662 Df searchd[3310:5c41] [com.apple.xpc.activity:Client] _xpc_activity_set_state: com.apple.searchd.indexmaintenance.NSFileProtectionCompleteWhenUserInactive (0x6000033070c0), 5
2024-07-23 17:38:19.662 Df searchd[3310:5c41] [com.apple.xpc.activity:Client] _xpc_activity_set_state: send new state to CTS: com.apple.searchd.indexmaintenance.NSFileProtectionCompleteWhenUserInactive (0x6000033070c0), 5
2024-07-23 17:38:19.662 Df searchd[3310:5c3f] [com.apple.xpc.activity:Client] _xpc_activity_set_criteria: com.apple.DataDeliveryServices.update.com.apple.MobileAsset.SpotlightResources (0x60000330c1e0), dict
2024-07-23 17:38:19.662 Df searchd[3310:5c3f] [com.apple.xpc.activity:Client] _xpc_activity_set_criteria: xpc_set_event com.apple.DataDeliveryServices.update.com.apple.MobileAsset.SpotlightResources, 1
2024-07-23 17:38:19.662 Df searchd[3310:5c41] [com.apple.xpc.activity:Client] _xpc_activity_dispatch: lower half, activity name com.apple.searchd.indexmaintenance.NSFileProtectionComplete (0x6000033154a0), seqno from top half was 2
2024-07-23 17:38:19.663 Df UserEventAgent[1542:30c7] [com.apple.xpc.activity:Activities] Completed: com.apple.searchd.indexmaintenance.NSFileProtectionCompleteWhenUserInactive (0x101d0d450)
2024-07-23 17:38:19.663 Df searchd[3310:5c39] [com.apple.spotlightindex:General] Replaying 1 journals for 0x102019200, syncCount:6, first:5, last:5, journalSerialNumber:8, consumedJournalSerialNumber:7
2024-07-23 17:38:19.662 Df mobileassetd[1624:58a4] [com.apple.mobileassetd:Notice] -[ControlManager handleClientConnection:on:]_block_invoke: assetType: com.apple.MobileAsset.LinguisticData client: searchd, command: 16 (MA_CLEAN_V1_ASSETS)
2024-07-23 17:38:19.663 Df searchd[3310:5c39] [com.apple.spotlightindex:General] Replaying journalAttr.5, syncCount:6, first:5, last:5
2024-07-23 17:38:19.663 Df searchd[3310:5c39] [com.apple.spotlightindex:General] Played back 1 records (skipped 0), read 188/188 bytes, consumedJournalSerialNumber:7, minReplaySerialNumber:7, maxReplaySerialNumber:7
2024-07-23 17:38:19.663 Df UserEventAgent[1542:30c7] [com.apple.xpc.activity:Activities] Unregistered on XPC remove event: com.apple.DataDeliveryServices.update.com.apple.MobileAsset.SpotlightResources (0x101e0a020)
2024-07-23 17:38:19.663 Df searchd[3310:5c39] [com.apple.spotlightindex:Store] Deactivating journal 0x600000c300f0 0x10baf8000 bc journalAttr.5
2024-07-23 17:38:19.663 Df mobileassetd[1624:58a4] [com.apple.mobileassetd:Notice] -[ControlManager handleClientConnection:on:]_block_invoke: searchd issued clean v1 for com.apple.MobileAsset.LinguisticData
2024-07-23 17:38:19.663 Df searchd[3310:5c39] [com.apple.spotlightindex:General] No defer journals to replay for 0x102019200, deferSyncCount:1, first:2, last:0, journalSerialNumber:8, consumedJournalSerialNumber:7
2024-07-23 17:38:19.663 Df UserEventAgent[1542:30c7] [com.apple.xpc.activity:Internal] Creating on XPC add event: com.apple.DataDeliveryServices.update.com.apple.MobileAsset.SpotlightResources
2024-07-23 17:38:19.663 Df searchd[3310:5c39] [com.apple.spotlightindex:General] journalSerialNumber:8, consumedJournalSerialNumber:7
2024-07-23 17:38:19.663 Df mobileassetd[1624:58a4] [com.apple.mobileassetd:Notice] cleanV1Assets: No need to clean, /Users/appinventiv/Library/Developer/CoreSimulator/Devices/04077649-5DD1-48EA-A3F0-8DED1ADC3EEB/data/private/var/MobileAsset/Assets/com_apple_MobileAsset_LinguisticData does not exist
2024-07-23 17:38:19.663 Df UserEventAgent[1542:30c7] [com.apple.xpc.activity:Internal] Created: com.apple.DataDeliveryServices.update.com.apple.MobileAsset.SpotlightResources (0x101c073a0)
2024-07-23 17:38:19.663 Df searchd[3310:5c39] [com.apple.spotlightindex:General] *warn* indexSet:0x6000002190c0 count:1 current:0
2024-07-23 17:38:19.663 Df UserEventAgent[1542:30c7] [com.apple.xpc.activity:Activities] Registered: com.apple.DataDeliveryServices.update.com.apple.MobileAsset.SpotlightResources (0x101c073a0)
2024-07-23 17:38:19.663 Df searchd[3310:5c39] [com.apple.spotlightindex:General] *warn* 	live.0. id:6 flags:88
2024-07-23 17:38:19.663 Df searchd[3310:5c39] [com.apple.spotlightindex:General] *warn* indexSet:0x6000002190a0 count:1 current:-1
2024-07-23 17:38:19.663 Df searchd[3310:5c39] [com.apple.spotlightindex:General] *warn* 	0. id:3 flags:e7
2024-07-23 17:38:19.663 Df searchd[3310:5c39] [com.apple.spotlightindex:Store] SISetScanCount:0 full:no
2024-07-23 17:38:19.662 Df searchd[3310:5c41] [com.apple.xpc:connection] [0x10160bd80] activating connection: mach=false listener=false peer=false name=(anonymous)
2024-07-23 17:38:19.663 Df searchd[3310:5c41] [com.apple.xpc.activity:Client] _xpc_activity_dispatch: created connection 0x10160bd80 for activity name com.apple.searchd.indexmaintenance.NSFileProtectionComplete (0x6000033154a0), seqno 2
2024-07-23 17:38:19.663 Df searchd[3310:5c41] [com.apple.xpc.activity:Client] _xpc_activity_set_state: com.apple.searchd.indexmaintenance.NSFileProtectionComplete (0x6000033154a0), 2
2024-07-23 17:38:19.663 Df searchd[3310:5c41] [com.apple.xpc.activity:Client] _xpc_activity_set_state: send new state to CTS: com.apple.searchd.indexmaintenance.NSFileProtectionComplete (0x6000033154a0), 2
2024-07-23 17:38:19.664 Df searchd[3310:5c44] [com.apple.spotlightindex:Store] Deactivating journal 0x600000c037e0 0x10b9bc000 bc journalAttr.9
2024-07-23 17:38:19.664 Df searchd[3310:5c44] [com.apple.spotlightindex:Store] Playback finished.
2024-07-23 17:38:19.664 A  searchd[3310:5c39] (CoreFoundation) Loading Preferences From User Session CFPrefsD
2024-07-23 17:38:19.663 Df searchd[3310:5c3f] [com.apple.xpc.activity:Client] xpc_activity_set_criteria: com.apple.DataDeliveryServices.update.com.apple.MobileAsset.SpotlightResources (0x60000330c1e0), setting state now to 1
2024-07-23 17:38:19.664 Df searchd[3310:5c3f] [com.apple.xpc.activity:Client] _xpc_activity_set_state: com.apple.DataDeliveryServices.update.com.apple.MobileAsset.SpotlightResources (0x60000330c1e0), 1
2024-07-23 17:38:19.664 Df searchd[3310:5c39] (CoreSpotlight) Start service name com.apple.corespotlight.receiver.coreduet
2024-07-23 17:38:19.664 Df searchd[3310:5c39] (CoreSpotlight) Start service name com.apple.corespotlight.receiver.suggestions
2024-07-23 17:38:19.664 Df searchd[3310:5c39] (CoreSpotlight) Start service name com.apple.corespotlight.receiver.photos
2024-07-23 17:38:19.664 Df searchd[3310:5c39] (CoreSpotlight) Start service name com.apple.corespotlight.receiver.images
2024-07-23 17:38:19.664 Df searchd[3310:5c39] (CoreSpotlight) Start service name com.apple.corespotlight.receiver.corespotlight
2024-07-23 17:38:19.664 Df searchd[3310:5c39] (CoreSpotlight) Start service name com.apple.spotlight.SearchAgent
2024-07-23 17:38:19.664 Df searchd[3310:5c39] [com.apple.xpc:connection] [0x600003d04690] activating connection: mach=true listener=true peer=false name=com.apple.spotlight.SearchAgent
2024-07-23 17:38:19.664 Df searchd[3310:5c39] (CoreSpotlight) Start service name com.apple.spotlight.IndexAgent
2024-07-23 17:38:19.664 Df searchd[3310:5c39] [com.apple.xpc:connection] [0x600003d045a0] activating connection: mach=true listener=true peer=false name=com.apple.spotlight.IndexAgent
2024-07-23 17:38:19.664 Df searchd[3310:5c39] (CoreSpotlight) Start service name com.apple.spotlight.IndexDelegateAgent
2024-07-23 17:38:19.664 Df searchd[3310:5c39] [com.apple.xpc:connection] [0x600003d04780] activating connection: mach=true listener=true peer=false name=com.apple.spotlight.IndexDelegateAgent
2024-07-23 17:38:19.664 Df searchd[3310:5c3b] [com.apple.xpc:connection] [0x600003d044b0] activating connection: mach=true listener=false peer=false name=com.apple.corespotlight.receiver.coreduet
2024-07-23 17:38:19.664 Df searchd[3310:5c3f] [com.apple.xpc:connection] [0x600003d08000] activating connection: mach=true listener=false peer=false name=com.apple.corespotlight.receiver.images
2024-07-23 17:38:19.665 Df searchd[3310:5c39] [com.apple.xpc:connection] [0x600003d042d0] activating connection: mach=true listener=true peer=false name=com.apple.searchd
2024-07-23 17:38:19.665 Df searchd[3310:5c39] [com.apple.xpc:connection] [0x600003d040f0] activating connection: mach=true listener=true peer=false name=com.apple.searchd.background
2024-07-23 17:38:19.665 Df searchd[3310:5c39] [com.apple.xpc:connection] [0x600003d04960] activating connection: mach=true listener=true peer=false name=com.apple.distnoted.matching
2024-07-23 17:38:19.665 Df searchd[3310:5c39] [com.apple.xpc:connection] [0x600003d081e0] activating connection: mach=true listener=true peer=false name=com.apple.notifyd.matching
2024-07-23 17:38:19.665 Df searchd[3310:5c47] [com.apple.xpc:connection] [0x600003d080f0] activating connection: mach=true listener=false peer=false name=com.apple.corespotlight.receiver.corespotlight
2024-07-23 17:38:19.665 E  searchd[3310:5c43] [com.apple.spotlightindex:Store] _si_get_object_for_identifier_createParentDBO:21279: Missing bundleId field, oid:0x24b254ad43550888(2644269034355624072), type:11, flags:0x5318
2024-07-23 17:38:19.665 Df searchd[3310:5c47] [com.apple.xpc:connection] [0x600003d080f0] failed to do a bootstrap look-up: xpc_error=[3: No such process]
2024-07-23 17:38:19.665 Df searchd[3310:5c47] [com.apple.xpc:connection] [0x600003d080f0] invalidated after a failed init
2024-07-23 17:38:19.665 Df searchd[3310:5c40] [com.apple.xpc:connection] [0x1013047c0] activating connection: mach=false listener=false peer=true name=com.apple.searchd.background.peer[1543].0x1013047c0
