2024-07-23 17:38:17.433 Df searchd[2309:59df] [com.apple.xpc.activity:Client] _xpc_activity_dispatch: lower half, activity name com.apple.searchd.indexmaintenance.Priority (0x600003318820), seqno from top half was 2
2024-07-23 17:38:17.433 Df UserEventAgent[1542:30c7] [com.apple.xpc.activity:Activities] Running (PID 2309): com.apple.searchd.indexmaintenance.NSFileProtectionCompleteUntilFirstUserAuthentication (0x101b109d0)
2024-07-23 17:38:17.433 Df searchd[2309:59ea] [com.apple.corespotlight:index] *warn* Failed to merge the index for dataclass:NSFileProtectionCompleteUnlessOpen, error:Error Domain=CSIndexErrorDomain Code=-1000 "(null)"
2024-07-23 17:38:17.434 Df searchd[2309:59ea] [com.apple.corespotlight:index] Performing XPC activity:com.apple.searchd.indexmaintenance.NSFileProtectionCompleteUnlessOpen, state:4
2024-07-23 17:38:17.434 Df searchd[2309:59ea] [com.apple.xpc.activity:Client] _xpc_activity_set_state: com.apple.searchd.indexmaintenance.NSFileProtectionCompleteUnlessOpen (0x6000033046e0), 5
2024-07-23 17:38:17.434 Df searchd[2309:59ea] [com.apple.corespotlight:index] Marked XPC activity:com.apple.searchd.indexmaintenance.NSFileProtectionCompleteUnlessOpen as done, state:4
2024-07-23 17:38:17.433 Df searchd[2309:59df] [com.apple.xpc:connection] [0x105f07600] activating connection: mach=false listener=false peer=false name=(anonymous)
2024-07-23 17:38:17.434 Df searchd[2309:59df] [com.apple.xpc.activity:Client] _xpc_activity_dispatch: created connection 0x105f07600 for activity name com.apple.searchd.indexmaintenance.Priority (0x600003318820), seqno 2
2024-07-23 17:38:17.434 Df searchd[2309:59ea] [com.apple.spotlight:index] Finished merging the index for dataclass:NSFileProtectionCompleteUnlessOpen, merged:NO
2024-07-23 17:38:17.434 Df searchd[2309:59df] [com.apple.xpc.activity:Client] _xpc_activity_set_state: com.apple.searchd.indexmaintenance.Priority (0x600003318820), 2
2024-07-23 17:38:17.434 Df searchd[2309:59df] [com.apple.xpc.activity:Client] _xpc_activity_set_state: send new state to CTS: com.apple.searchd.indexmaintenance.Priority (0x600003318820), 2
2024-07-23 17:38:17.434 Df searchd[2309:59ea] [com.apple.xpc.activity:Client] _xpc_activity_set_state_from_cts: com.apple.searchd.indexmaintenance.NSFileProtectionCompleteUntilFirstUserAuthentication (0x600003304820), set activity state to 2
2024-07-23 17:38:17.435 Df UserEventAgent[1542:30c7] [com.apple.xpc:connection] [0x101c0d290] activating connection: mach=false listener=false peer=true name=com.apple.xpc.anonymous.0x100f07d40.peer[2309].0x101c0d290
2024-07-23 17:38:17.434 Df searchd[2309:59ea] [com.apple.xpc.activity:Client] __XPC_ACTIVITY_CALLING_HANDLER__: com.apple.searchd.indexmaintenance.NSFileProtectionCompleteUntilFirstUserAuthentication (0x600003304820), current state 2, pending state 0
2024-07-23 17:38:17.435 Df UserEventAgent[1542:30c7] [com.apple.xpc.activity:Activities] Running (PID 2309): com.apple.searchd.indexmaintenance.Priority (0x100e06900)
2024-07-23 17:38:17.435 Df searchd[2309:59ea] [com.apple.corespotlight:index] Performing XPC activity:com.apple.searchd.indexmaintenance.NSFileProtectionCompleteUntilFirstUserAuthentication, state:2
2024-07-23 17:38:17.435 Df searchd[2309:59ea] [com.apple.xpc.activity:Client] _xpc_activity_set_state: com.apple.searchd.indexmaintenance.NSFileProtectionCompleteUntilFirstUserAuthentication (0x600003304820), 4
2024-07-23 17:38:17.435 Df UserEventAgent[1542:30c7] [com.apple.xpc.activity:Activities] Completed: com.apple.searchd.indexmaintenance.NSFileProtectionCompleteUnlessOpen (0x101b10ae0)
2024-07-23 17:38:17.435 Df searchd[2309:59ea] [com.apple.xpc.activity:Client] __XPC_ACTIVITY_CALLING_HANDLER__ returned from handler: com.apple.searchd.indexmaintenance.NSFileProtectionCompleteUntilFirstUserAuthentication (0x600003304820), current state 2, pending state 4
2024-07-23 17:38:17.435 Df searchd[2309:59ea] [com.apple.xpc.activity:Client] _xpc_activity_set_state: send new state to CTS: com.apple.searchd.indexmaintenance.NSFileProtectionCompleteUntilFirstUserAuthentication (0x600003304820), 4
2024-07-23 17:38:17.435 Df searchd[2309:59ea] [com.apple.xpc.activity:Client] _xpc_activity_set_state: send new state to CTS: com.apple.searchd.indexmaintenance.NSFileProtectionCompleteUnlessOpen (0x6000033046e0), 5
2024-07-23 17:38:17.432 Df searchd[2309:5c17] [com.apple.xpc.activity:Client] _xpc_activity_set_state_from_cts: com.apple.searchd.indexmaintenance.NSFileProtectionCompleteWhenUserInactive (0x600003304780), set activity state to 2
2024-07-23 17:38:17.435 Df searchd[2309:59df] [com.apple.corespotlight:index] Performing full merge, dataclass:NSFileProtectionCompleteUntilFirstUserAuthentication
2024-07-23 17:38:17.435 Df searchd[2309:5c19] [com.apple.xpc.activity:Client] _xpc_activity_set_state_from_cts: com.apple.searchd.indexmaintenance.Priority (0x600003318820), set activity state to 2
2024-07-23 17:38:17.435 Df searchd[2309:59ea] [com.apple.xpc.activity:Client] _xpc_activity_set_state_from_cts: com.apple.searchd.indexmaintenance.NSFileProtectionCompleteUnlessOpen (0x6000033046e0), set activity state to 5
2024-07-23 17:38:17.435 Df searchd[2309:5c17] [com.apple.xpc.activity:Client] __XPC_ACTIVITY_CALLING_HANDLER__: com.apple.searchd.indexmaintenance.NSFileProtectionCompleteWhenUserInactive (0x600003304780), current state 2, pending state 0
2024-07-23 17:38:17.437 Df searchd[2309:5c19] [com.apple.xpc.activity:Client] __XPC_ACTIVITY_CALLING_HANDLER__: com.apple.searchd.indexmaintenance.Priority (0x600003318820), current state 2, pending state 0
2024-07-23 17:38:17.437 Df searchd[2309:5c17] [com.apple.corespotlight:index] Performing XPC activity:com.apple.searchd.indexmaintenance.NSFileProtectionCompleteWhenUserInactive, state:2
2024-07-23 17:38:17.437 Df searchd[2309:5c19] [com.apple.corespotlight:index] Performing XPC activity:com.apple.searchd.indexmaintenance.Priority, state:2
2024-07-23 17:38:17.437 Df searchd[2309:5c17] [com.apple.xpc.activity:Client] _xpc_activity_set_state: com.apple.searchd.indexmaintenance.NSFileProtectionCompleteWhenUserInactive (0x600003304780), 4
2024-07-23 17:38:17.437 Df searchd[2309:5c19] [com.apple.xpc.activity:Client] _xpc_activity_set_state: com.apple.searchd.indexmaintenance.Priority (0x600003318820), 4
2024-07-23 17:38:17.437 Df searchd[2309:5c17] [com.apple.xpc.activity:Client] __XPC_ACTIVITY_CALLING_HANDLER__ returned from handler: com.apple.searchd.indexmaintenance.NSFileProtectionCompleteWhenUserInactive (0x600003304780), current state 2, pending state 4
2024-07-23 17:38:17.437 Df searchd[2309:5c19] [com.apple.xpc.activity:Client] __XPC_ACTIVITY_CALLING_HANDLER__ returned from handler: com.apple.searchd.indexmaintenance.Priority (0x600003318820), current state 2, pending state 4
2024-07-23 17:38:17.437 Df searchd[2309:5c17] [com.apple.xpc.activity:Client] _xpc_activity_set_state: send new state to CTS: com.apple.searchd.indexmaintenance.NSFileProtectionCompleteWhenUserInactive (0x600003304780), 4
2024-07-23 17:38:17.437 Df searchd[2309:59ea] [com.apple.xpc.activity:Client] __xpc_activity_unregister: com.apple.searchd.indexmaintenance.NSFileProtectionCompleteUnlessOpen (0x6000033046e0) seqno: 2, (is registered)
2024-07-23 17:38:17.437 Df searchd[2309:59df] [com.apple.corespotlight:index] Performing full merge, dataclass:NSFileProtectionCompleteWhenUserInactive
2024-07-23 17:38:17.437 Df searchd[2309:5c19] [com.apple.xpc.activity:Client] _xpc_activity_set_state: send new state to CTS: com.apple.searchd.indexmaintenance.Priority (0x600003318820), 4
2024-07-23 17:38:17.437 Df searchd[2309:59ea] [com.apple.xpc.activity:Client] _xpc_activity_unregister: com.apple.searchd.indexmaintenance.NSFileProtectionCompleteUnlessOpen 2, last registration: true
2024-07-23 17:38:17.438 Df searchd[2309:59df] [com.apple.corespotlight:index] Performing full merge, dataclass:Priority
2024-07-23 17:38:17.438 Df searchd[2309:59ea] [com.apple.xpc.activity:Client] _xpc_activity_end_running: com.apple.searchd.indexmaintenance.NSFileProtectionCompleteUnlessOpen (0x6000033046e0) seqno: 2.
2024-07-23 17:38:17.438 Df searchd[2309:59ea] [com.apple.xpc.activity:Client] _xpc_activity_dispose: com.apple.searchd.indexmaintenance.NSFileProtectionCompleteUnlessOpen (0x6000033046e0) seqno: 2, (not running)
2024-07-23 17:38:17.439 Df UserEventAgent[1542:30c7] [com.apple.xpc:connection] [0x101c0d150] invalidated after getting a no-senders notification - client is gone
2024-07-23 17:38:17.438 Df searchd[2309:59ea] [com.apple.xpc:connection] [0x105f08180] invalidated because the current process cancelled the connection by calling xpc_connection_cancel()
2024-07-23 17:38:17.439 Df UserEventAgent[1542:26f1] [com.apple.xpc:connection] [0x101f07120] invalidated because the current process cancelled the connection by calling xpc_connection_cancel()
2024-07-23 17:38:17.439 Df UserEventAgent[1542:30c7] [com.apple.xpc.activity:Activities] Unregistered on XPC remove event: com.apple.searchd.indexmaintenance.NSFileProtectionCompleteUnlessOpen (0x101b10ae0)
2024-07-23 17:38:17.439 Df UserEventAgent[1542:30c7] [com.apple.xpc:connection] [0x100f07c20] invalidated because the current process cancelled the connection by calling xpc_connection_cancel()
2024-07-23 17:38:17.440 Df searchd[2309:59e9] [com.apple.spotlightindex:SDB] copy file /Users/appinventiv/Library/Developer/CoreSimulator/Devices/04077649-5DD1-48EA-A3F0-8DED1ADC3EEB/data/Library/Spotlight/CoreSpotlight/NSFileProtectionComplete/index.spotlightV2/.store.db to /Users/appinventiv/Library/Developer/CoreSimulator/Devices/04077649-5DD1-48EA-A3F0-8DED1ADC3EEB/data/Library/Spotlight/CoreSpotlight/NSFileProtectionComplete/index.spotlightV2/store.db
2024-07-23 17:38:17.442 Df searchd[2309:5c19] [com.apple.spotlightindex:SDB] copy file /Users/appinventiv/Library/Developer/CoreSimulator/Devices/04077649-5DD1-48EA-A3F0-8DED1ADC3EEB/data/Library/Spotlight/CoreSpotlight/Priority/index.spotlightV2/.store.db to /Users/appinventiv/Library/Developer/CoreSimulator/Devices/04077649-5DD1-48EA-A3F0-8DED1ADC3EEB/data/Library/Spotlight/CoreSpotlight/Priority/index.spotlightV2/store.db
2024-07-23 17:38:17.446 Df searchd[2309:59ea] [com.apple.spotlightindex:SDB] copy file /Users/appinventiv/Library/Developer/CoreSimulator/Devices/04077649-5DD1-48EA-A3F0-8DED1ADC3EEB/data/Library/Spotlight/CoreSpotlight/NSFileProtectionCompleteWhenUserInactive/index.spotlightV2/.store.db to /Users/appinventiv/Library/Developer/CoreSimulator/Devices/04077649-5DD1-48EA-A3F0-8DED1ADC3EEB/data/Library/Spotlight/CoreSpotlight/NSFileProtectionCompleteWhenUserInactive/index.spotlightV2/store.db
2024-07-23 17:38:17.451 Df searchd[2309:59df] [com.apple.spotlightindex:SDB] copy file /Users/appinventiv/Library/Developer/CoreSimulator/Devices/04077649-5DD1-48EA-A3F0-8DED1ADC3EEB/data/Library/Spotlight/CoreSpotlight/NSFileProtectionCompleteUntilFirstUserAuthentication/index.spotlightV2/.store.db to /Users/appinventiv/Library/Developer/CoreSimulator/Devices/04077649-5DD1-48EA-A3F0-8DED1ADC3EEB/data/Library/Spotlight/CoreSpotlight/NSFileProtectionCompleteUntilFirstUserAuthentication/index.spotlightV2/store.db
2024-07-23 17:38:17.458 Df searchd[2309:59e9] [com.apple.xpc:connection] [0x105e06b50] invalidated after getting a no-senders notification - client is gone
2024-07-23 17:38:17.459 E  searchd[2309:59ea] [com.apple.spotlightindex:General] fd_create_sibling_protected:367: Open failed on reverseStore.updates child of 17 with error 1
2024-07-23 17:38:17.459 E  searchd[2309:59ea] (MobileSpotlightIndex) store_stream_init err:9
2024-07-23 17:38:17.459 E  searchd[2309:59ea] [com.apple.spotlightindex:General] post_shadow_datastore:1415: reverseStoreStoreDirtyBitmap err:9
2024-07-23 17:38:17.460 E  searchd[2309:59ea] [com.apple.spotlightindex:General] indexShadowAndCommitBulk:1257: postShadow error:9 0
2024-07-23 17:38:17.460 E  searchd[2309:59ea] [com.apple.spotlightindex:General] _CISyncContextShadow:1546: indexShadowAndCommitBulk error:9
2024-07-23 17:38:17.460 E  searchd[2309:59ea] [com.apple.spotlightindex:CI] _ContentIndexSyncIndexBulk:1613: Sync shadow error: 9
2024-07-23 17:38:17.461 Df searchd[2309:59ea] [com.apple.spotlightindex:General] *warn* Marking the index as unavailable, error:9, reason:"sync err", options:0x2, path:/Users/appinventiv/Library/Developer/CoreSimulator/Devices/04077649-5DD1-48EA-A3F0-8DED1ADC3EEB/data/Library/Spotlight/CoreSpotlight/NSFileProtectionCompleteWhenUserInactive/index.spotlightV2
2024-07-23 17:38:17.461 Df searchd[2309:59ea] [com.apple.CoreAnalytics:client] Entering exit handler.
2024-07-23 17:38:17.461 Df searchd[2309:59ea] [com.apple.CoreAnalytics:client] Exiting exit handler.
2024-07-23 17:38:17.461 Df UserEventAgent[1542:26f1] [com.apple.xpc:connection] [0x101f07230] Re-initialization successful; calling out to event handler with XPC_ERROR_CONNECTION_INTERRUPTED
2024-07-23 17:38:17.461 Df fileproviderd[1745:5876] [com.apple.xpc:connection] [0x101305ff0] invalidated after getting a no-senders notification - client is gone
2024-07-23 17:38:17.461 Df UserEventAgent[1542:26f1] [com.apple.xpc:connection] [0x100e06e00] Re-initialization successful; calling out to event handler with XPC_ERROR_CONNECTION_INTERRUPTED
2024-07-23 17:38:17.461 Df cfprefsd[1582:5a83] [com.apple.xpc:connection] [0x100c06040] invalidated after getting a no-senders notification - client is gone
2024-07-23 17:38:17.461 Df SpringBoard[1543:57f2] [com.apple.xpc:connection] [0x600003d311d0] Re-initialization successful; calling out to event handler with XPC_ERROR_CONNECTION_INTERRUPTED
2024-07-23 17:38:17.461 Df UserEventAgent[1542:26f1] [com.apple.xpc:connection] [0x100f07e60] Re-initialization successful; calling out to event handler with XPC_ERROR_CONNECTION_INTERRUPTED
2024-07-23 17:38:17.462 Df distnoted[1567:3462] [com.apple.xpc:connection] [0x10130e430] invalidated after getting a no-senders notification - client is gone
2024-07-23 17:38:17.461 Df UserEventAgent[1542:30c7] [com.apple.xpc:connection] [0x104005e70] Re-initialization successful; calling out to event handler with XPC_ERROR_CONNECTION_INTERRUPTED
2024-07-23 17:38:17.462 Df distnoted[1567:3462] [com.apple.xpc:connection] [0x10130a6c0] invalidated after getting a no-senders notification - client is gone
2024-07-23 17:38:17.461 Df UserEventAgent[1542:26f1] [com.apple.xpc:connection] [0x101f07010] Re-initialization successful; calling out to event handler with XPC_ERROR_CONNECTION_INTERRUPTED
2024-07-23 17:38:17.461 Df UserEventAgent[1542:26f1] [com.apple.xpc:connection] [0x101c0d290] invalidated after getting a no-senders notification - client is gone
2024-07-23 17:38:17.462 Df UserEventAgent[1542:26f1] [com.apple.xpc.activity:Activities] Deferring: com.apple.searchd.indexmaintenance.Priority (0x100e06900)
2024-07-23 17:38:17.462 Df UserEventAgent[1542:26f1] [com.apple.xpc:connection] [0x101b10bf0] invalidated after getting a no-senders notification - client is gone
2024-07-23 17:38:17.463 Df UserEventAgent[1542:26f1] [com.apple.xpc.activity:Activities] Deferring: com.apple.searchd.indexmaintenance.NSFileProtectionComplete (0x104007ce0)
2024-07-23 17:38:17.463 Df UserEventAgent[1542:26f1] [com.apple.xpc:connection] [0x101e0d730] invalidated after getting a no-senders notification - client is gone
2024-07-23 17:38:17.463 Df UserEventAgent[1542:26f1] [com.apple.xpc.activity:Activities] Deferring: com.apple.searchd.indexmaintenance.NSFileProtectionCompleteUntilFirstUserAuthentication (0x101b109d0)
2024-07-23 17:38:17.463 Df UserEventAgent[1542:26f1] [com.apple.xpc:connection] [0x101d0d560] invalidated after getting a no-senders notification - client is gone
2024-07-23 17:38:17.464 Df UserEventAgent[1542:26f1] [com.apple.xpc.activity:Activities] Deferring: com.apple.searchd.indexmaintenance.NSFileProtectionCompleteWhenUserInactive (0x101d0d450)
2024-07-23 17:38:17.465 Df lsd[1584:58b7] [com.apple.xpc:connection] [0x105906370] invalidated after getting a no-senders notification - client is gone
2024-07-23 17:38:17.466 Df lsd[1584:58b7] [com.apple.xpc:connection] [0x105a0a0c0] invalidated after getting a no-senders notification - client is gone
2024-07-23 17:38:17.466 Df lsd[1584:58b7] [com.apple.launchservices:progress] LSInstallProgress: Connection invalidated or interupted <NSXPCConnection: 0x6000033008c0> connection from pid 2309 on mach service named com.apple.lsd.xpc
2024-07-23 17:38:17.466 Df siriactionsd[1594:5a0f] [com.apple.xpc:connection] [0x600003d0c0f0] Re-initialization successful; calling out to event handler with XPC_ERROR_CONNECTION_INTERRUPTED
2024-07-23 17:38:17.466 Df siriactionsd[1594:5a0f] [com.apple.corespotlight:default] ### Connection error 0x600001709080 Connection interrupted for com.apple.spotlight.SearchAgent
2024-07-23 17:38:17.466 Df passd[1568:45e5] [com.apple.xpc:connection] [0x600003d1c4b0] Re-initialization successful; calling out to event handler with XPC_ERROR_CONNECTION_INTERRUPTED
2024-07-23 17:38:17.467 Df siriactionsd[1594:5a0f] [com.apple.xpc:connection] [0x600003d0c4b0] Re-initialization successful; calling out to event handler with XPC_ERROR_CONNECTION_INTERRUPTED
2024-07-23 17:38:17.467 Df siriactionsd[1594:5a0f] [com.apple.corespotlight:default] ### Connection error 0x600001709940 Connection interrupted for com.apple.spotlight.IndexAgent
2024-07-23 17:38:17.467 Df siriactionsd[1594:5a0f] [com.apple.xpc:connection] [0x600003d000f0] Re-initialization successful; calling out to event handler with XPC_ERROR_CONNECTION_INTERRUPTED
2024-07-23 17:38:17.467 Df passd[1568:45e5] [com.apple.corespotlight:default] ### Connection error 0x60000171d600 Connection interrupted for com.apple.spotlight.IndexDelegateAgent
2024-07-23 17:38:17.467 Df siriactionsd[1594:5a0f] [com.apple.corespotlight:default] ### Connection error 0x60000170ce00 Connection interrupted for com.apple.spotlight.IndexDelegateAgent
2024-07-23 17:38:17.468 Df financed[1704:45ee] [com.apple.xpc:connection] [0x600003d080f0] Re-initialization successful; calling out to event handler with XPC_ERROR_CONNECTION_INTERRUPTED
2024-07-23 17:38:17.468 Df financed[1704:45ee] [com.apple.corespotlight:default] ### Connection error 0x600001700580 Connection interrupted for com.apple.spotlight.IndexAgent
2024-07-23 17:38:17.468 Df appstored[1708:45e0] [com.apple.xpc:connection] [0x600003d0cc30] Re-initialization successful; calling out to event handler with XPC_ERROR_CONNECTION_INTERRUPTED
2024-07-23 17:38:17.468 Df appstored[1708:45e0] [com.apple.corespotlight:default] ### Connection error 0x600001724100 Connection interrupted for com.apple.spotlight.IndexDelegateAgent
2024-07-23 17:38:17.469 Df pkd[1605:58b4] [com.apple.xpc:connection] [0x101506da0] invalidated after getting a no-senders notification - client is gone
2024-07-23 17:38:17.469 Df remindd[1571:3704] [com.apple.xpc:connection] [0x600003d0c0f0] Re-initialization successful; calling out to event handler with XPC_ERROR_CONNECTION_INTERRUPTED
2024-07-23 17:38:17.470 Df runningboardd[1546:57df] [com.apple.xpc:connection] [0x1026072c0] invalidated after getting a no-senders notification - client is gone
2024-07-23 17:38:17.470 Df runningboardd[1546:57df] [com.apple.runningboard:process] XPC connection invalidated: [osservice<com.apple.searchd>:2309]
2024-07-23 17:38:17.470 Df remindd[1571:3704] [com.apple.corespotlight:default] ### Connection error 0x6000017101c0 Connection interrupted for com.apple.spotlight.IndexAgent
2024-07-23 17:38:17.471 Df LocalStorageFileProvider[2379:5c1d] [com.apple.xpc:connection] [0x600003d001e0] Re-initialization successful; calling out to event handler with XPC_ERROR_CONNECTION_INTERRUPTED
2024-07-23 17:38:17.471 Df LocalStorageFileProvider[2379:5839] [com.apple.xpc:connection] [0x600003d08000] Re-initialization successful; calling out to event handler with XPC_ERROR_CONNECTION_INTERRUPTED
2024-07-23 17:38:17.471 Df maild[1806:5c1f] [com.apple.xpc:connection] [0x105d78d00] Re-initialization successful; calling out to event handler with XPC_ERROR_CONNECTION_INTERRUPTED
2024-07-23 17:38:17.471 Df suggestd[1630:58bf] [com.apple.xpc:connection] [0x600003d08a50] Re-initialization successful; calling out to event handler with XPC_ERROR_CONNECTION_INTERRUPTED
2024-07-23 17:38:17.472 Df maild[1806:5868] [com.apple.xpc:connection] [0x105d78a00] Re-initialization successful; calling out to event handler with XPC_ERROR_CONNECTION_INTERRUPTED
2024-07-23 17:38:17.472 Df LocalStorageFileProvider[2379:5839] [com.apple.corespotlight:default] ### Connection error 0x60000170d300 Connection interrupted for com.apple.spotlight.IndexAgent
2024-07-23 17:38:17.472 Df suggestd[1630:58bf] [com.apple.corespotlight:default] ### Connection error 0x600001722900 Connection interrupted for com.apple.spotlight.SearchAgent
2024-07-23 17:38:17.472 Df maild[1806:5c1f] [com.apple.corespotlight:default] ### Connection error 0x105d3af80 Connection interrupted for com.apple.spotlight.IndexAgent
2024-07-23 17:38:17.473 Df suggestd[1630:58bf] [com.apple.xpc:connection] [0x101606ba0] invalidated after getting a no-senders notification - client is gone
2024-07-23 17:38:17.473 Df suggestd[1630:5c1c] [com.apple.xpc:connection] [0x600003d0c0f0] Re-initialization successful; calling out to event handler with XPC_ERROR_CONNECTION_INTERRUPTED
2024-07-23 17:38:17.473 Df mobileassetd[1624:52d5] [com.apple.xpc:connection] [0x10330d3d0] invalidated after getting a no-senders notification - client is gone
2024-07-23 17:38:17.473 Df LocalStorageFileProvider[2379:5c1d] [com.apple.corespotlight:default] ### Connection error 0x600001705180 Connection interrupted for com.apple.spotlight.IndexDelegateAgent
2024-07-23 17:38:17.473 Df maild[1806:5868] [com.apple.corespotlight:default] ### Connection error 0x105d3af40 Connection interrupted for com.apple.spotlight.IndexDelegateAgent
2024-07-23 17:38:17.473 Df suggestd[1630:5c1c] [com.apple.corespotlight:default] ### Connection error 0x60000170cc80 Connection interrupted for com.apple.spotlight.IndexDelegateAgent
2024-07-23 17:38:17.474 Df runningboardd[1546:5157] [com.apple.libxpc.OSLaunchdJob:all] 4C665DF3-ED3C-4271-A98F-68615907083D monitor: got an update with info exited, wait4() status=0
2024-07-23 17:38:17.475 Df runningboardd[1546:5157] [com.apple.runningboard:ttl] [osservice<com.apple.searchd>:2309] termination reported by launchd (0, 0, 0)
2024-07-23 17:38:17.475 Df runningboardd[1546:5157] [com.apple.runningboard:process] Removing process: [osservice<com.apple.searchd>:2309]
2024-07-23 17:38:17.475 Df runningboardd[1546:5157] [com.apple.runningboard:general] removeJobWithInstance called for identity without existing job [osservice<com.apple.searchd>:2309]
2024-07-23 17:38:17.475 Df runningboardd[1546:5157] [com.apple.runningboard:process] Removing assertions for terminated process: [osservice<com.apple.searchd>:2309]
2024-07-23 17:38:17.475 A  runningboardd[1546:5157] (RunningBoard) state update
2024-07-23 17:38:17.475 A  runningboardd[1546:5157] (RunningBoard) state notification
2024-07-23 17:38:17.476 A  SpringBoard[1543:57f2] (RunningBoardServices) observedProcessStatesDidChange
2024-07-23 17:38:17.476 Df SpringBoard[1543:57f2] [com.apple.runningboard:monitor] Received state update for 2309 (osservice<com.apple.searchd>, none-NotVisible
2024-07-23 17:38:17.476 A  runningboardd[1546:5157] (RunningBoard) statesForPredicate
2024-07-23 17:38:17.477 Df testmanagerd[2352:3439] [com.apple.dt.xctest:Default] Handling kAXPidStatusChangedNotification from AX element pid: 1543, elementOrHash.elementID: 0.0 (0x60000210d0e0)
2024-07-23 17:38:17.477 Df testmanagerd[2352:5a80] [com.apple.dt.xctest:Default] Calling handler for AX notification kAXPidStatusChangedNotification from AX element pid: 1543, elementOrHash.elementID: 0.0 with payload {
    "display-type" = 0;
    pid = 2309;
    "suspended-status" = suspended;
}
2024-07-23 17:38:17.790 Df testmanagerd[2352:5a80] [com.apple.dt.xctest:Default] XCTPerformOnMainRunLoop[not MT]: about to CFRunLoopPerform
2024-07-23 17:38:17.790 Df testmanagerd[2352:5a80] [com.apple.dt.xctest:Default] XCTPerformOnMainRunLoop[not MT]: waiting with 30.00s responsiveness timeout
2024-07-23 17:38:17.790 Df testmanagerd[2352:3439] [com.apple.dt.xctest:Default] XCTPerformOnMainRunLoop[MT]: inside CFRunLoopPerform
2024-07-23 17:38:17.790 Df testmanagerd[2352:3439] [com.apple.dt.xctest:Default] XCTPerformOnMainRunLoop[MT]: MT responded in time (won the race to the busy flag)
2024-07-23 17:38:17.790 Df testmanagerd[2352:5a80] [com.apple.dt.xctest:Default] XCTPerformOnMainRunLoop[not MT]: waiting 60.00s for work to complete
2024-07-23 17:38:17.791 Df testmanagerd[2352:3439] [com.apple.dt.xctest:Default] Got main window <AXUIElementRef 0x600000c189c0> {pid=3308} {uid=[ID:4 hash:0x10440b5e0]}
2024-07-23 17:38:17.791 Df testmanagerd[2352:3439] [com.apple.dt.xctest:Default] Capturing hierarchy with attributes XC_kAXXCAttributeLabel, XC_kAXXCAttributeHorizontalSizeClass, XC_kAXXCAttributeTraits, XC_kAXXCAttributePlaceholderValue, XC_kAXXCAttributeWindowDisplayId, XC_kAXXCAttributeBannerIsStickyAttribute, XC_kAXXCAttributeIdentifier, XC_kAXXCAttributeIsUserInteractionEnabled, XC_kAXXCAttributeURL, XC_kAXXCAttributeUserTestingElements, XC_kAXXCAttributeHasNativeFocus, XC_kAXXCAttributeVerticalSizeClass, XC_kAXXCAttributeTruncatedValue, XC_kAXXCAttributeViewControllerTitle, XC_kAXXCAttributeFrame, XC_kAXXCAttributeWindowContextId, XC_kAXXCAttributeSystemAutomationProperties, XC_kAXXCAttributeParent, XC_kAXXCAttributeAutomationType, XC_kAXXCAttributeViewControllerClassName, XC_kAXXCAttributeElementType, XC_kAXXCAttributeElementBaseType
2024-07-23 17:38:17.791 Df testmanagerd[2352:3439] [com.apple.dt.xctest:Default] Capturing hierarchy with parameters {
    attributes =     (
        2001,
        2086,
        2004,
        5043,
        2123,
        2129,
        5019,
        5034,
        2020,
        5009,
        2094,
        2087,
        2158,
        5041,
        2003,
        2021,
        5063,
        5002,
        5058,
        5042,
        5003,
        5004
    );
    maxArrayCount = 2147483647;
    maxChildren = 2147483647;
    maxDepth = 50;
    snapshotKeyHonorModalViews = 0;
    traverseFromParentsToChildren = 1;
}
2024-07-23 17:38:17.791 Df testmanagerd[2352:3439] [com.apple.dt.xctest:Default] Snapshot attributes 2001, 2086, 2004, 5043, 2123, 2129, 5019, 5034, 2020, 5009, 2094, 2087, 2158, 5041, 2003, 2021, 5063, 5002, 5058, 5042, 5003, 5004
2024-07-23 17:38:17.810 Df testmanagerd[2352:3439] [com.apple.dt.xctest:Default] Got snapshot for <AXUIElementRef 0x600000c18870> {pid=3308} {uid=[ID:1 hash:0x0]}
2024-07-23 17:38:17.810 Df testmanagerd[2352:3439] [com.apple.dt.xctest:Default] Got app orientation 0
2024-07-23 17:38:17.810 Df testmanagerd[2352:3439] [com.apple.dt.xctest:Default] Captured accessibility snapshot data in 0.02s
2024-07-23 17:38:17.810 Df testmanagerd[2352:5a80] [com.apple.dt.xctest:Default] Checking 'wdiodemoapp' for privileged AX value slot attributes
2024-07-23 17:38:17.811 Df testmanagerd[2352:5a80] [com.apple.dt.xctest:Default] Found main window: Window, {{0.0, 0.0}, {393.0, 852.0}}
2024-07-23 17:38:17.811 Df testmanagerd[2352:5a80] [com.apple.dt.xctest:Default] Checking 'Home' for privileged AX value slot attributes
2024-07-23 17:38:17.811 Df testmanagerd[2352:5a80] [com.apple.dt.xctest:Default] Checking 'Webview' for privileged AX value slot attributes
2024-07-23 17:38:17.811 Df testmanagerd[2352:5a80] [com.apple.dt.xctest:Default] Checking 'Login' for privileged AX value slot attributes
2024-07-23 17:38:17.811 Df testmanagerd[2352:5a80] [com.apple.dt.xctest:Default] Checking 'Forms' for privileged AX value slot attributes
2024-07-23 17:38:17.811 Df testmanagerd[2352:5a80] [com.apple.dt.xctest:Default] Checking 'Swipe' for privileged AX value slot attributes
2024-07-23 17:38:17.811 Df testmanagerd[2352:5a80] [com.apple.dt.xctest:Default] Checking 'Drag' for privileged AX value slot attributes
2024-07-23 17:38:18.360 Df testmanagerd[2352:57d2] [com.apple.dt.xctest:Default] XCTPerformOnMainRunLoop[not MT]: about to CFRunLoopPerform
2024-07-23 17:38:18.360 Df testmanagerd[2352:57d2] [com.apple.dt.xctest:Default] XCTPerformOnMainRunLoop[not MT]: waiting with 30.00s responsiveness timeout
2024-07-23 17:38:18.360 Df testmanagerd[2352:3439] [com.apple.dt.xctest:Default] XCTPerformOnMainRunLoop[MT]: inside CFRunLoopPerform
2024-07-23 17:38:18.361 Df testmanagerd[2352:3439] [com.apple.dt.xctest:Default] XCTPerformOnMainRunLoop[MT]: MT responded in time (won the race to the busy flag)
2024-07-23 17:38:18.361 Df testmanagerd[2352:57d2] [com.apple.dt.xctest:Default] XCTPerformOnMainRunLoop[not MT]: waiting 60.00s for work to complete
2024-07-23 17:38:18.362 Df testmanagerd[2352:3439] [com.apple.dt.xctest:Default] Got main window <AXUIElementRef 0x600000c22f70> {pid=3308} {uid=[ID:4 hash:0x10440b5e0]}
2024-07-23 17:38:18.362 Df testmanagerd[2352:3439] [com.apple.dt.xctest:Default] Capturing hierarchy with attributes XC_kAXXCAttributeLabel, XC_kAXXCAttributeHorizontalSizeClass, XC_kAXXCAttributeTraits, XC_kAXXCAttributePlaceholderValue, XC_kAXXCAttributeWindowDisplayId, XC_kAXXCAttributeBannerIsStickyAttribute, XC_kAXXCAttributeIdentifier, XC_kAXXCAttributeIsUserInteractionEnabled, XC_kAXXCAttributeURL, XC_kAXXCAttributeUserTestingElements, XC_kAXXCAttributeHasNativeFocus, XC_kAXXCAttributeVerticalSizeClass, XC_kAXXCAttributeTruncatedValue, XC_kAXXCAttributeViewControllerTitle, XC_kAXXCAttributeFrame, XC_kAXXCAttributeWindowContextId, XC_kAXXCAttributeSystemAutomationProperties, XC_kAXXCAttributeParent, XC_kAXXCAttributeAutomationType, XC_kAXXCAttributeViewControllerClassName, XC_kAXXCAttributeElementType, XC_kAXXCAttributeElementBaseType
2024-07-23 17:38:18.362 Df testmanagerd[2352:3439] [com.apple.dt.xctest:Default] Capturing hierarchy with parameters {
    attributes =     (
        2001,
        2086,
        2004,
        5043,
        2123,
        2129,
        5019,
        5034,
        2020,
        5009,
        2094,
        2087,
        2158,
        5041,
        2003,
        2021,
        5063,
        5002,
        5058,
        5042,
        5003,
        5004
    );
    maxArrayCount = 2147483647;
    maxChildren = 2147483647;
    maxDepth = 50;
    snapshotKeyHonorModalViews = 0;
    traverseFromParentsToChildren = 1;
}
2024-07-23 17:38:18.362 Df testmanagerd[2352:3439] [com.apple.dt.xctest:Default] Snapshot attributes 2001, 2086, 2004, 5043, 2123, 2129, 5019, 5034, 2020, 5009, 2094, 2087, 2158, 5041, 2003, 2021, 5063, 5002, 5058, 5042, 5003, 5004
2024-07-23 17:38:18.390 Df testmanagerd[2352:3439] [com.apple.dt.xctest:Default] Got snapshot for <AXUIElementRef 0x600000c3ac70> {pid=3308} {uid=[ID:1 hash:0x0]}
2024-07-23 17:38:18.391 Df testmanagerd[2352:3439] [com.apple.dt.xctest:Default] Got app orientation 0
2024-07-23 17:38:18.391 Df testmanagerd[2352:3439] [com.apple.dt.xctest:Default] Captured accessibility snapshot data in 0.03s
2024-07-23 17:38:18.391 Df testmanagerd[2352:57d2] [com.apple.dt.xctest:Default] Checking 'wdiodemoapp' for privileged AX value slot attributes
2024-07-23 17:38:18.391 Df testmanagerd[2352:57d2] [com.apple.dt.xctest:Default] Found main window: Window, {{0.0, 0.0}, {393.0, 852.0}}
2024-07-23 17:38:18.391 Df testmanagerd[2352:57d2] [com.apple.dt.xctest:Default] Checking 'Home' for privileged AX value slot attributes
2024-07-23 17:38:18.391 Df testmanagerd[2352:57d2] [com.apple.dt.xctest:Default] Checking 'Webview' for privileged AX value slot attributes
2024-07-23 17:38:18.392 Df testmanagerd[2352:57d2] [com.apple.dt.xctest:Default] Checking 'Login' for privileged AX value slot attributes
2024-07-23 17:38:18.392 Df testmanagerd[2352:57d2] [com.apple.dt.xctest:Default] Checking 'Forms' for privileged AX value slot attributes
2024-07-23 17:38:18.392 Df testmanagerd[2352:57d2] [com.apple.dt.xctest:Default] Checking 'Swipe' for privileged AX value slot attributes
2024-07-23 17:38:18.392 Df testmanagerd[2352:57d2] [com.apple.dt.xctest:Default] Checking 'Drag' for privileged AX value slot attributes
2024-07-23 17:38:18.922 Df testmanagerd[2352:57d2] [com.apple.dt.xctest:Default] XCTPerformOnMainRunLoop[not MT]: about to CFRunLoopPerform
2024-07-23 17:38:18.923 Df testmanagerd[2352:57d2] [com.apple.dt.xctest:Default] XCTPerformOnMainRunLoop[not MT]: waiting with 30.00s responsiveness timeout
2024-07-23 17:38:18.923 Df testmanagerd[2352:3439] [com.apple.dt.xctest:Default] XCTPerformOnMainRunLoop[MT]: inside CFRunLoopPerform
2024-07-23 17:38:18.923 Df testmanagerd[2352:3439] [com.apple.dt.xctest:Default] XCTPerformOnMainRunLoop[MT]: MT responded in time (won the race to the busy flag)
2024-07-23 17:38:18.923 Df testmanagerd[2352:57d2] [com.apple.dt.xctest:Default] XCTPerformOnMainRunLoop[not MT]: waiting 60.00s for work to complete
2024-07-23 17:38:18.924 Df testmanagerd[2352:3439] [com.apple.dt.xctest:Default] Got main window <AXUIElementRef 0x600000c05b30> {pid=3308} {uid=[ID:4 hash:0x10440b5e0]}
2024-07-23 17:38:18.924 Df testmanagerd[2352:3439] [com.apple.dt.xctest:Default] Capturing hierarchy with attributes XC_kAXXCAttributeLabel, XC_kAXXCAttributeHorizontalSizeClass, XC_kAXXCAttributeTraits, XC_kAXXCAttributePlaceholderValue, XC_kAXXCAttributeWindowDisplayId, XC_kAXXCAttributeBannerIsStickyAttribute, XC_kAXXCAttributeIdentifier, XC_kAXXCAttributeIsUserInteractionEnabled, XC_kAXXCAttributeURL, XC_kAXXCAttributeUserTestingElements, XC_kAXXCAttributeHasNativeFocus, XC_kAXXCAttributeVerticalSizeClass, XC_kAXXCAttributeTruncatedValue, XC_kAXXCAttributeViewControllerTitle, XC_kAXXCAttributeFrame, XC_kAXXCAttributeWindowContextId, XC_kAXXCAttributeSystemAutomationProperties, XC_kAXXCAttributeParent, XC_kAXXCAttributeAutomationType, XC_kAXXCAttributeViewControllerClassName, XC_kAXXCAttributeElementType, XC_kAXXCAttributeElementBaseType
2024-07-23 17:38:18.924 Df testmanagerd[2352:3439] [com.apple.dt.xctest:Default] Capturing hierarchy with parameters {
    attributes =     (
        2001,
        2086,
        2004,
        5043,
        2123,
        2129,
        5019,
        5034,
        2020,
        5009,
        2094,
        2087,
        2158,
        5041,
        2003,
        2021,
        5063,
        5002,
        5058,
        5042,
        5003,
        5004
    );
    maxArrayCount = 2147483647;
    maxChildren = 2147483647;
    maxDepth = 50;
    snapshotKeyHonorModalViews = 0;
    traverseFromParentsToChildren = 1;
}
2024-07-23 17:38:18.924 Df testmanagerd[2352:3439] [com.apple.dt.xctest:Default] Snapshot attributes 2001, 2086, 2004, 5043, 2123, 2129, 5019, 5034, 2020, 5009, 2094, 2087, 2158, 5041, 2003, 2021, 5063, 5002, 5058, 5042, 5003, 5004
2024-07-23 17:38:18.953 Df testmanagerd[2352:3439] [com.apple.dt.xctest:Default] Got snapshot for <AXUIElementRef 0x600000c237e0> {pid=3308} {uid=[ID:1 hash:0x0]}
2024-07-23 17:38:18.953 Df testmanagerd[2352:3439] [com.apple.dt.xctest:Default] Got app orientation 0
2024-07-23 17:38:18.953 Df testmanagerd[2352:3439] [com.apple.dt.xctest:Default] Captured accessibility snapshot data in 0.03s
2024-07-23 17:38:18.953 Df testmanagerd[2352:57d2] [com.apple.dt.xctest:Default] Checking 'wdiodemoapp' for privileged AX value slot attributes
2024-07-23 17:38:18.953 Df testmanagerd[2352:57d2] [com.apple.dt.xctest:Default] Found main window: Window, {{0.0, 0.0}, {393.0, 852.0}}
2024-07-23 17:38:18.953 Df testmanagerd[2352:57d2] [com.apple.dt.xctest:Default] Checking 'Home' for privileged AX value slot attributes
2024-07-23 17:38:18.954 Df testmanagerd[2352:57d2] [com.apple.dt.xctest:Default] Checking 'Webview' for privileged AX value slot attributes
2024-07-23 17:38:18.954 Df testmanagerd[2352:57d2] [com.apple.dt.xctest:Default] Checking 'Login' for privileged AX value slot attributes
2024-07-23 17:38:18.954 Df testmanagerd[2352:57d2] [com.apple.dt.xctest:Default] Checking 'Forms' for privileged AX value slot attributes
2024-07-23 17:38:18.954 Df testmanagerd[2352:57d2] [com.apple.dt.xctest:Default] Checking 'Swipe' for privileged AX value slot attributes
2024-07-23 17:38:18.954 Df testmanagerd[2352:57d2] [com.apple.dt.xctest:Default] Checking 'Drag' for privileged AX value slot attributes
2024-07-23 17:38:18.966 Df testmanagerd[2352:57d2] [com.apple.dt.xctest:Default] Fetching AX attributes XC_kAXXCAttributeSystemAppApplication for Device system-wide element
2024-07-23 17:38:18.966 Df testmanagerd[2352:57d2] [com.apple.dt.xctest:Default] Got attributes, transferring to dictionary for return.
2024-07-23 17:38:18.967 Df testmanagerd[2352:57d2] [com.apple.dt.xctest:Default] Fetching AX attributes XC_kAXXCAttributeFocusedApplications for AX element pid: 1543, elementOrHash.elementID: 0.1
2024-07-23 17:38:18.968 Df testmanagerd[2352:57d2] [com.apple.dt.xctest:Default] Got attributes, transferring to dictionary for return.
2024-07-23 17:38:18.972 Df testmanagerd[2352:57d2] [com.apple.dt.xctest:Default] XCTPerformOnMainRunLoop[not MT]: about to CFRunLoopPerform
2024-07-23 17:38:18.972 Df testmanagerd[2352:57d2] [com.apple.dt.xctest:Default] XCTPerformOnMainRunLoop[not MT]: waiting with 30.00s responsiveness timeout
2024-07-23 17:38:18.972 Df testmanagerd[2352:3439] [com.apple.dt.xctest:Default] XCTPerformOnMainRunLoop[MT]: inside CFRunLoopPerform
2024-07-23 17:38:18.972 Df testmanagerd[2352:3439] [com.apple.dt.xctest:Default] XCTPerformOnMainRunLoop[MT]: MT responded in time (won the race to the busy flag)
2024-07-23 17:38:18.972 Df testmanagerd[2352:57d2] [com.apple.dt.xctest:Default] XCTPerformOnMainRunLoop[not MT]: waiting 60.00s for work to complete
2024-07-23 17:38:18.972 Df testmanagerd[2352:3439] [com.apple.dt.xctest:Default] Got main window <AXUIElementRef 0x600000c236f0> {pid=3308} {uid=[ID:4 hash:0x10440b5e0]}
2024-07-23 17:38:18.972 Df testmanagerd[2352:3439] [com.apple.dt.xctest:Default] Capturing hierarchy with attributes XC_kAXXCAttributeElementType, XC_kAXXCAttributeElementBaseType, XC_kAXXCAttributeParent, XC_kAXXCAttributeIdentifier, XC_kAXXCAttributeAutomationType, XC_kAXXCAttributeTraits
2024-07-23 17:38:18.972 Df testmanagerd[2352:3439] [com.apple.dt.xctest:Default] Capturing hierarchy with parameters {
    attributes =     (
        5003,
        5004,
        5002,
        5019,
        5058,
        2004
    );
    maxArrayCount = 2147483647;
    maxChildren = 2147483647;
    maxDepth = 50;
    snapshotKeyHonorModalViews = 0;
    traverseFromParentsToChildren = 1;
}
2024-07-23 17:38:18.972 Df testmanagerd[2352:3439] [com.apple.dt.xctest:Default] Snapshot attributes 5003, 5004, 5002, 5019, 5058, 2004
2024-07-23 17:38:18.979 Df testmanagerd[2352:3439] [com.apple.dt.xctest:Default] Got snapshot for <AXUIElementRef 0x600000c34090> {pid=3308} {uid=[ID:1 hash:0x0]}
2024-07-23 17:38:18.979 Df testmanagerd[2352:3439] [com.apple.dt.xctest:Default] Got app orientation 0
2024-07-23 17:38:18.979 Df testmanagerd[2352:3439] [com.apple.dt.xctest:Default] Captured accessibility snapshot data in 0.01s
2024-07-23 17:38:18.979 Df testmanagerd[2352:57d2] [com.apple.dt.xctest:Default] Found main window: Window
2024-07-23 17:38:18.985 Df testmanagerd[2352:57d2] [com.apple.dt.xctest:Default] XCTPerformOnMainRunLoop[not MT]: about to CFRunLoopPerform
2024-07-23 17:38:18.985 Df testmanagerd[2352:57d2] [com.apple.dt.xctest:Default] XCTPerformOnMainRunLoop[not MT]: waiting with 30.00s responsiveness timeout
2024-07-23 17:38:18.985 Df testmanagerd[2352:3439] [com.apple.dt.xctest:Default] XCTPerformOnMainRunLoop[MT]: inside CFRunLoopPerform
2024-07-23 17:38:18.985 Df testmanagerd[2352:3439] [com.apple.dt.xctest:Default] XCTPerformOnMainRunLoop[MT]: MT responded in time (won the race to the busy flag)
2024-07-23 17:38:18.985 Df testmanagerd[2352:57d2] [com.apple.dt.xctest:Default] XCTPerformOnMainRunLoop[not MT]: waiting 60.00s for work to complete
2024-07-23 17:38:18.986 Df testmanagerd[2352:3439] [com.apple.dt.xctest:Default] Got main window <AXUIElementRef 0x600000c0f930> {pid=3308} {uid=[ID:4 hash:0x10440b5e0]}
2024-07-23 17:38:18.986 Df testmanagerd[2352:3439] [com.apple.dt.xctest:Default] Capturing hierarchy with attributes XC_kAXXCAttributeElementType, XC_kAXXCAttributeElementBaseType, XC_kAXXCAttributeParent, XC_kAXXCAttributeIdentifier, XC_kAXXCAttributeAutomationType, XC_kAXXCAttributeTraits
2024-07-23 17:38:18.986 Df testmanagerd[2352:3439] [com.apple.dt.xctest:Default] Capturing hierarchy with parameters {
    attributes =     (
        5003,
        5004,
        5002,
        5019,
        5058,
        2004
    );
    maxArrayCount = 2147483647;
    maxChildren = 2147483647;
    maxDepth = 50;
    snapshotKeyHonorModalViews = 0;
    traverseFromParentsToChildren = 1;
}
2024-07-23 17:38:18.986 Df testmanagerd[2352:3439] [com.apple.dt.xctest:Default] Snapshot attributes 5003, 5004, 5002, 5019, 5058, 2004
2024-07-23 17:38:18.991 Df testmanagerd[2352:3439] [com.apple.dt.xctest:Default] Got snapshot for <AXUIElementRef 0x600000c38870> {pid=3308} {uid=[ID:1 hash:0x0]}
2024-07-23 17:38:18.991 Df testmanagerd[2352:3439] [com.apple.dt.xctest:Default] Got app orientation 0
2024-07-23 17:38:18.991 Df testmanagerd[2352:3439] [com.apple.dt.xctest:Default] Captured accessibility snapshot data in 0.01s
2024-07-23 17:38:18.991 Df testmanagerd[2352:57d2] [com.apple.dt.xctest:Default] Found main window: Window
2024-07-23 17:38:18.996 Df wdiodemoapp[3308:5ba4] [com.apple.dt.xctest:Default] Received attributes request for element: App element pid: 3308. Attributes: (
    "XC_kAXXCAttributeLabel"
)
2024-07-23 17:38:18.996 Df wdiodemoapp[3308:5ba0] [com.apple.dt.xctest:Default] XCTPerformOnMainRunLoop[not MT]: about to CFRunLoopPerform
2024-07-23 17:38:18.996 Df wdiodemoapp[3308:5ba0] [com.apple.dt.xctest:Default] XCTPerformOnMainRunLoop[not MT]: waiting with 30.00s responsiveness timeout
2024-07-23 17:38:18.996 Df wdiodemoapp[3308:5b9c] [com.apple.dt.xctest:Default] XCTPerformOnMainRunLoop[MT]: inside CFRunLoopPerform
2024-07-23 17:38:18.996 Df wdiodemoapp[3308:5b9c] [com.apple.dt.xctest:Default] XCTPerformOnMainRunLoop[MT]: MT responded in time (won the race to the busy flag)
2024-07-23 17:38:18.996 Df wdiodemoapp[3308:5ba0] [com.apple.dt.xctest:Default] XCTPerformOnMainRunLoop[not MT]: waiting 60.00s for work to complete
2024-07-23 17:38:18.996 Df wdiodemoapp[3308:5b9c] [com.apple.dt.xctest:Default] Fetching AX attributes XC_kAXXCAttributeLabel for App element pid: 3308
2024-07-23 17:38:18.996 Df wdiodemoapp[3308:5b9c] [com.apple.dt.xctest:Default] Got attributes, transferring to dictionary for return.
2024-07-23 17:38:18.996 Df wdiodemoapp[3308:5b9c] [com.apple.dt.xctest:Default] Checking 'wdiodemoapp' for privileged AX value slot attributes
2024-07-23 17:38:18.996 Df wdiodemoapp[3308:5ba0] [com.apple.dt.xctest:Default] Replying with attribute values: {
    "XC_kAXXCAttributeLabel" = wdiodemoapp;
}
2024-07-23 17:38:19.418 Df UserEventAgent[1542:26f1] [com.apple.xpc.activity:Activities] Initiating: com.apple.searchd.indexmaintenance.NSFileProtectionComplete (0x104007ce0)
2024-07-23 17:38:19.418 Df UserEventAgent[1542:26f1] [com.apple.xpc:connection] [0x100f06b00] Channel could not return listener port.
2024-07-23 17:38:19.421 Df UserEventAgent[1542:26f1] [com.apple.xpc.activity:Activities] Initiating: com.apple.cs.postinstall (0x101e08a50)
2024-07-23 17:38:19.421 Df UserEventAgent[1542:26f1] [com.apple.xpc:connection] [0x101e0b900] Channel could not return listener port.
2024-07-23 17:38:19.422 Df corespeechd[1634:2e83] [com.apple.xpc.activity:Client] _xpc_activity_dispatch: beginning dispatch, activity name com.apple.cs.postinstall, seqno 1
2024-07-23 17:38:19.422 Df corespeechd[1634:2e83] [com.apple.xpc.activity:Client] _xpc_activity_dispatch: com.apple.cs.postinstall (0x600003304140): found an activity with matching seqno 1
2024-07-23 17:38:19.422 Df UserEventAgent[1542:26f1] [com.apple.xpc.activity:Activities] Initiating: com.apple.searchd.indexmaintenance.Priority (0x100e06900)
2024-07-23 17:38:19.422 Df corespeechd[1634:2e83] [com.apple.xpc.activity:Client] _xpc_activity_begin_running: com.apple.cs.postinstall (0x600003304140) seqno: 1.
2024-07-23 17:38:19.422 Df UserEventAgent[1542:26f1] [com.apple.xpc:connection] [0x100f07d40] Channel could not return listener port.
2024-07-23 17:38:19.422 Df corespeechd[1634:2e83] [com.apple.xpc.activity:Client] _xpc_activity_dispatch: lower half, activity name com.apple.cs.postinstall (0x600003304140), seqno from top half was 1
2024-07-23 17:38:19.422 Df corespeechd[1634:2e83] [com.apple.xpc:connection] [0x104a04620] Channel returned listener port: 0x3f07
2024-07-23 17:38:19.422 Df corespeechd[1634:2e83] [com.apple.xpc.activity:Client] _xpc_activity_set_state: com.apple.cs.postinstall (0x600003304140), 2
2024-07-23 17:38:19.423 Df UserEventAgent[1542:26f1] [com.apple.xpc.activity:Activities] Initiating: com.apple.searchd.indexmaintenance.NSFileProtectionCompleteWhenUserInactive (0x101d0d450)
2024-07-23 17:38:19.422 Df corespeechd[1634:2e83] [com.apple.xpc.activity:Client] _xpc_activity_set_state: send new state to CTS: com.apple.cs.postinstall (0x600003304140), 2
2024-07-23 17:38:19.423 Df UserEventAgent[1542:26f1] [com.apple.xpc:connection] [0x100e06ce0] Channel could not return listener port.
2024-07-23 17:38:19.424 Df corespeechd[1634:2e83] [com.apple.xpc.activity:Client] _xpc_activity_set_state_from_cts: com.apple.cs.postinstall (0x600003304140), set activity state to 2
2024-07-23 17:38:19.425 Df corespeechd[1634:2e83] [com.apple.xpc.activity:Client] __XPC_ACTIVITY_CALLING_HANDLER__: com.apple.cs.postinstall (0x600003304140), current state 2, pending state 0
2024-07-23 17:38:19.425 Df corespeechd[1634:2e83] [com.apple.corespeech:Framework] -[CSPostBuildInstallService registerPostBuildInstallService]_block_invoke Received event for XPC activity: <xpc object> in state: 2
2024-07-23 17:38:19.423 Df UserEventAgent[1542:26f1] [com.apple.xpc.activity:Activities] Initiating: com.apple.searchd.indexmaintenance.NSFileProtectionCompleteUntilFirstUserAuthentication (0x101b109d0)
2024-07-23 17:38:19.425 Df corespeechd[1634:2e83] [com.apple.xpc.activity:Client] _xpc_activity_set_state: com.apple.cs.postinstall (0x600003304140), 3
2024-07-23 17:38:19.424 Df UserEventAgent[1542:26f1] [com.apple.xpc:connection] [0x104007df0] Channel could not return listener port.
2024-07-23 17:38:19.425 Df corespeechd[1634:2e83] [com.apple.corespeech:Framework] -[CSPostBuildInstallService registerPostBuildInstallService]_block_invoke XPC activity: <xpc object> deferred: Yes firstUnlock: No
2024-07-23 17:38:19.424 Df UserEventAgent[1542:26f1] [com.apple.xpc.activity:Activities] Running (PID 1634): com.apple.cs.postinstall (0x101e08a50)
2024-07-23 17:38:19.425 Df corespeechd[1634:2e83] [com.apple.xpc.activity:Client] __XPC_ACTIVITY_CALLING_HANDLER__ returned from handler: com.apple.cs.postinstall (0x600003304140), current state 2, pending state 3
2024-07-23 17:38:19.425 Df corespeechd[1634:2e83] [com.apple.xpc.activity:Client] _xpc_activity_set_state: com.apple.cs.postinstall (0x600003304140), 1
2024-07-23 17:38:19.425 Df UserEventAgent[1542:26f1] [com.apple.xpc.activity:Activities] Deferring: com.apple.cs.postinstall (0x101e08a50)
2024-07-23 17:38:19.425 Df corespeechd[1634:2e83] [com.apple.xpc.activity:Client] _xpc_activity_set_state: send new state to CTS: com.apple.cs.postinstall (0x600003304140), 3
2024-07-23 17:38:19.425 Df corespeechd[1634:2e83] [com.apple.xpc.activity:Client] _xpc_activity_set_state: send new state to CTS: com.apple.cs.postinstall (0x600003304140), 1
2024-07-23 17:38:19.426 Df corespeechd[1634:2e83] [com.apple.xpc.activity:Client] _xpc_activity_set_state_from_cts: com.apple.cs.postinstall (0x600003304140), set activity state to 3
2024-07-23 17:38:19.426 Df corespeechd[1634:2e83] [com.apple.xpc.activity:Client] _xpc_activity_end_running: com.apple.cs.postinstall (0x600003304140) seqno: 1.
2024-07-23 17:38:19.475 Df testmanagerd[2352:57d2] [com.apple.dt.xctest:Default] XCTPerformOnMainRunLoop[not MT]: about to CFRunLoopPerform
2024-07-23 17:38:19.475 Df testmanagerd[2352:57d2] [com.apple.dt.xctest:Default] XCTPerformOnMainRunLoop[not MT]: waiting with 30.00s responsiveness timeout
2024-07-23 17:38:19.475 Df testmanagerd[2352:3439] [com.apple.dt.xctest:Default] XCTPerformOnMainRunLoop[MT]: inside CFRunLoopPerform
2024-07-23 17:38:19.475 Df testmanagerd[2352:3439] [com.apple.dt.xctest:Default] XCTPerformOnMainRunLoop[MT]: MT responded in time (won the race to the busy flag)
2024-07-23 17:38:19.475 Df testmanagerd[2352:57d2] [com.apple.dt.xctest:Default] XCTPerformOnMainRunLoop[not MT]: waiting 60.00s for work to complete
2024-07-23 17:38:19.476 Df testmanagerd[2352:3439] [com.apple.dt.xctest:Default] Got main window <AXUIElementRef 0x600000c05b30> {pid=3308} {uid=[ID:4 hash:0x10440b5e0]}
2024-07-23 17:38:19.476 Df testmanagerd[2352:3439] [com.apple.dt.xctest:Default] Capturing hierarchy with attributes XC_kAXXCAttributeLabel, XC_kAXXCAttributeHorizontalSizeClass, XC_kAXXCAttributeTraits, XC_kAXXCAttributePlaceholderValue, XC_kAXXCAttributeWindowDisplayId, XC_kAXXCAttributeBannerIsStickyAttribute, XC_kAXXCAttributeIdentifier, XC_kAXXCAttributeIsUserInteractionEnabled, XC_kAXXCAttributeURL, XC_kAXXCAttributeUserTestingElements, XC_kAXXCAttributeHasNativeFocus, XC_kAXXCAttributeVerticalSizeClass, XC_kAXXCAttributeTruncatedValue, XC_kAXXCAttributeViewControllerTitle, XC_kAXXCAttributeFrame, XC_kAXXCAttributeWindowContextId, XC_kAXXCAttributeSystemAutomationProperties, XC_kAXXCAttributeParent, XC_kAXXCAttributeAutomationType, XC_kAXXCAttributeViewControllerClassName, XC_kAXXCAttributeElementType, XC_kAXXCAttributeElementBaseType
2024-07-23 17:38:19.476 Df testmanagerd[2352:3439] [com.apple.dt.xctest:Default] Capturing hierarchy with parameters {
    attributes =     (
        2001,
        2086,
        2004,
        5043,
        2123,
        2129,
        5019,
        5034,
        2020,
        5009,
        2094,
        2087,
        2158,
        5041,
        2003,
        2021,
        5063,
        5002,
        5058,
        5042,
        5003,
