2024-07-23 17:38:12.820 Df runningboardd[1546:57df] [com.apple.runningboard:job_oversize] '(null)' Submitting extension overlay (host PID 1550, path /Library/Developer/CoreSimulator/Volumes/iOS_21E213/Library/Developer/CoreSimulator/Profiles/Runtimes/iOS 17.4.simruntime/Contents/Resources/RuntimeRoot/System/Library/PrivateFrameworks/TextToSpeechKonaSupport.framework/PlugIns/KonaSynthesizer.appex/KonaSynthesizer):
<dictionary: 0x600002615f80> { count = 3, transaction: 0, voucher = 0x0, contents =
	"XPCService" => <dictionary: 0x600002616220> { count = 10, transaction: 0, voucher = 0x0, contents =
		"_ManagedBy" => <string: 0x600000c36f70> { length = 22, contents = "com.apple.runningboard" }
		"Platform" => <int64: 0xba8ece96aa9ac74f>: 7
		"RunLoopType" => <string: 0x600000c37d20> { length = 9, contents = "NSRunLoop" }
		"_SandboxProfile" => <string: 0x600000c34f90> { length = 8, contents = "keyboard" }
		"_AdditionalSubServices" => <dictionary: 0x600002615e60> { count = 1, transaction: 0, voucher = 0x0, contents =
			"apple-extension-service" => <bool: 0x1e484cec0>: true
		}
		"_AdditionalProperties" => <dictionary: 0x600002614720> { count = 1, transaction: 0, voucher = 0x0, contents =
			"RunningBoard" => <dictionary: 0x600002615fe0> { count = 2, transaction: 0, voucher = 0x0, contents =
				"RunningBoardLaunchedIdentity" => <dictionary: 0x6000026161c0> { count = 5, transaction: 0, voucher = 0x0, contents =
					"TYPE" => <int64: 0xba8ece96aa9ac757>: 4
					"h" => <int64: 0xba8ece96aa9af707>: 1550
					"i" => <string: 0x600000c36d30> { length = 43, contents = "com.apple.ax.KonaTTSSupport.KonaSynthesizer" }
					"r" => <int64: 0xba8ece96aa9ac767>: 2
					"H" => <dictionary: 0x600002616100> { count = 4, transaction: 0, voucher = 0x0, contents =
						"l" => <string: 0x600000c37c60> { length = 33, contents = "com.apple.accessibility.axassetsd" }
						"t" => <int64: 0xba8ece96aa9ac767>: 2
						"TYPE" => <int64: 0xba8ece96aa9ac747>: 6
						"p" => <int64: 0xba8ece96aa9ac777>: 0
					}
				}
				"RunningBoardLaunched" => <bool: 0x1e484cec0>: true
			}
		}
		"EnvironmentVariables" => <dictionary: 0x6000026156e0> { count = 3, transaction: 0, voucher = 0x0, contents =
			"TMPDIR" => <string: 0x600000c37510> { length = 173, contents = "/Users/appinventiv/Library/Developer/CoreSimulator/Devices/04077649-5DD1-48EA-A3F0-8DED1ADC3EEB/data/Containers/Data/PluginKitPlugin/F46E3223-6E30-4B35-A268-5CF7BBEAB4DE/tmp" }
			"HOME" => <string: 0x600000c36490> { length = 169, contents = "/Users/appinventiv/Library/Developer/CoreSimulator/Devices/04077649-5DD1-48EA-A3F0-8DED1ADC3EEB/data/Containers/Data/PluginKitPlugin/F46E3223-6E30-4B35-A268-5CF7BBEAB4DE" }
			"CFFIXED_USER_HOME" => <string: 0x600000c37660> { length = 169, contents = "/Users/appinventiv/Library/Developer/CoreSimulator/Devices/04077649-5DD1-48EA-A3F0-8DED1ADC3EEB/data/Containers/Data/PluginKitPlugin/F46E3223-6E30-4B35-A268-5CF7BBEAB4DE" }
		}
		"_OmitSandboxParameters" => <bool: 0x1e484cec0>: true
		"ServiceType" => <string: 0x600000c36250> { length = 11, contents = "Application" }
		"ProgramArguments" => <array: 0x600000c37b70> { count = 3, capacity = 8, contents =
			0: <string: 0x600000c35590> { length = 265, contents = "/Library/Developer/CoreSimulator/Volumes/iOS_21E213/Library/Developer/CoreSimulator/Profiles/Runtimes/iOS 17.4.simruntime/Contents/Resources/RuntimeRoot/System/Library/PrivateFrameworks/TextToSpeechKonaSupport.framework/PlugIns/KonaSynthesizer.appex/KonaSynthesizer" }
			1: <string: 0x600000c377b0> { length = 15, contents = "-AppleLanguages" }
			2: <string: 0x600000c37de0> { length = 18, contents = "("en-IN", "hi-IN")" }
		}
	}
	"RunningBoard" => <dictionary: 0x600002615560> { count = 1, transaction: 0, voucher = 0x0, contents =
		"Managed" => <bool: 0x1e484cec0>: true
	}
	"CFBundlePackageType" => <string: 0x600000c37c30> { length = 4, contents = "XPC!" }
}
2024-07-23 17:38:12.820 Df runningboardd[1546:57e1] [com.apple.libxpc.OSLaunchdJob:all] <OSLaunchdJob | handle=F59E13B0-A315-45AD-BA7D-020FD9259A78>: submitExtension created a job
2024-07-23 17:38:12.820 Df runningboardd[1546:57e1] [com.apple.libxpc.OSLaunchdJob:all] <OSLaunchdJob | handle=F59E13B0-A315-45AD-BA7D-020FD9259A78>: start succeeded, info=running, pid=2373
2024-07-23 17:38:12.821 Df axassetsd[1550:584a] [com.apple.PlugInKit:lifecycle] [u 69A0DB8A-B8AB-4340-9B82-053EEEA521E9:m (null)] [com.apple.ax.KonaTTSSupport.KonaSynthesizer(1.0)] got pid from ready request: 2373
2024-07-23 17:38:12.821 A  runningboardd[1546:57e1] (RunningBoard) acquireAssertionWithDescriptor
2024-07-23 17:38:12.821 Df runningboardd[1546:57e1] [com.apple.runningboard:ttl] Acquiring assertion targeting [xpcservice<com.apple.ax.KonaTTSSupport.KonaSynthesizer([osservice<com.apple.accessibility.axassetsd>:1550])>:2373] from originator [osservice<com.apple.accessibility.axassetsd>:1550] with description <RBSAssertionDescriptor| "com.apple.extension.session" ID:1546-1550-337 target:2373 attributes:[
	<RBSLegacyAttribute| requestedReason:ViewService reason:ViewService flags:( AllowIdleSleep PreventTaskSuspend PreventTaskThrottleDown )>,
	<RBSAcquisitionCompletionAttribute| policy:AfterValidation>
	]>
2024-07-23 17:38:12.821 Df runningboardd[1546:57e1] [com.apple.runningboard:assertion] Mutating assertion 1546-1550-337 reason from ViewService to Extension because it targets an xpc service.
2024-07-23 17:38:12.821 Df runningboardd[1546:57e1] [com.apple.runningboard:ttl] Assertion 1546-1550-337 (target:[xpcservice<com.apple.ax.KonaTTSSupport.KonaSynthesizer([osservice<com.apple.accessibility.axassetsd>:1550])>:2373]) will be created as active
2024-07-23 17:38:12.822 A  runningboardd[1546:57e1] (RunningBoard) state update
2024-07-23 17:38:12.822 Df axassetsd[1550:584a] [com.apple.PlugInKit:lifecycle] [u 69A0DB8A-B8AB-4340-9B82-053EEEA521E9:m (null)] [com.apple.ax.KonaTTSSupport.KonaSynthesizer(1.0)] acquired startup assertion
2024-07-23 17:38:12.822 A  runningboardd[1546:57df] (RunningBoard) statesForPredicate
2024-07-23 17:38:12.823 A  runningboardd[1546:57e1] (RunningBoard) lookupHandleForKey
2024-07-23 17:38:12.823 Df axassetsd[1550:584a] [com.apple.runningboard:process] Hit the server for a process handle 6c1c9200000945 that resolved to: [xpcservice<com.apple.ax.KonaTTSSupport.KonaSynthesizer([osservice<com.apple.accessibility.axassetsd>:1550])>:2373]
2024-07-23 17:38:12.823 Df axassetsd[1550:584a] [com.apple.xpc:connection] [0x101c09360] activating connection: mach=false listener=false peer=false name=com.apple.ax.KonaTTSSupport.KonaSynthesizer
2024-07-23 17:38:12.823 Df axassetsd[1550:584a] [com.apple.PlugInKit:lifecycle] [u 69A0DB8A-B8AB-4340-9B82-053EEEA521E9:m (null)] [com.apple.ax.KonaTTSSupport.KonaSynthesizer(1.0)] Prepare using sent as euid = 501, uid = 501, (persona not available)
2024-07-23 17:38:12.823 Df axassetsd[1550:584a] [com.apple.PlugInKit:lifecycle] [u 69A0DB8A-B8AB-4340-9B82-053EEEA521E9] [com.apple.ax.KonaTTSSupport.KonaSynthesizer(1.0)] Sending prepareUsing to managed extension; this should launch it if not already running.
2024-07-23 17:38:12.824 Df KonaSynthesizer[2373:4762] [com.apple.xpc:connection] [0x7f9ecfd04080] activating connection: mach=false listener=false peer=true name=com.apple.ax.KonaTTSSupport.KonaSynthesizer.peer[1550].0x7f9ecfd04080
2024-07-23 17:38:12.824 Df KonaSynthesizer[2373:59c6] [com.apple.PlugInKit:lifecycle] [u 69A0DB8A-B8AB-4340-9B82-053EEEA521E9] [(null)((null))] Prepare received as euid = 501, uid = 501, (persona not available)
2024-07-23 17:38:12.826 Df KonaSynthesizer[2373:59c6] [com.apple.PlugInKit:lifecycle] [u BA379FC5-ADCD-4B1F-B63C-D2DF37215173] [com.apple.ax.KonaTTSSupport.KonaSynthesizer(1.0)] Set sole personality.
2024-07-23 17:38:12.826 Df axassetsd[1550:59c3] [com.apple.PlugInKit:lifecycle] [u 69A0DB8A-B8AB-4340-9B82-053EEEA521E9:m (null)] [com.apple.ax.KonaTTSSupport.KonaSynthesizer(1.0)] Begin using sent as euid = 501, uid = 501, (persona not available)
2024-07-23 17:38:12.827 Df KonaSynthesizer[2373:59c6] [com.apple.PlugInKit:lifecycle] [u BA379FC5-ADCD-4B1F-B63C-D2DF37215173] [com.apple.ax.KonaTTSSupport.KonaSynthesizer(1.0)] Begin using received as euid = 501, uid = 501, (persona not available)
2024-07-23 17:38:12.827 Df axassetsd[1550:584a] [com.apple.PlugInKit:lifecycle] [u 69A0DB8A-B8AB-4340-9B82-053EEEA521E9:m (null)] [com.apple.ax.KonaTTSSupport.KonaSynthesizer(1.0)] plugin loaded and ready for host
2024-07-23 17:38:12.827 Df axassetsd[1550:584a] [com.apple.PlugInKit:lifecycle] [u 69A0DB8A-B8AB-4340-9B82-053EEEA521E9:m (null)] [com.apple.ax.KonaTTSSupport.KonaSynthesizer(1.0)] invalidating startup assertion
2024-07-23 17:38:12.827 Df axassetsd[1550:59c3] [com.apple.xpc:connection] [0x101e08510] activating connection: mach=false listener=true peer=false name=(anonymous)
2024-07-23 17:38:12.827 Df axassetsd[1550:59c3] [com.apple.xpc:connection] [0x101e05810] activating connection: mach=false listener=false peer=false name=com.apple.ax.KonaTTSSupport.KonaSynthesizer.apple-extension-service
2024-07-23 17:38:12.827 A  runningboardd[1546:57e1] (RunningBoard) invalidateAssertionWithIdentifier
2024-07-23 17:38:12.827 Df axassetsd[1550:59c3] [com.apple.xpc:connection] [0x101e08510] Channel could not return listener port.
2024-07-23 17:38:12.827 Df runningboardd[1546:57e1] [com.apple.runningboard:ttl] Invalidating assertion 1546-1550-337 (target:[xpcservice<com.apple.ax.KonaTTSSupport.KonaSynthesizer([osservice<com.apple.accessibility.axassetsd>:1550])>:2373]) from originator [osservice<com.apple.accessibility.axassetsd>:1550]
2024-07-23 17:38:12.828 Df KonaSynthesizer[2373:59c6] [com.apple.xpc:connection] [0x7f9ecfa052a0] activating connection: mach=false listener=false peer=true name=com.apple.ax.KonaTTSSupport.KonaSynthesizer.apple-extension-service.peer[1550].0x7f9ecfa052a0
2024-07-23 17:38:12.828 A  KonaSynthesizer[2373:59c6] (ExtensionFoundation) beginning extension request
2024-07-23 17:38:12.828 Df KonaSynthesizer[2373:4762] [com.apple.xpc:connection] [0x7f9ecf304420] activating connection: mach=false listener=false peer=false name=(anonymous)
2024-07-23 17:38:12.828 Df axassetsd[1550:59c3] [com.apple.xpc:connection] [0x101c0e960] activating connection: mach=false listener=false peer=true name=com.apple.xpc.anonymous.0x101e08510.peer[2373].0x101c0e960
2024-07-23 17:38:12.829 Df KonaSynthesizer[2373:59c6] [com.apple.extensionkit:NSExtension] in _willPerformHostCallback: block ( UUID: E99E3FED-664F-4C63-A08F-5FF5831D2191 error: (null) )
2024-07-23 17:38:12.834 E  axassetsd[1550:584a] [com.apple.Accessibility:AXTTSCommon] VoiceProvider voices returned nil for record <TTSSynthesisProviderComponentRecord: 0x60000212d680> (null) (null)
2024-07-23 17:38:12.834 Df axassetsd[1550:584a] [com.apple.extensionkit:NSExtension] tearing down extension request E99E3FED-664F-4C63-A08F-5FF5831D2191 to extension <EXConcreteExtension: 0x600003708000> {id = com.apple.ax.KonaTTSSupport.KonaSynthesizer} (last known pid 2373)
2024-07-23 17:38:12.834 Df axassetsd[1550:584a] [com.apple.xpc:connection] [0x101c0e960] invalidated because the current process cancelled the connection by calling xpc_connection_cancel()
2024-07-23 17:38:12.834 Df axassetsd[1550:584a] [com.apple.xpc:connection] [0x101e08510] invalidated because the current process cancelled the connection by calling xpc_connection_cancel()
2024-07-23 17:38:12.835 Df KonaSynthesizer[2373:59c6] [com.apple.xpc:connection] [0x7f9ecf304420] Re-initialization successful; calling out to event handler with XPC_ERROR_CONNECTION_INTERRUPTED
2024-07-23 17:38:12.835 Df axassetsd[1550:584a] [com.apple.xpc:connection] [0x101e05810] invalidated because the current process cancelled the connection by calling xpc_connection_cancel()
2024-07-23 17:38:12.835 Df KonaSynthesizer[2373:4762] [com.apple.xpc:connection] [0x7f9ecfa052a0] invalidated after getting a no-senders notification - client is gone
2024-07-23 17:38:12.835 Df KonaSynthesizer[2373:4762] [com.apple.extensionkit:NSExtension] tearing down context in extension due to invalidation
2024-07-23 17:38:12.835 Df axassetsd[1550:584a] [com.apple.PlugInKit:lifecycle] [u 69A0DB8A-B8AB-4340-9B82-053EEEA521E9:m (null)] [com.apple.ax.KonaTTSSupport.KonaSynthesizer(1.0)] all extension sessions ended
2024-07-23 17:38:12.835 A  KonaSynthesizer[2373:59c6] (ExtensionFoundation) tearing down extension context
2024-07-23 17:38:12.835 Df KonaSynthesizer[2373:59c6] [com.apple.xpc:connection] [0x7f9ecf304420] invalidated because the current process cancelled the connection by calling xpc_connection_cancel()
2024-07-23 17:38:12.835 Df KonaSynthesizer[2373:4762] [com.apple.PlugInKit:lifecycle] [u BA379FC5-ADCD-4B1F-B63C-D2DF37215173] [com.apple.ax.KonaTTSSupport.KonaSynthesizer(1.0)] Removed sole personality.
2024-07-23 17:38:12.835 Df axassetsd[1550:584a] [com.apple.xpc:connection] [0x101c09360] invalidated because the current process cancelled the connection by calling xpc_connection_cancel()
2024-07-23 17:38:12.835 Df KonaSynthesizer[2373:4762] [com.apple.xpc:connection] [0x7f9ecfd04080] invalidated after getting a no-senders notification - client is gone
2024-07-23 17:38:12.835 Df KonaSynthesizer[2373:4762] [com.apple.PlugInKit:xpc] [u BA379FC5-ADCD-4B1F-B63C-D2DF37215173] [com.apple.ax.KonaTTSSupport.KonaSynthesizer(1.0)] host connection from pid 1550 invalidated
2024-07-23 17:38:12.835 Df axassetsd[1550:48f4] [com.apple.PlugInKit:lifecycle] [u 69A0DB8A-B8AB-4340-9B82-053EEEA521E9:m (null)] [com.apple.ax.KonaTTSSupport.KonaSynthesizer(1.0)] Emptying requests set
2024-07-23 17:38:12.836 A  runningboardd[1546:57df] (RunningBoard) invalidateAssertionWithIdentifier
2024-07-23 17:38:12.836 Df runningboardd[1546:57df] [com.apple.runningboard:ttl] Invalidating assertion 1546-1550-336 (target:[xpcservice<com.apple.ax.KonaTTSSupport.KonaSynthesizer([osservice<com.apple.accessibility.axassetsd>:1550])>:2373]) from originator [osservice<com.apple.accessibility.axassetsd>:1550]
2024-07-23 17:38:12.845 Df installd[1709:5894] [com.apple.xpc:connection] [0x600003d44000] invalidated because the current process cancelled the connection by calling xpc_connection_cancel()
2024-07-23 17:38:12.845 Df containermanagerd_system[1586:58b9] [com.apple.xpc:connection] [0x101a05e80] invalidated after getting a no-senders notification - client is gone
2024-07-23 17:38:12.845 Df installd[1709:5894] [com.apple.xpc:connection] [0x600003d400f0] invalidated because the current process cancelled the connection by calling xpc_connection_cancel()
2024-07-23 17:38:12.846 Df containermanagerd[1589:3242] [com.apple.xpc:connection] [0x100905370] invalidated after getting a no-senders notification - client is gone
2024-07-23 17:38:13.025 Df runningboardd[1546:57df] [com.apple.runningboard:assertion] Removed last relative-start-date-defining assertion for process xpcservice<com.apple.ax.KonaTTSSupport.KonaSynthesizer([osservice<com.apple.accessibility.axassetsd>:1550])>
2024-07-23 17:38:13.026 A  runningboardd[1546:57df] (RunningBoard) state update
2024-07-23 17:38:13.027 A  runningboardd[1546:57df] (RunningBoard) state notification
2024-07-23 17:38:13.027 Df runningboardd[1546:57cd] [com.apple.runningboard:monitor] Calculated state for xpcservice<com.apple.ax.KonaTTSSupport.KonaSynthesizer([osservice<com.apple.accessibility.axassetsd>:1550])>: running-suspended (role: None) (endowments: (null))
2024-07-23 17:38:13.028 A  SpringBoard[1543:357f] (RunningBoardServices) observedProcessStatesDidChange
2024-07-23 17:38:13.028 Df SpringBoard[1543:357f] [com.apple.runningboard:monitor] Received state update for 2373 (xpcservice<com.apple.ax.KonaTTSSupport.KonaSynthesizer([osservice<com.apple.accessibility.axassetsd>:1550])>, running-suspended-NotVisible
2024-07-23 17:38:13.027 Df runningboardd[1546:57df] [com.apple.runningboard:ttl] [xpcservice<com.apple.ax.KonaTTSSupport.KonaSynthesizer([osservice<com.apple.accessibility.axassetsd>:1550])>:2373] Suspending task.
2024-07-23 17:38:13.028 A  runningboardd[1546:57cd] (RunningBoard) statesForPredicate
2024-07-23 17:38:13.031 Df testmanagerd[2352:3439] [com.apple.dt.xctest:Default] Handling kAXPidStatusChangedNotification from AX element pid: 1543, elementOrHash.elementID: 0.0 (0x60000210d0e0)
2024-07-23 17:38:13.031 Df testmanagerd[2352:5a80] [com.apple.dt.xctest:Default] Calling handler for AX notification kAXPidStatusChangedNotification from AX element pid: 1543, elementOrHash.elementID: 0.0 with payload {
    "display-type" = 0;
    pid = 2373;
    "suspended-status" = suspended;
}
2024-07-23 17:38:13.032 A  locationd[1564:4884] (RunningBoardServices) observedProcessStatesDidChange
2024-07-23 17:38:13.033 Df locationd[1564:4884] [com.apple.runningboard:monitor] Received state update for 2373 (xpcservice<com.apple.ax.KonaTTSSupport.KonaSynthesizer([osservice<com.apple.accessibility.axassetsd>:1550])>, running-suspended-NotVisible
2024-07-23 17:38:13.033 Df locationd[1564:4884] [com.apple.locationd.Core:Core] {"msg":"invoking applicationStateChange handler", "StateChangeData":{
    BKSApplicationStateAppIsFrontmost = 0;
    BKSApplicationStateExtensionKey = 1;
    BKSApplicationStateHostPIDKey = 1550;
    SBApplicationStateDisplayIDKey = "com.apple.ax.KonaTTSSupport.KonaSynthesizer";
    SBApplicationStateKey = 2;
    SBApplicationStateProcessIDKey = 2373;
    SBMostElevatedStateForProcessID = 2;
}}
2024-07-23 17:38:13.034 Df locationd[1564:4884] [com.apple.locationd.Core:Core] {"msg":"Post Application State Change Notification", "notification":BackgroundTaskSuspended, "pid":2373, "bundleId":com.apple.ax.KonaTTSSupport.KonaSynthesizer}
2024-07-23 17:38:13.035 E  runningboardd[1546:57df] [com.apple.runningboard:process] [xpcservice<com.apple.ax.KonaTTSSupport.KonaSynthesizer([osservice<com.apple.accessibility.axassetsd>:1550])>:2373] pid_suspend() failed with error 1: Operation not permitted
2024-07-23 17:38:13.035 Df runningboardd[1546:57df] [com.apple.runningboard:process] [xpcservice<com.apple.ax.KonaTTSSupport.KonaSynthesizer([osservice<com.apple.accessibility.axassetsd>:1550])>:2373] Result 45 setting darwin role to None: Operation not supported, falling back to setting priority
2024-07-23 17:38:13.035 A  mediaremoted[1548:57e6] (RunningBoardServices) observedProcessStatesDidChange
2024-07-23 17:38:13.035 Df locationd[1564:28b3] [com.apple.locationd.Core:Core] {"msg":"#Warning resolveCKPToRegisteredCKP: the passed ckp is not registered. Resolving to #nullCKP", "InputCKP":icom.apple.ax.KonaTTSSupport.KonaSynthesizer:}
2024-07-23 17:38:13.035 Df runningboardd[1546:57df] [com.apple.runningboard:ttl] [xpcservice<com.apple.ax.KonaTTSSupport.KonaSynthesizer([osservice<com.apple.accessibility.axassetsd>:1550])>:2373] Set darwin priority to: PRIO_DARWIN_BG
2024-07-23 17:38:13.035 Df mediaremoted[1548:57e6] [com.apple.runningboard:monitor] Received state update for 2373 (xpcservice<com.apple.ax.KonaTTSSupport.KonaSynthesizer([osservice<com.apple.accessibility.axassetsd>:1550])>, running-suspended-NotVisible
2024-07-23 17:38:13.035 Df runningboardd[1546:57df] [com.apple.runningboard:process] 2373 Set Darwin GPU to "deny"
2024-07-23 17:38:13.035 Df locationd[1564:28b3] [com.apple.locationd.Core:Core] {"msg":"#CLIUA AppMonitor notification", "notification":2, "pid":2373, "bundleId":com.apple.ax.KonaTTSSupport.KonaSynthesizer, "ClientKey":icom.apple.ax.KonaTTSSupport.KonaSynthesizer:}
2024-07-23 17:38:13.036 Df locationd[1564:28b3] [com.apple.locationd.Core:Core] {"msg":"skip erasing #CLIUA for RunningBoard Process State. Does not exists", "bundleId":com.apple.ax.KonaTTSSupport.KonaSynthesizer}
2024-07-23 17:38:13.267 Df installd[1709:344d] [com.apple.xpc:connection] [0x600003d4c0f0] invalidated because the current process cancelled the connection by calling xpc_connection_cancel()
2024-07-23 17:38:13.267 Df containermanagerd_system[1586:58b9] [com.apple.xpc:connection] [0x100d055f0] invalidated after getting a no-senders notification - client is gone
2024-07-23 17:38:13.325 Df SpringBoard[1543:57f2] [com.apple.SplashBoard:FileManifest] <XBApplicationSnapshotManifestImpl: 0x600002c8ff80> [org.reactjs.native.example.wdiodemoapp] We don't have any snapshots, so we're clearing our manifest data.
2024-07-23 17:38:13.342 Df fileproviderd[1745:3abb] [com.apple.xpc:connection] [0x600003d181e0] invalidated because the current process cancelled the connection by calling xpc_connection_cancel()
2024-07-23 17:38:13.342 Df containermanagerd[1589:3242] [com.apple.xpc:connection] [0x101704200] invalidated after getting a no-senders notification - client is gone
2024-07-23 17:38:13.433 Df UserEventAgent[1542:30c7] [com.apple.xpc.activity:Activities] Initiating: com.apple.cs.postinstall (0x101e08a50)
2024-07-23 17:38:13.433 Df UserEventAgent[1542:30c7] [com.apple.xpc:connection] [0x101e0b900] Channel could not return listener port.
2024-07-23 17:38:13.435 Df UserEventAgent[1542:30c7] [com.apple.xpc.activity:Activities] Initiating: com.apple.siri.xpc_activity.sync.now (0x101b109d0)
2024-07-23 17:38:13.436 Df UserEventAgent[1542:30c7] [com.apple.xpc:connection] [0x101f07010] activating connection: mach=false listener=true peer=false name=(anonymous)
2024-07-23 17:38:13.436 Df UserEventAgent[1542:30c7] [com.apple.xpc:connection] [0x101f07010] Channel could not return listener port.
2024-07-23 17:38:13.436 Df UserEventAgent[1542:30c7] [com.apple.xpc:connection] [0x104007ce0] activating connection: mach=true listener=false peer=false name=com.apple.xpc.activity
2024-07-23 17:38:13.434 Df corespeechd[1634:2e83] [com.apple.xpc.activity:Client] _xpc_activity_dispatch: beginning dispatch, activity name com.apple.cs.postinstall, seqno 1
2024-07-23 17:38:13.437 Df corespeechd[1634:2e83] [com.apple.xpc.activity:Client] _xpc_activity_dispatch: com.apple.cs.postinstall (0x600003304140): found an activity with matching seqno 1
2024-07-23 17:38:13.437 Df assistantd[1545:59dd] [com.apple.xpc:connection] [0x105b12d20] activating connection: mach=false listener=false peer=true name=com.apple.xpc.activity.peer[1542].0x105b12d20
2024-07-23 17:38:13.437 Df assistantd[1545:59dd] [com.apple.xpc.activity:Client] _xpc_activity_dispatch: beginning dispatch, activity name com.apple.siri.xpc_activity.sync.now, seqno 1
2024-07-23 17:38:13.437 Df corespeechd[1634:2e83] [com.apple.xpc.activity:Client] _xpc_activity_begin_running: com.apple.cs.postinstall (0x600003304140) seqno: 1.
2024-07-23 17:38:13.437 Df assistantd[1545:59dd] [com.apple.xpc.activity:Client] _xpc_activity_dispatch: com.apple.siri.xpc_activity.sync.now (0x600003308f00): found an activity with matching seqno 1
2024-07-23 17:38:13.438 Df UserEventAgent[1542:30c7] [com.apple.xpc.activity:Activities] Running (PID 1634): com.apple.cs.postinstall (0x101e08a50)
2024-07-23 17:38:13.437 Df corespeechd[1634:2e83] [com.apple.xpc.activity:Client] _xpc_activity_dispatch: lower half, activity name com.apple.cs.postinstall (0x600003304140), seqno from top half was 1
2024-07-23 17:38:13.437 Df assistantd[1545:59dd] [com.apple.xpc.activity:Client] _xpc_activity_begin_running: com.apple.siri.xpc_activity.sync.now (0x600003308f00) seqno: 1.
2024-07-23 17:38:13.438 Df UserEventAgent[1542:30c7] [com.apple.xpc:connection] [0x101c0d150] activating connection: mach=false listener=false peer=true name=com.apple.xpc.anonymous.0x101f07010.peer[1545].0x101c0d150
2024-07-23 17:38:13.437 Df corespeechd[1634:2e83] [com.apple.xpc:connection] [0x104a04620] Channel returned listener port: 0x3f07
2024-07-23 17:38:13.437 Df assistantd[1545:59dd] [com.apple.xpc.activity:Client] _xpc_activity_dispatch: lower half, activity name com.apple.siri.xpc_activity.sync.now (0x600003308f00), seqno from top half was 1
2024-07-23 17:38:13.438 Df UserEventAgent[1542:30c7] [com.apple.xpc.activity:Activities] Running (PID 1545): com.apple.siri.xpc_activity.sync.now (0x101b109d0)
2024-07-23 17:38:13.437 Df corespeechd[1634:2e83] [com.apple.xpc.activity:Client] _xpc_activity_set_state: com.apple.cs.postinstall (0x600003304140), 2
2024-07-23 17:38:13.437 Df assistantd[1545:59dd] [com.apple.xpc:connection] [0x10720cf80] activating connection: mach=false listener=false peer=false name=(anonymous)
2024-07-23 17:38:13.437 Df corespeechd[1634:2e83] [com.apple.xpc.activity:Client] _xpc_activity_set_state: send new state to CTS: com.apple.cs.postinstall (0x600003304140), 2
2024-07-23 17:38:13.438 Df assistantd[1545:59dd] [com.apple.xpc.activity:Client] _xpc_activity_dispatch: created connection 0x10720cf80 for activity name com.apple.siri.xpc_activity.sync.now (0x600003308f00), seqno 1
2024-07-23 17:38:13.438 Df corespeechd[1634:2e83] [com.apple.xpc.activity:Client] _xpc_activity_set_state_from_cts: com.apple.cs.postinstall (0x600003304140), set activity state to 2
2024-07-23 17:38:13.438 Df assistantd[1545:59dd] [com.apple.xpc.activity:Client] _xpc_activity_set_state: com.apple.siri.xpc_activity.sync.now (0x600003308f00), 2
2024-07-23 17:38:13.438 Df corespeechd[1634:2e83] [com.apple.xpc.activity:Client] __XPC_ACTIVITY_CALLING_HANDLER__: com.apple.cs.postinstall (0x600003304140), current state 2, pending state 0
2024-07-23 17:38:13.438 Df assistantd[1545:59dd] [com.apple.xpc.activity:Client] _xpc_activity_set_state: send new state to CTS: com.apple.siri.xpc_activity.sync.now (0x600003308f00), 2
2024-07-23 17:38:13.438 Df corespeechd[1634:2e83] [com.apple.corespeech:Framework] -[CSPostBuildInstallService registerPostBuildInstallService]_block_invoke Received event for XPC activity: <xpc object> in state: 2
2024-07-23 17:38:13.438 Df assistantd[1545:3170] [com.apple.xpc.activity:Client] _xpc_activity_set_state_from_cts: com.apple.siri.xpc_activity.sync.now (0x600003308f00), set activity state to 2
2024-07-23 17:38:13.440 Df UserEventAgent[1542:30c7] [com.apple.xpc.activity:Activities] Deferring: com.apple.cs.postinstall (0x101e08a50)
2024-07-23 17:38:13.438 Df corespeechd[1634:2e83] [com.apple.xpc.activity:Client] _xpc_activity_set_state: com.apple.cs.postinstall (0x600003304140), 3
2024-07-23 17:38:13.438 Df assistantd[1545:3170] [com.apple.xpc.activity:Client] __XPC_ACTIVITY_CALLING_HANDLER__: com.apple.siri.xpc_activity.sync.now (0x600003308f00), current state 2, pending state 0
2024-07-23 17:38:13.438 Df corespeechd[1634:2e83] [com.apple.corespeech:Framework] -[CSPostBuildInstallService registerPostBuildInstallService]_block_invoke XPC activity: <xpc object> deferred: Yes firstUnlock: No
2024-07-23 17:38:13.439 Df assistantd[1545:3170] [com.apple.xpc.activity:Client] _xpc_activity_set_state: com.apple.siri.xpc_activity.sync.now (0x600003308f00), 4
2024-07-23 17:38:13.439 Df corespeechd[1634:2e83] [com.apple.xpc.activity:Client] __XPC_ACTIVITY_CALLING_HANDLER__ returned from handler: com.apple.cs.postinstall (0x600003304140), current state 2, pending state 3
2024-07-23 17:38:13.439 Df assistantd[1545:3170] [com.apple.xpc.activity:Client] _xpc_activity_set_state: com.apple.siri.xpc_activity.sync.now (0x600003308f00), 5
2024-07-23 17:38:13.440 Df corespeechd[1634:2e83] [com.apple.xpc.activity:Client] _xpc_activity_set_state: com.apple.cs.postinstall (0x600003304140), 1
2024-07-23 17:38:13.440 Df corespeechd[1634:2e83] [com.apple.xpc.activity:Client] _xpc_activity_set_state: send new state to CTS: com.apple.cs.postinstall (0x600003304140), 3
2024-07-23 17:38:13.440 Df assistantd[1545:3170] [com.apple.xpc.activity:Client] __XPC_ACTIVITY_CALLING_HANDLER__ returned from handler: com.apple.siri.xpc_activity.sync.now (0x600003308f00), current state 2, pending state 5
2024-07-23 17:38:13.440 Df corespeechd[1634:2e83] [com.apple.xpc.activity:Client] _xpc_activity_set_state: send new state to CTS: com.apple.cs.postinstall (0x600003304140), 1
2024-07-23 17:38:13.441 Df corespeechd[1634:2e83] [com.apple.xpc.activity:Client] _xpc_activity_set_state_from_cts: com.apple.cs.postinstall (0x600003304140), set activity state to 3
2024-07-23 17:38:13.440 Df assistantd[1545:3170] [com.apple.xpc.activity:Client] _xpc_activity_set_state: com.apple.siri.xpc_activity.sync.now (0x600003308f00), 1
2024-07-23 17:38:13.441 Df corespeechd[1634:2e83] [com.apple.xpc.activity:Client] _xpc_activity_end_running: com.apple.cs.postinstall (0x600003304140) seqno: 1.
2024-07-23 17:38:13.441 A  assistantd[1545:5ada] (PlugInKit) discovery
2024-07-23 17:38:13.444 Df assistantd[1545:5ada] [com.apple.PlugInKit:discovery] [d 5936F743-3D30-4A72-BC15-AA584281A75C] <PKHost:0x600001717180> Beginning discovery for flags: 0, point: com.apple.intents-service
2024-07-23 17:38:13.445 Df assistantd[1545:3170] [com.apple.xpc.activity:Client] _xpc_activity_set_state: send new state to CTS: com.apple.siri.xpc_activity.sync.now (0x600003308f00), 4
2024-07-23 17:38:13.445 Df assistantd[1545:3170] [com.apple.xpc.activity:Client] _xpc_activity_set_state: send new state to CTS: com.apple.siri.xpc_activity.sync.now (0x600003308f00), 5
2024-07-23 17:38:13.445 Df UserEventAgent[1542:30c7] [com.apple.xpc.activity:Activities] Completed: com.apple.siri.xpc_activity.sync.now (0x101b109d0)
2024-07-23 17:38:13.445 Df assistantd[1545:3170] [com.apple.xpc.activity:Client] _xpc_activity_set_state: send new state to CTS: com.apple.siri.xpc_activity.sync.now (0x600003308f00), 1
2024-07-23 17:38:13.446 Df assistantd[1545:3170] [com.apple.xpc.activity:Client] _xpc_activity_set_state_from_cts: com.apple.siri.xpc_activity.sync.now (0x600003308f00), set activity state to 5
2024-07-23 17:38:13.447 Df assistantd[1545:3170] [com.apple.xpc.activity:Client] __xpc_activity_unregister: com.apple.siri.xpc_activity.sync.now (0x600003308f00) seqno: 1, (is registered)
2024-07-23 17:38:13.447 Df assistantd[1545:3170] [com.apple.xpc.activity:Client] _xpc_activity_unregister: com.apple.siri.xpc_activity.sync.now 1, last registration: true
2024-07-23 17:38:13.447 Df assistantd[1545:3170] [com.apple.xpc.activity:Client] _xpc_activity_end_running: com.apple.siri.xpc_activity.sync.now (0x600003308f00) seqno: 1.
2024-07-23 17:38:13.447 Df assistantd[1545:3170] [com.apple.xpc.activity:Client] _xpc_activity_dispose: com.apple.siri.xpc_activity.sync.now (0x600003308f00) seqno: 1, (not running)
2024-07-23 17:38:13.447 Df assistantd[1545:3170] [com.apple.xpc:connection] [0x10720cf80] invalidated because the current process cancelled the connection by calling xpc_connection_cancel()
2024-07-23 17:38:13.447 Df UserEventAgent[1542:26f1] [com.apple.xpc:connection] [0x101c0d150] invalidated after getting a no-senders notification - client is gone
2024-07-23 17:38:13.448 Df UserEventAgent[1542:30c7] [com.apple.xpc:connection] [0x104007ce0] invalidated because the current process cancelled the connection by calling xpc_connection_cancel()
2024-07-23 17:38:13.448 Df UserEventAgent[1542:26f1] [com.apple.xpc.activity:Activities] Unregistered on XPC remove event: com.apple.siri.xpc_activity.sync.now (0x101b109d0)
2024-07-23 17:38:13.448 Df assistantd[1545:5ada] [com.apple.NanoRegistry:framework] dispatch_syncing onto _pairedRegistryGetDevicesQueue <0x600002c37780>/com.apple.nanoregistry.getDevicesQueue.
2024-07-23 17:38:13.448 Df assistantd[1545:5ada] [com.apple.NanoRegistry:framework] dispatch_sync running _pairedRegistryGetDevicesQueue <0x600002c37780>/com.apple.nanoregistry.getDevicesQueue.
2024-07-23 17:38:13.448 Df UserEventAgent[1542:26f1] [com.apple.xpc:connection] [0x101f07010] invalidated because the current process cancelled the connection by calling xpc_connection_cancel()
2024-07-23 17:38:13.449 Df assistantd[1545:59dd] [com.apple.xpc:connection] [0x105b12d20] invalidated after getting a no-senders notification - client is gone
2024-07-23 17:38:13.449 Df assistantd[1545:5ada] (MobileSystemServices) 0x16baaf000 -[ACXDeviceConnection _onQueue_createXPCConnectionIfNecessary:]: 130: There is no active paired watch.
2024-07-23 17:38:13.452 Df pkd[1605:58b4] [com.apple.PlugInKit:discovery] [d 5936F743-3D30-4A72-BC15-AA584281A75C] Final plugin count: 24
2024-07-23 17:38:13.462 Df assistantd[1545:3170] [com.apple.PlugInKit:discovery] [d 5936F743-3D30-4A72-BC15-AA584281A75C] <PKHost:0x600001717180> Completed discovery. Final # of matches: 24
2024-07-23 17:38:13.485 A  assistantd[1545:5ada] (Security) SecItemCopyMatching_ios
2024-07-23 17:38:13.487 A  assistantd[1545:5ada] (Security) SecItemCopyMatching_ios
2024-07-23 17:38:13.488 A  assistantd[1545:5ada] (Security) SecItemCopyMatching_ios
2024-07-23 17:38:13.490 A  assistantd[1545:5ada] (Security) SecItemCopyMatching_ios
2024-07-23 17:38:13.529 Df assistantd[1545:5ada] [com.apple.xpc:connection] [0x105f05660] activating connection: mach=true listener=false peer=false name=com.apple.assistant_service
2024-07-23 17:38:13.530 A  assistantd[1545:5ada] (Security) SecItemCopyMatching_ios
2024-07-23 17:38:13.532 A  assistantd[1545:5ada] (Security) SecItemCopyMatching_ios
2024-07-23 17:38:13.532 Df assistant_service[2366:5851] [com.apple.xpc:connection] [0x100f04080] activating connection: mach=false listener=false peer=true name=com.apple.assistant_service.peer[1545].0x100f04080
2024-07-23 17:38:13.534 A  assistantd[1545:5ada] (Security) SecItemCopyMatching_ios
2024-07-23 17:38:13.536 A  assistantd[1545:5ada] (Security) SecItemCopyMatching_ios
2024-07-23 17:38:13.657 Df assistant_service[2366:5851] [com.apple.xpc:connection] [0x100f04080] invalidated after getting a no-senders notification - client is gone
2024-07-23 17:38:13.657 Df assistantd[1545:5078] [com.apple.xpc:connection] [0x105f05660] invalidated because the current process cancelled the connection by calling xpc_connection_cancel()
2024-07-23 17:38:14.148 Df rapportd[1573:2692] [com.apple.CoreUtils:CUBonjourBrowser] CLink: Found CUBonjourDevice B7:1D:8A:57:87:CC, 'Ai’s MacBook Pro (8)'
2024-07-23 17:38:14.148 Df rapportd[1573:2692] [com.apple.rapport:CLinkD] Bonjour unauth peer found. BLE Address: <B7:1D:8A:57:87:CC>, device: CUBonjourDevice B7:1D:8A:57:87:CC, "Ai’s MacBook Pro (8)", TT 0x2 < WiFi >, TXT { "rpBA" : "B7:1D:8A:57:87:CC", "rpFl" : "0x20000", "rpAD" : "5833ab4f45d9", "rpHN" : "4495b1be103b", "rpMac" : "0", "rpVr" : "550.7", }
, found over AWDL: NO
2024-07-23 17:38:14.149 Df rapportd[1573:2692] [com.apple.rapport:CLinkD] NULL.success.containsFlag.RPControlFlagsInfraWiFi: 0xC5A30001, 0x7C5E0001,
2024-07-23 17:38:14.149 Df rapportd[1573:2692] [com.apple.rapport:CLinkD] NULL.skipped.nilClientCnx: 0x0,
2024-07-23 17:38:14.149 Df rapportd[1573:2692] [com.apple.rapport:CLinkD] NULL.skipped.deviceFlag.unauthenticated: 0x0, 0x876F0001, 0x64BC0001, 0x8F210001, 0x8F210002, 0xE8E70001, 0x64BC0004, 0xE1D50001, 0x64BC0003,
2024-07-23 17:38:14.579 Df ScreenTimeAgent[1714:2ae7] [com.apple.screentime.core:coreDataObserver] Using last token to process persistent history transactions.
2024-07-23 17:38:14.581 Df ScreenTimeAgent[1714:2ae7] [com.apple.screentime.core:coreDataObserver] Persistent history transactions to process: 2
2024-07-23 17:38:14.583 Df ScreenTimeAgent[1714:2ae7] (libMobileGestalt.dylib) Could not get unique chip ID
2024-07-23 17:38:14.584 Df ScreenTimeAgent[1714:587e] [com.apple.screentime.core:reactor] Observed device state change: <STDeviceStateChange { DeviceID: <STDeviceID { Identifier: ffffffffffffffffffffffffffffffffffffffff }>, DeviceName: iPhone 15 Pro, Platform: iOS, InstalledApp(Count): 0, RemovedApp(Count): 1, Associated User: <STUserID { DSID: 0 }> }>
2024-07-23 17:38:14.584 Df ScreenTimeAgent[1714:587e] [com.apple.screentime.core:familyMessaging] [v2] -[STConcreteFamilyCirclePrimitives fetchFamilyMembersForcingCacheRefresh:completionHandler:]: 
forceCacheRefresh: NO
2024-07-23 17:38:14.585 Df ScreenTimeAgent[1714:587e] [com.apple.family:familycircle] Starting family request: <FAFetchFamilyCircleRequest: 0x60000261ec40>
2024-07-23 17:38:14.585 Df searchd[2309:59ea] [com.apple.spotlightindex:Store] Finalizing journal 0x600000c7f7b0 0x110c8c000 100000 journalAttr.13
2024-07-23 17:38:14.585 Df ScreenTimeAgent[1714:2ae7] (libMobileGestalt.dylib) Could not get unique chip ID
2024-07-23 17:38:14.587 A  familycircled[1742:587b] (Accounts) accounts/accounts-with-types-sync
2024-07-23 17:38:14.587 Df familycircled[1742:587b] [com.apple.xpc:connection] [0x1049046c0] activating connection: mach=true listener=false peer=false name=com.apple.accountsd.accountmanager
2024-07-23 17:38:14.588 Df accountsd[1608:48ec] [com.apple.accounts:core] "<NSXPCConnection: 0x600003310280> connection from pid 1742 on mach service named com.apple.accountsd.accountmanager (familycircled) received"
2024-07-23 17:38:14.588 Df accountsd[1608:48ec] [com.apple.xpc:connection] [0x105504080] activating connection: mach=false listener=false peer=true name=com.apple.accountsd.accountmanager.peer[1742].0x105504080
2024-07-23 17:38:14.590 A  familycircled[1742:587b] (Accounts) accounts/accounts-with-types-sync
2024-07-23 17:38:14.590 E  familycircled[1742:587b] [com.apple.family:familyrequest] No iCloud, no family
2024-07-23 17:38:14.590 Df ScreenTimeAgent[1714:45da] [com.apple.family:familycircle] Family request came back with response: (null) - (null) - Error Domain=com.apple.family.error Code=-1004 "(null)"
2024-07-23 17:38:14.591 Df ScreenTimeAgent[1714:45da] [com.apple.screentime.core:familyMessaging] [v2] -[STConcreteFamilyCirclePrimitives fetchFamilyMembersForcingCacheRefresh:completionHandler:]_block_invoke: 
Family circle is nil, 
error: Error Domain=com.apple.family.error Code=-1004 "(null)"
2024-07-23 17:38:14.591 E  ScreenTimeAgent[1714:587e] [com.apple.screentime.core:familyInformationProvider] Failed to refresh member cache: Error Domain=com.apple.family.error Code=-1004 "(null)"
2024-07-23 17:38:14.591 Df ScreenTimeAgent[1714:587e] [com.apple.IDS:Registration] XPC has informed us that a fatal error has occured, we will not be attempting to reconnect any further
2024-07-23 17:38:14.592 E  ScreenTimeAgent[1714:587e] [com.apple.screentime.core:reactorCore] Failed to find signed in member
2024-07-23 17:38:14.592 Df ScreenTimeAgent[1714:587e] [com.apple.screentime.core:reactorDirectiveProcessor] processing do nothing directive
2024-07-23 17:38:14.593 Df ScreenTimeAgent[1714:45da] [com.apple.screentime.core:reactor] Processed change: <STDeviceStateChange { DeviceID: <STDeviceID { Identifier: ffffffffffffffffffffffffffffffffffffffff }>, DeviceName: iPhone 15 Pro, Platform: iOS, InstalledApp(Count): 0, RemovedApp(Count): 1, Associated User: <STUserID { DSID: 0 }> }>
2024-07-23 17:38:14.593 Df ScreenTimeAgent[1714:587e] [com.apple.screentime.core:reactor] Observed device state change: <STDeviceStateChange { DeviceID: <STDeviceID { Identifier: ffffffffffffffffffffffffffffffffffffffff }>, DeviceName: iPhone 15 Pro, Platform: iOS, InstalledApp(Count): 1, RemovedApp(Count): 0, Associated User: <STUserID { DSID: 0 }> }>
2024-07-23 17:38:14.593 Df ScreenTimeAgent[1714:587e] [com.apple.screentime.core:familyMessaging] [v2] -[STConcreteFamilyCirclePrimitives fetchFamilyMembersForcingCacheRefresh:completionHandler:]: 
forceCacheRefresh: NO
2024-07-23 17:38:14.593 Df ScreenTimeAgent[1714:587e] [com.apple.family:familycircle] Starting family request: <FAFetchFamilyCircleRequest: 0x600002611bc0>
2024-07-23 17:38:14.594 A  familycircled[1742:587b] (Accounts) accounts/accounts-with-types-sync
2024-07-23 17:38:14.594 A  familycircled[1742:587b] (Accounts) accounts/accounts-with-types-sync
2024-07-23 17:38:14.595 E  familycircled[1742:45fa] [com.apple.family:familyrequest] No iCloud, no family
2024-07-23 17:38:14.595 Df ScreenTimeAgent[1714:45da] [com.apple.family:familycircle] Family request came back with response: (null) - (null) - Error Domain=com.apple.family.error Code=-1004 "(null)"
2024-07-23 17:38:14.595 Df ScreenTimeAgent[1714:45da] [com.apple.screentime.core:familyMessaging] [v2] -[STConcreteFamilyCirclePrimitives fetchFamilyMembersForcingCacheRefresh:completionHandler:]_block_invoke: 
Family circle is nil, 
error: Error Domain=com.apple.family.error Code=-1004 "(null)"
2024-07-23 17:38:14.595 E  ScreenTimeAgent[1714:587e] [com.apple.screentime.core:familyInformationProvider] Failed to refresh member cache: Error Domain=com.apple.family.error Code=-1004 "(null)"
2024-07-23 17:38:14.596 Df ScreenTimeAgent[1714:587e] [com.apple.IDS:Registration] XPC has informed us that a fatal error has occured, we will not be attempting to reconnect any further
2024-07-23 17:38:14.596 E  ScreenTimeAgent[1714:587e] [com.apple.screentime.core:reactorCore] Failed to find signed in member
2024-07-23 17:38:14.596 Df ScreenTimeAgent[1714:587e] [com.apple.screentime.core:reactorDirectiveProcessor] processing do nothing directive
2024-07-23 17:38:14.597 Df ScreenTimeAgent[1714:587e] [com.apple.screentime.core:reactor] Processed change: <STDeviceStateChange { DeviceID: <STDeviceID { Identifier: ffffffffffffffffffffffffffffffffffffffff }>, DeviceName: iPhone 15 Pro, Platform: iOS, InstalledApp(Count): 1, RemovedApp(Count): 0, Associated User: <STUserID { DSID: 0 }> }>
2024-07-23 17:38:14.602 Df searchd[2309:59ea] [com.apple.spotlightindex:SDB] copy file /Users/appinventiv/Library/Developer/CoreSimulator/Devices/04077649-5DD1-48EA-A3F0-8DED1ADC3EEB/data/Library/Spotlight/CoreSpotlight/Priority/index.spotlightV2/.store.db to /Users/appinventiv/Library/Developer/CoreSimulator/Devices/04077649-5DD1-48EA-A3F0-8DED1ADC3EEB/data/Library/Spotlight/CoreSpotlight/Priority/index.spotlightV2/store.db
2024-07-23 17:38:14.604 Df searchd[2309:59ea] [com.apple.spotlightindex:SDB] copy file /Users/appinventiv/Library/Developer/CoreSimulator/Devices/04077649-5DD1-48EA-A3F0-8DED1ADC3EEB/data/Library/Spotlight/CoreSpotlight/Priority/index.spotlightV2/live.0.indexCompactDirectory to /Users/appinventiv/Library/Developer/CoreSimulator/Devices/04077649-5DD1-48EA-A3F0-8DED1ADC3EEB/data/Library/Spotlight/CoreSpotlight/Priority/index.spotlightV2/live.0.shadowIndexCompactDirectory
2024-07-23 17:38:14.605 Df searchd[2309:59ea] [com.apple.spotlightindex:SDB] copy file /Users/appinventiv/Library/Developer/CoreSimulator/Devices/04077649-5DD1-48EA-A3F0-8DED1ADC3EEB/data/Library/Spotlight/CoreSpotlight/Priority/index.spotlightV2/live.0.indexDirectory to /Users/appinventiv/Library/Developer/CoreSimulator/Devices/04077649-5DD1-48EA-A3F0-8DED1ADC3EEB/data/Library/Spotlight/CoreSpotlight/Priority/index.spotlightV2/live.0.shadowIndexDirectory
2024-07-23 17:38:14.606 Df searchd[2309:59ea] [com.apple.spotlightindex:SDB] copy file /Users/appinventiv/Library/Developer/CoreSimulator/Devices/04077649-5DD1-48EA-A3F0-8DED1ADC3EEB/data/Library/Spotlight/CoreSpotlight/Priority/index.spotlightV2/live.0.indexArrays to /Users/appinventiv/Library/Developer/CoreSimulator/Devices/04077649-5DD1-48EA-A3F0-8DED1ADC3EEB/data/Library/Spotlight/CoreSpotlight/Priority/index.spotlightV2/live.0.shadowIndexArrays
2024-07-23 17:38:14.607 Df searchd[2309:59ea] [com.apple.spotlightindex:SDB] copy file /Users/appinventiv/Library/Developer/CoreSimulator/Devices/04077649-5DD1-48EA-A3F0-8DED1ADC3EEB/data/Library/Spotlight/CoreSpotlight/Priority/index.spotlightV2/live.0.directoryStoreFile to /Users/appinventiv/Library/Developer/CoreSimulator/Devices/04077649-5DD1-48EA-A3F0-8DED1ADC3EEB/data/Library/Spotlight/CoreSpotlight/Priority/index.spotlightV2/live.0.directoryStoreFile.shadow
2024-07-23 17:38:14.617 Df searchd[2309:59ea] [com.apple.spotlightindex:General] (2282)renamed journal journalAttr.13 -> skg_knowledgeEntry.13
2024-07-23 17:38:14.727 Df wdiodemoapp[3308:5ba0] [com.apple.xpc:connection] [0x600003d0ed00] invalidated because the current process cancelled the connection by calling xpc_connection_cancel()
2024-07-23 17:38:14.727 Df containermanagerd_system[1586:58b9] [com.apple.xpc:connection] [0x100d04830] invalidated after getting a no-senders notification - client is gone
2024-07-23 17:38:14.785 Df testmanagerd[2352:5a80] [com.apple.dt.xctest:Default] Fetching AX attributes XC_kAXXCAttributeSystemAppApplication for Device system-wide element
2024-07-23 17:38:14.786 Df testmanagerd[2352:5a80] [com.apple.dt.xctest:Default] Got attributes, transferring to dictionary for return.
2024-07-23 17:38:14.788 Df testmanagerd[2352:5a80] [com.apple.dt.xctest:Default] Fetching AX attributes XC_kAXXCAttributeFocusedApplications for AX element pid: 1543, elementOrHash.elementID: 0.1
2024-07-23 17:38:14.791 Df testmanagerd[2352:5a80] [com.apple.dt.xctest:Default] Got attributes, transferring to dictionary for return.
2024-07-23 17:38:14.799 Df testmanagerd[2352:5a80] [com.apple.dt.xctest:Default] XCTPerformOnMainRunLoop[not MT]: about to CFRunLoopPerform
2024-07-23 17:38:14.799 Df testmanagerd[2352:5a80] [com.apple.dt.xctest:Default] XCTPerformOnMainRunLoop[not MT]: waiting with 30.00s responsiveness timeout
2024-07-23 17:38:14.799 Df testmanagerd[2352:3439] [com.apple.dt.xctest:Default] XCTPerformOnMainRunLoop[MT]: inside CFRunLoopPerform
2024-07-23 17:38:14.799 Df testmanagerd[2352:5a80] [com.apple.dt.xctest:Default] XCTPerformOnMainRunLoop[not MT]: waiting 60.00s for work to complete
2024-07-23 17:38:14.799 Df testmanagerd[2352:3439] [com.apple.dt.xctest:Default] XCTPerformOnMainRunLoop[MT]: MT responded in time (won the race to the busy flag)
2024-07-23 17:38:14.800 Df testmanagerd[2352:3439] [com.apple.dt.xctest:Default] Got main window <AXUIElementRef 0x600000c38a20> {pid=3308} {uid=[ID:4 hash:0x10440b5e0]}
2024-07-23 17:38:14.800 Df testmanagerd[2352:3439] [com.apple.dt.xctest:Default] Capturing hierarchy with attributes XC_kAXXCAttributeElementType, XC_kAXXCAttributeElementBaseType, XC_kAXXCAttributeParent, XC_kAXXCAttributeIdentifier, XC_kAXXCAttributeAutomationType, XC_kAXXCAttributeTraits
2024-07-23 17:38:14.800 Df testmanagerd[2352:3439] [com.apple.dt.xctest:Default] Capturing hierarchy with parameters {
    attributes =     (
        5003,
        5004,
        5002,
        5019,
        5058,
        2004
    );
    maxArrayCount = 2147483647;
    maxChildren = 2147483647;
    maxDepth = 50;
    snapshotKeyHonorModalViews = 0;
    traverseFromParentsToChildren = 1;
}
2024-07-23 17:38:14.801 Df testmanagerd[2352:3439] [com.apple.dt.xctest:Default] Snapshot attributes 5003, 5004, 5002, 5019, 5058, 2004
2024-07-23 17:38:14.812 Df testmanagerd[2352:3439] [com.apple.dt.xctest:Default] Got snapshot for <AXUIElementRef 0x600000c39170> {pid=3308} {uid=[ID:1 hash:0x0]}
2024-07-23 17:38:14.812 Df testmanagerd[2352:3439] [com.apple.dt.xctest:Default] Got app orientation 0
2024-07-23 17:38:14.812 Df testmanagerd[2352:3439] [com.apple.dt.xctest:Default] Captured accessibility snapshot data in 0.01s
2024-07-23 17:38:14.812 Df testmanagerd[2352:5a80] [com.apple.dt.xctest:Default] Found main window: Window
2024-07-23 17:38:14.823 Df testmanagerd[2352:5a80] [com.apple.dt.xctest:Default] XCTPerformOnMainRunLoop[not MT]: about to CFRunLoopPerform
2024-07-23 17:38:14.823 Df testmanagerd[2352:5a80] [com.apple.dt.xctest:Default] XCTPerformOnMainRunLoop[not MT]: waiting with 30.00s responsiveness timeout
2024-07-23 17:38:14.823 Df testmanagerd[2352:3439] [com.apple.dt.xctest:Default] XCTPerformOnMainRunLoop[MT]: inside CFRunLoopPerform
2024-07-23 17:38:14.823 Df testmanagerd[2352:3439] [com.apple.dt.xctest:Default] XCTPerformOnMainRunLoop[MT]: MT responded in time (won the race to the busy flag)
2024-07-23 17:38:14.823 Df testmanagerd[2352:5a80] [com.apple.dt.xctest:Default] XCTPerformOnMainRunLoop[not MT]: waiting 60.00s for work to complete
2024-07-23 17:38:14.824 Df testmanagerd[2352:3439] [com.apple.dt.xctest:Default] Got main window <AXUIElementRef 0x600000c2c5d0> {pid=3308} {uid=[ID:4 hash:0x10440b5e0]}
2024-07-23 17:38:14.824 Df testmanagerd[2352:3439] [com.apple.dt.xctest:Default] Capturing hierarchy with attributes XC_kAXXCAttributeElementType, XC_kAXXCAttributeElementBaseType, XC_kAXXCAttributeParent, XC_kAXXCAttributeIdentifier, XC_kAXXCAttributeAutomationType, XC_kAXXCAttributeTraits
2024-07-23 17:38:14.824 Df testmanagerd[2352:3439] [com.apple.dt.xctest:Default] Capturing hierarchy with parameters {
    attributes =     (
        5003,
        5004,
        5002,
        5019,
        5058,
        2004
    );
    maxArrayCount = 2147483647;
    maxChildren = 2147483647;
    maxDepth = 50;
    snapshotKeyHonorModalViews = 0;
    traverseFromParentsToChildren = 1;
}
2024-07-23 17:38:14.824 Df testmanagerd[2352:3439] [com.apple.dt.xctest:Default] Snapshot attributes 5003, 5004, 5002, 5019, 5058, 2004
2024-07-23 17:38:14.831 Df testmanagerd[2352:3439] [com.apple.dt.xctest:Default] Got snapshot for <AXUIElementRef 0x600000c05dd0> {pid=3308} {uid=[ID:1 hash:0x0]}
2024-07-23 17:38:14.831 Df testmanagerd[2352:3439] [com.apple.dt.xctest:Default] Got app orientation 0
2024-07-23 17:38:14.831 Df testmanagerd[2352:3439] [com.apple.dt.xctest:Default] Captured accessibility snapshot data in 0.01s
2024-07-23 17:38:14.831 Df testmanagerd[2352:5a80] [com.apple.dt.xctest:Default] Found main window: Window
2024-07-23 17:38:14.838 Df wdiodemoapp[3308:5ba4] [com.apple.dt.xctest:Default] Received attributes request for element: App element pid: 3308. Attributes: (
    "XC_kAXXCAttributeLabel"
)
2024-07-23 17:38:14.838 Df wdiodemoapp[3308:5ba0] [com.apple.dt.xctest:Default] XCTPerformOnMainRunLoop[not MT]: about to CFRunLoopPerform
2024-07-23 17:38:14.838 Df wdiodemoapp[3308:5ba0] [com.apple.dt.xctest:Default] XCTPerformOnMainRunLoop[not MT]: waiting with 30.00s responsiveness timeout
2024-07-23 17:38:14.838 Df wdiodemoapp[3308:5b9c] [com.apple.dt.xctest:Default] XCTPerformOnMainRunLoop[MT]: inside CFRunLoopPerform
2024-07-23 17:38:14.838 Df wdiodemoapp[3308:5b9c] [com.apple.dt.xctest:Default] XCTPerformOnMainRunLoop[MT]: MT responded in time (won the race to the busy flag)
2024-07-23 17:38:14.838 Df wdiodemoapp[3308:5ba0] [com.apple.dt.xctest:Default] XCTPerformOnMainRunLoop[not MT]: waiting 60.00s for work to complete
2024-07-23 17:38:14.838 Df wdiodemoapp[3308:5b9c] [com.apple.dt.xctest:Default] Fetching AX attributes XC_kAXXCAttributeLabel for App element pid: 3308
2024-07-23 17:38:14.838 Df wdiodemoapp[3308:5b9c] [com.apple.dt.xctest:Default] Got attributes, transferring to dictionary for return.
