                AssetSignature = "MIIVIAYJKoZIhvcNAQcCoIIVETCCFQ0CAQMxDTALBglghkgBZQMEAgEwCwYJKoZIhvcNAQcBoIIIYzCCAywwggLToAMCAQICCCvRKaKgcuheMAoGCCqGSM49BAMCMHIxJjAkBgNVBAMMHUFwcGxlIFN5c3RlbSBJbnRlZ3JhdGlvbiBDQSA1MSYwJAYDVQQLDB1BcHBsZSBDZXJ0aWZpY2F0aW9uIEF1dGhvcml0eTETMBEGA1UECgwKQXBwbGUgSW5jLjELMAkGA1UEBhMCVVMwHhcNMjQwMTAyMjMyNjE5WhcNMjUwMTMxMjMyNjE4WjBCMR4wHAYDVQQDDBVBc3NldCBSZWNlaXB0IFNpZ25pbmcxEzARBgNVBAoMCkFwcGxlIEluYy4xCzAJBgNVBAYTAlVTMFkwEwYHKoZIzj0CAQYIKoZIzj0DAQcDQgAEbkfaoZDtw3Xy9xz2CK9tsIIGpvhlTyk5cEaakdtk6iR8+mp3T1VPc5Wex0Pg2cH9jnMhTrlBY7pSuDxKK5zFZ6OCAYEwggF9MAwGA1UdEwEB/wQCMAAwHwYDVR0jBBgwFoAUGGmk+b2NQ7xc7+IJ7/QLOiNp3nQwQQYIKwYBBQUHAQEENTAzMDEGCCsGAQUFBzABhiVodHRwOi8vb2NzcC5hcHBsZS5jb20vb2NzcDAzLWFzaWNhNTAxMIGWBgNVHSAEgY4wgYswgYgGCSqGSIb3Y2QFATB7MHkGCCsGAQUFBwICMG0Ma1RoaXMgY2VydGlmaWNhdGUgaXMgdG8gYmUgdXNlZCBleGNsdXNpdmVseSBmb3IgZnVuY3Rpb25zIGludGVybmFsIHRvIEFwcGxlIFByb2R1Y3RzIGFuZC9vciBBcHBsZSBwcm9jZXNzZXMuMDAGA1UdHwQpMCcwJaAjoCGGH2h0dHA6Ly9jcmwuYXBwbGUuY29tL2FzaWNhNS5jcmwwHQYDVR0OBBYEFJy0DZ7gGeToKApLnPhpH+siP0CMMA4GA1UdDwEB/wQEAwIHgDAPBgkqhkiG92NkBj0EAgUAMAoGCCqGSM49BAMCA0cAMEQCICr9hAJsaGl0rkMAWlhVD+7HjpvChsUY6k3caMT/0rKDAiAEKWqF1X5+YTKSK7iKxWfMM0SkWhZqMmcRmDKv0873bTCCAugwggJtoAMCAQICCE8KG/NchBZYMAoGCCqGSM49BAMDMGcxGzAZBgNVBAMMEkFwcGxlIFJvb3QgQ0EgLSBHMzEmMCQGA1UECwwdQXBwbGUgQ2VydGlmaWNhdGlvbiBBdXRob3JpdHkxEzARBgNVBAoMCkFwcGxlIEluYy4xCzAJBgNVBAYTAlVTMB4XDTE4MTEyODAwMTk0MFoXDTMzMTExNjAwMDAwMFowcjEmMCQGA1UEAwwdQXBwbGUgU3lzdGVtIEludGVncmF0aW9uIENBIDUxJjAkBgNVBAsMHUFwcGxlIENlcnRpZmljYXRpb24gQXV0aG9yaXR5MRMwEQYDVQQKDApBcHBsZSBJbmMuMQswCQYDVQQGEwJVUzBZMBMGByqGSM49AgEGCCqGSM49AwEHA0IABCeg0nr9F513u2+djm9snR0xzLchYzqM3RC1aS2yPBfSfgB4AOaiL+ryulc8KxSAtQcywLvffX21AVQVR+zCqLejgfcwgfQwDwYDVR0TAQH/BAUwAwEB/zAfBgNVHSMEGDAWgBS7sN6hWDOImqSKmd6+veuv2sskqzBGBggrBgEFBQcBAQQ6MDgwNgYIKwYBBQUHMAGGKmh0dHA6Ly9vY3NwLmFwcGxlLmNvbS9vY3NwMDMtYXBwbGVyb290Y2FnMzA3BgNVHR8EMDAuMCygKqAohiZodHRwOi8vY3JsLmFwcGxlLmNvbS9hcHBsZXJvb3RjYWczLmNybDAdBgNVHQ4EFgQUGGmk+b2NQ7xc7+IJ7/QLOiNp3nQwDgYDVR0PAQH/BAQDAgEGMBAGCiqGSIb3Y2QGAgoEAgUAMAoGCCqGSM49BAMDA2kAMGYCMQCR/TB5S7mXRRXoBB9KQKm0wA9bFEaKJPvJjPY9hUNTcJSN9/K4Zb60DmvIFn3qvtYCMQDIgc/jp3Bz8DxcwrS0MUSjxAEguaa7hoG3PlyhEAZrEDYtiBsxi/kJeToRssMCzBAwggJDMIIByaADAgECAggtxfyI0sVLlTAKBggqhkjOPQQDAzBnMRswGQYDVQQDDBJBcHBsZSBSb290IENBIC0gRzMxJjAkBgNVBAsMHUFwcGxlIENlcnRpZmljYXRpb24gQXV0aG9yaXR5MRMwEQYDVQQKDApBcHBsZSBJbmMuMQswCQYDVQQGEwJVUzAeFw0xNDA0MzAxODE5MDZaFw0zOTA0MzAxODE5MDZaMGcxGzAZBgNVBAMMEkFwcGxlIFJvb3QgQ0EgLSBHMzEmMCQGA1UECwwdQXBwbGUgQ2VydGlmaWNhdGlvbiBBdXRob3JpdHkxEzARBgNVBAoMCkFwcGxlIEluYy4xCzAJBgNVBAYTAlVTMHYwEAYHKoZIzj0CAQYFK4EEACIDYgAEmOkvPUBypO2TInKBExzdEJXxxaNOcdwUFtkO5aYFKndke19OONO7HES1f/UftjJiXcnphFtPME8RWgD9WFgMpfUPLE0HRxN12peXl28xXO0rnXsgO9i5VNlemaQ6UQoxo0IwQDAdBgNVHQ4EFgQUu7DeoVgziJqkipnevr3rr9rLJKswDwYDVR0TAQH/BAUwAwEB/zAOBgNVHQ8BAf8EBAMCAQYwCgYIKoZIzj0EAwMDaAAwZQIxAIPpwcQWXhpdNBjZ7e/0bA4ARku437JGEcUP/eZ6jKGma87CA9Sc9ZPGdLhq36ojFQIwbWaKEMrUDdRPzY1DPrSKY6UzbuNt2he3ZB/IUyb5iGJ0OQsXW8tRqAzoGAPnorIoMYIMgzCCDH8CAQOgFgQUnLQNnuAZ5OgoCkuc+Gkf6yI/QIwwCwYJYIZIAWUDBAIBoGkwGAYJKoZIhvcNAQkDMQsGCSqGSIb3DQEHATAvBgkqhkiG9w0BCQQxIgQgmY8x93zua3yiDv8p8IFzP9EMiNxLwLICfM3eUP3wBDcwHAYJKoZIhvdjZAkDMQ8XDTA5MTAwODE4MzAwMFowCgYIKoZIzj0EAwIERzBFAiEAn6BtO/Njh65hWF3swRnOr3nKFznSj8it/angvylfPKcCIA+qs7uC+TBnfu7cfVGrCIlmXogDI0/PPjClJuWdk7gtoYILkzCCC48GCyqGSIb3DQEJEAIOMYILfjCCC3oGCSqGSIb3DQEHAqCCC2swggtnAgEDMQ8wDQYJYIZIAWUDBAIBBQAwbQYLKoZIhvcNAQkQAQSgXgRcMFoCAQEGAioDMDEwDQYJYIZIAWUDBAIBBQAEIBf2vQ8Tx92i/m3J4pWiE+8H/dtI3hZT4x7rwYvWxTquAggr8XMWDvUcAxgPMjAyNDA2MjQwMzU1MjdaMAMCAQGggginMIICQzCCAcmgAwIBAgIILcX8iNLFS5UwCgYIKoZIzj0EAwMwZzEbMBkGA1UEAwwSQXBwbGUgUm9vdCBDQSAtIEczMSYwJAYDVQQLDB1BcHBsZSBDZXJ0aWZpY2F0aW9uIEF1dGhvcml0eTETMBEGA1UECgwKQXBwbGUgSW5jLjELMAkGA1UEBhMCVVMwHhcNMTQwNDMwMTgxOTA2WhcNMzkwNDMwMTgxOTA2WjBnMRswGQYDVQQDDBJBcHBsZSBSb290IENBIC0gRzMxJjAkBgNVBAsMHUFwcGxlIENlcnRpZmljYXRpb24gQXV0aG9yaXR5MRMwEQYDVQQKDApBcHBsZSBJbmMuMQswCQYDVQQGEwJVUzB2MBAGByqGSM49AgEGBSuBBAAiA2IABJjpLz1AcqTtkyJygRMc3RCV8cWjTnHcFBbZDuWmBSp3ZHtfTjjTuxxEtX/1H7YyYl3J6YRbTzBPEVoA/VhYDKX1DyxNB0cTddqXl5dvMVztK517IDvYuVTZXpmkOlEKMaNCMEAwHQYDVR0OBBYEFLuw3qFYM4iapIqZ3r6966/ayySrMA8GA1UdEwEB/wQFMAMBAf8wDgYDVR0PAQH/BAQDAgEGMAoGCCqGSM49BAMDA2gAMGUCMQCD6cHEFl4aXTQY2e3v9GwOAEZLuN+yRhHFD/3meoyhpmvOwgPUnPWTxnS4at+qIxUCMG1mihDK1A3UT82NQz60imOlM27jbdoXt2QfyFMm+YhidDkLF1vLUagM6BgD56KyKDCCAt4wggJkoAMCAQICCATjKwv6CiMBMAoGCCqGSM49BAMDMGcxGzAZBgNVBAMMEkFwcGxlIFJvb3QgQ0EgLSBHMzEmMCQGA1UECwwdQXBwbGUgQ2VydGlmaWNhdGlvbiBBdXRob3JpdHkxEzARBgNVBAoMCkFwcGxlIEluYy4xCzAJBgNVBAYTAlVTMB4XDTE4MTEyODAwMTAzMloXDTMzMTExNjAwMDAwMFowaTEdMBsGA1UEAwwUQXBwbGUgVGltZXN0YW1wIENBIDIxJjAkBgNVBAsMHUFwcGxlIENlcnRpZmljYXRpb24gQXV0aG9yaXR5MRMwEQYDVQQKDApBcHBsZSBJbmMuMQswCQYDVQQGEwJVUzBZMBMGByqGSM49AgEGCCqGSM49AwEHA0IABMUEHPIU<…>
2024-07-23 17:38:23.047 Df mobileassetd[1624:5c4d] [com.apple.mobileassetd:Notice] -[DownloadManager pallasRequestV2:normalizedType:withPurpose:options:using:with:autoAssetJob:clientName:then:]_block_invoke: asset set id for 7E64C633-2E93-4907-B46F-4BA458AE545A from server is: beac3872-544c-4468-8697-c4e609556b6d
2024-07-23 17:38:23.048 Df mobileassetd[1624:5c4d] [com.apple.mobileassetd:Notice] -[DownloadManager massageXmlAndPersist:catalogInfo:descriptor:assets:transformations:to:postedDate:receiptResults:assetSetId:pallasUrl:considerCaching:]: Catalog download for: com.apple.MobileAsset.SpotlightResources got: 47 assets
2024-07-23 17:38:23.048 Df mobileassetd[1624:5c4d] [com.apple.mobileassetd:Notice] -[DownloadManager massageXmlAndPersist:catalogInfo:descriptor:assets:transformations:to:postedDate:receiptResults:assetSetId:pallasUrl:considerCaching:]: The live asset server posting date is: 2024-07-09 00:00:00 +0000
2024-07-23 17:38:23.050 A  mobileassetd[1624:5c4d] (Security) SecTrustEvaluateIfNecessary
2024-07-23 17:38:23.051 Df mobileassetd[1624:5c4d] [com.apple.xpc:connection] [0x600003d0c780] activating connection: mach=true listener=false peer=false name=com.apple.trustd
2024-07-23 17:38:23.052 Df trustd[1657:5c7d] [com.apple.xpc:connection] [0x101f04c10] activating connection: mach=false listener=false peer=true name=com.apple.trustd.peer[1624].0x101f04c10
2024-07-23 17:38:23.055 Df mobileassetd[1624:5c4d] [com.apple.xpc:connection] [0x600003d0c780] invalidated because the current process cancelled the connection by calling xpc_connection_cancel()
2024-07-23 17:38:23.055 Df trustd[1657:5c7d] [com.apple.xpc:connection] [0x101f04c10] invalidated after getting a no-senders notification - client is gone
2024-07-23 17:38:23.057 A  mobileassetd[1624:5c4d] (Security) SecTrustEvaluateIfNecessary
2024-07-23 17:38:23.057 Df mobileassetd[1624:5c4d] [com.apple.xpc:connection] [0x600003d0c870] activating connection: mach=true listener=false peer=false name=com.apple.trustd
2024-07-23 17:38:23.058 Df trustd[1657:5c7d] [com.apple.xpc:connection] [0x101104320] activating connection: mach=false listener=false peer=true name=com.apple.trustd.peer[1624].0x101104320
2024-07-23 17:38:23.060 Df mobileassetd[1624:5c4d] [com.apple.xpc:connection] [0x600003d0c870] invalidated because the current process cancelled the connection by calling xpc_connection_cancel()
2024-07-23 17:38:23.060 Df trustd[1657:5c7d] [com.apple.xpc:connection] [0x101104320] invalidated after getting a no-senders notification - client is gone
2024-07-23 17:38:23.061 Df mobileassetd[1624:5c4d] [com.apple.securityd:SecWarning] MessageSecurity and Security frameworks have different signed attributes results, returning Security result. sec: {
    kSecCMSExpirationDate = "2009-10-08 18:30:00 +0000";
    kSecCMSAllCerts =     (
        "<cert(0x102043000) s: Asset Receipt Signing i: Apple System Integration CA 5>",
        "<cert(0x102040200) s: Apple System Integration CA 5 i: Apple Root CA - G3>",
        "<cert(0x10203da00) s: Apple Root CA - G3 i: Apple Root CA - G3>"
    );
    {length = 9, bytes = 0x2a864886f763640903} =     (
        {length = 15, bytes = 0x170d3039313030383138333030305a}
    );
    {length = 9, bytes = 0x2a864886f70d010903} =     (
        {length = 9, bytes = 0x2a864886f70d010701}
    );
    {length = 9, bytes = 0x2a864886f70d010904} =     (
        {length = 32, bytes = 0x1f0f9d3a fe77c303 904fc95b e0ebb117 ... 1c0d2f98 6009653b }
    );
}, ms: {
    kSecCMSExpirationDate = "2009-10-08 18:30:00 +0000";
    kSecCMSAllCerts =     (
        "<cert(0x10380a000) s: Asset Receipt Signing i: Apple System Integration CA 5>",
        "<cert(0x10382f400) s: Apple System Integration CA 5 i: Apple Root CA - G3>",
        "
2024-07-23 17:38:23.062 Df mobileassetd[1624:5c4d] [com.apple.mobileassetd:Notice] +[PallasResponseVerifier verifyReceipt:withSignature:]: MobileAsset verifyReceipt error: 101
2024-07-23 17:38:23.062 Df mobileassetd[1624:5c4d] [com.apple.mobileassetd:Notice] -[DownloadManager applyTransformsAndCheckReceipts:transformations:assetType:assets:receiptResults:]: Asset passed receipt validation
2024-07-23 17:38:23.063 A  mobileassetd[1624:5c4d] (Security) SecTrustEvaluateIfNecessary
2024-07-23 17:38:23.063 Df mobileassetd[1624:5c4d] [com.apple.xpc:connection] [0x600003d0c870] activating connection: mach=true listener=false peer=false name=com.apple.trustd
2024-07-23 17:38:23.063 Df trustd[1657:589f] [com.apple.xpc:connection] [0x1031045d0] activating connection: mach=false listener=false peer=true name=com.apple.trustd.peer[1624].0x1031045d0
2024-07-23 17:38:23.066 Df mobileassetd[1624:5c4d] [com.apple.xpc:connection] [0x600003d0c870] invalidated because the current process cancelled the connection by calling xpc_connection_cancel()
2024-07-23 17:38:23.066 Df trustd[1657:589f] [com.apple.xpc:connection] [0x1031045d0] invalidated after getting a no-senders notification - client is gone
2024-07-23 17:38:23.067 A  mobileassetd[1624:5c4d] (Security) SecTrustEvaluateIfNecessary
2024-07-23 17:38:23.067 Df mobileassetd[1624:5c4d] [com.apple.xpc:connection] [0x600003d144b0] activating connection: mach=true listener=false peer=false name=com.apple.trustd
2024-07-23 17:38:23.068 Df trustd[1657:589f] [com.apple.xpc:connection] [0x101104320] activating connection: mach=false listener=false peer=true name=com.apple.trustd.peer[1624].0x101104320
2024-07-23 17:38:23.071 Df mobileassetd[1624:5c4d] [com.apple.xpc:connection] [0x600003d144b0] invalidated because the current process cancelled the connection by calling xpc_connection_cancel()
2024-07-23 17:38:23.071 Df trustd[1657:5c7d] [com.apple.xpc:connection] [0x101104320] invalidated after getting a no-senders notification - client is gone
2024-07-23 17:38:23.072 Df mobileassetd[1624:5c4d] [com.apple.securityd:SecWarning] MessageSecurity and Security frameworks have different signed attributes results, returning Security result. sec: {
    kSecCMSExpirationDate = "2009-10-08 18:30:00 +0000";
    kSecCMSAllCerts =     (
        "<cert(0x104810e00) s: Asset Receipt Signing i: Apple System Integration CA 5>",
        "<cert(0x104810800) s: Apple System Integration CA 5 i: Apple Root CA - G3>",
        "<cert(0x102019000) s: Apple Root CA - G3 i: Apple Root CA - G3>"
    );
    {length = 9, bytes = 0x2a864886f763640903} =     (
        {length = 15, bytes = 0x170d3039313030383138333030305a}
    );
    {length = 9, bytes = 0x2a864886f70d010903} =     (
        {length = 9, bytes = 0x2a864886f70d010701}
    );
    {length = 9, bytes = 0x2a864886f70d010904} =     (
        {length = 32, bytes = 0x69064f5c a511c176 6a0d79d4 552a1af8 ... 9ae1efdb 587b4f15 }
    );
}, ms: {
    kSecCMSExpirationDate = "2009-10-08 18:30:00 +0000";
    kSecCMSAllCerts =     (
        "<cert(0x107813000) s: Asset Receipt Signing i: Apple System Integration CA 5>",
        "<cert(0x107840000) s: Apple System Integration CA 5 i: Apple Root CA - G3>",
        "
2024-07-23 17:38:23.072 Df mobileassetd[1624:5c4d] [com.apple.mobileassetd:Notice] +[PallasResponseVerifier verifyReceipt:withSignature:]: MobileAsset verifyReceipt error: 101
2024-07-23 17:38:23.072 Df mobileassetd[1624:5c4d] [com.apple.mobileassetd:Notice] -[DownloadManager applyTransformsAndCheckReceipts:transformations:assetType:assets:receiptResults:]: Asset passed receipt validation
2024-07-23 17:38:23.074 A  mobileassetd[1624:5c4d] (Security) SecTrustEvaluateIfNecessary
2024-07-23 17:38:23.074 Df mobileassetd[1624:5c4d] [com.apple.xpc:connection] [0x600003d0c870] activating connection: mach=true listener=false peer=false name=com.apple.trustd
2024-07-23 17:38:23.074 Df trustd[1657:5c7d] [com.apple.xpc:connection] [0x101104320] activating connection: mach=false listener=false peer=true name=com.apple.trustd.peer[1624].0x101104320
2024-07-23 17:38:23.078 Df mobileassetd[1624:5c4d] [com.apple.xpc:connection] [0x600003d0c870] invalidated because the current process cancelled the connection by calling xpc_connection_cancel()
2024-07-23 17:38:23.078 Df trustd[1657:589f] [com.apple.xpc:connection] [0x101104320] invalidated after getting a no-senders notification - client is gone
2024-07-23 17:38:23.079 A  mobileassetd[1624:5c4d] (Security) SecTrustEvaluateIfNecessary
2024-07-23 17:38:23.080 Df mobileassetd[1624:5c4d] [com.apple.xpc:connection] [0x600003d144b0] activating connection: mach=true listener=false peer=false name=com.apple.trustd
2024-07-23 17:38:23.080 Df trustd[1657:589f] [com.apple.xpc:connection] [0x1031045d0] activating connection: mach=false listener=false peer=true name=com.apple.trustd.peer[1624].0x1031045d0
2024-07-23 17:38:23.084 Df mobileassetd[1624:5c4d] [com.apple.xpc:connection] [0x600003d144b0] invalidated because the current process cancelled the connection by calling xpc_connection_cancel()
2024-07-23 17:38:23.085 Df trustd[1657:589f] [com.apple.xpc:connection] [0x1031045d0] invalidated after getting a no-senders notification - client is gone
2024-07-23 17:38:23.087 Df mobileassetd[1624:5c4d] [com.apple.securityd:SecWarning] MessageSecurity and Security frameworks have different signed attributes results, returning Security result. sec: {
    kSecCMSExpirationDate = "2009-10-08 18:30:00 +0000";
    kSecCMSAllCerts =     (
        "<cert(0x107841e00) s: Asset Receipt Signing i: Apple System Integration CA 5>",
        "<cert(0x107813000) s: Apple System Integration CA 5 i: Apple Root CA - G3>",
        "<cert(0x107842400) s: Apple Root CA - G3 i: Apple Root CA - G3>"
    );
    {length = 9, bytes = 0x2a864886f763640903} =     (
        {length = 15, bytes = 0x170d3039313030383138333030305a}
    );
    {length = 9, bytes = 0x2a864886f70d010903} =     (
        {length = 9, bytes = 0x2a864886f70d010701}
    );
    {length = 9, bytes = 0x2a864886f70d010904} =     (
        {length = 32, bytes = 0xc3db848d d436d010 08412091 8fc18397 ... 432d618f b7695b85 }
    );
}, ms: {
    kSecCMSExpirationDate = "2009-10-08 18:30:00 +0000";
    kSecCMSAllCerts =     (
        "<cert(0x10382b400) s: Asset Receipt Signing i: Apple System Integration CA 5>",
        "<cert(0x102019000) s: Apple System Integration CA 5 i: Apple Root CA - G3>",
        "
2024-07-23 17:38:23.087 Df mobileassetd[1624:5c4d] [com.apple.mobileassetd:Notice] +[PallasResponseVerifier verifyReceipt:withSignature:]: MobileAsset verifyReceipt error: 101
2024-07-23 17:38:23.087 Df mobileassetd[1624:5c4d] [com.apple.mobileassetd:Notice] -[DownloadManager applyTransformsAndCheckReceipts:transformations:assetType:assets:receiptResults:]: Asset passed receipt validation
2024-07-23 17:38:23.089 A  mobileassetd[1624:5c4d] (Security) SecTrustEvaluateIfNecessary
2024-07-23 17:38:23.089 Df mobileassetd[1624:5c4d] [com.apple.xpc:connection] [0x600003d1c780] activating connection: mach=true listener=false peer=false name=com.apple.trustd
2024-07-23 17:38:23.089 Df trustd[1657:5c7d] [com.apple.xpc:connection] [0x101104320] activating connection: mach=false listener=false peer=true name=com.apple.trustd.peer[1624].0x101104320
2024-07-23 17:38:23.093 Df mobileassetd[1624:5c4d] [com.apple.xpc:connection] [0x600003d1c780] invalidated because the current process cancelled the connection by calling xpc_connection_cancel()
2024-07-23 17:38:23.093 Df trustd[1657:589f] [com.apple.xpc:connection] [0x101104320] invalidated after getting a no-senders notification - client is gone
2024-07-23 17:38:23.095 A  mobileassetd[1624:5c4d] (Security) SecTrustEvaluateIfNecessary
2024-07-23 17:38:23.095 Df mobileassetd[1624:5c4d] [com.apple.xpc:connection] [0x600003d0c870] activating connection: mach=true listener=false peer=false name=com.apple.trustd
2024-07-23 17:38:23.096 Df trustd[1657:589f] [com.apple.xpc:connection] [0x101104320] activating connection: mach=false listener=false peer=true name=com.apple.trustd.peer[1624].0x101104320
2024-07-23 17:38:23.099 Df mobileassetd[1624:5c4d] [com.apple.xpc:connection] [0x600003d0c870] invalidated because the current process cancelled the connection by calling xpc_connection_cancel()
2024-07-23 17:38:23.099 Df trustd[1657:589f] [com.apple.xpc:connection] [0x101104320] invalidated after getting a no-senders notification - client is gone
2024-07-23 17:38:23.100 Df mobileassetd[1624:5c4d] [com.apple.securityd:SecWarning] MessageSecurity and Security frameworks have different signed attributes results, returning Security result. sec: {
    kSecCMSExpirationDate = "2009-10-08 18:30:00 +0000";
    kSecCMSAllCerts =     (
        "<cert(0x107815400) s: Asset Receipt Signing i: Apple System Integration CA 5>",
        "<cert(0x10203da00) s: Apple System Integration CA 5 i: Apple Root CA - G3>",
        "<cert(0x102019800) s: Apple Root CA - G3 i: Apple Root CA - G3>"
    );
    {length = 9, bytes = 0x2a864886f763640903} =     (
        {length = 15, bytes = 0x170d3039313030383138333030305a}
    );
    {length = 9, bytes = 0x2a864886f70d010903} =     (
        {length = 9, bytes = 0x2a864886f70d010701}
    );
    {length = 9, bytes = 0x2a864886f70d010904} =     (
        {length = 32, bytes = 0x998f31f7 7cee6b7c a20eff29 f081733f ... 7ccdde50 fdf00437 }
    );
}, ms: {
    kSecCMSExpirationDate = "2009-10-08 18:30:00 +0000";
    kSecCMSAllCerts =     (
        "<cert(0x10382ba00) s: Asset Receipt Signing i: Apple System Integration CA 5>",
        "<cert(0x10382b400) s: Apple System Integration CA 5 i: Apple Root CA - G3>",
        "
2024-07-23 17:38:23.101 Df mobileassetd[1624:5c4d] [com.apple.mobileassetd:Notice] +[PallasResponseVerifier verifyReceipt:withSignature:]: MobileAsset verifyReceipt error: 101
2024-07-23 17:38:23.101 Df mobileassetd[1624:5c4d] [com.apple.mobileassetd:Notice] -[DownloadManager applyTransformsAndCheckReceipts:transformations:assetType:assets:receiptResults:]: Asset passed receipt validation
2024-07-23 17:38:23.102 A  mobileassetd[1624:5c4d] (Security) SecTrustEvaluateIfNecessary
2024-07-23 17:38:23.102 Df mobileassetd[1624:5c4d] [com.apple.xpc:connection] [0x600003d10870] activating connection: mach=true listener=false peer=false name=com.apple.trustd
2024-07-23 17:38:23.102 Df trustd[1657:5c7d] [com.apple.xpc:connection] [0x101104320] activating connection: mach=false listener=false peer=true name=com.apple.trustd.peer[1624].0x101104320
2024-07-23 17:38:23.107 Df mobileassetd[1624:5c4d] [com.apple.xpc:connection] [0x600003d10870] invalidated because the current process cancelled the connection by calling xpc_connection_cancel()
2024-07-23 17:38:23.107 Df trustd[1657:589f] [com.apple.xpc:connection] [0x101104320] invalidated after getting a no-senders notification - client is gone
2024-07-23 17:38:23.109 A  mobileassetd[1624:5c4d] (Security) SecTrustEvaluateIfNecessary
2024-07-23 17:38:23.109 Df mobileassetd[1624:5c4d] [com.apple.xpc:connection] [0x600003d0c870] activating connection: mach=true listener=false peer=false name=com.apple.trustd
2024-07-23 17:38:23.110 Df trustd[1657:589f] [com.apple.xpc:connection] [0x101f04c10] activating connection: mach=false listener=false peer=true name=com.apple.trustd.peer[1624].0x101f04c10
2024-07-23 17:38:23.116 Df mobileassetd[1624:5c4d] [com.apple.xpc:connection] [0x600003d0c870] invalidated because the current process cancelled the connection by calling xpc_connection_cancel()
2024-07-23 17:38:23.116 Df trustd[1657:5c7d] [com.apple.xpc:connection] [0x101f04c10] invalidated after getting a no-senders notification - client is gone
2024-07-23 17:38:23.118 Df mobileassetd[1624:5c4d] [com.apple.securityd:SecWarning] MessageSecurity and Security frameworks have different signed attributes results, returning Security result. sec: {
    kSecCMSExpirationDate = "2009-10-08 18:30:00 +0000";
    kSecCMSAllCerts =     (
        "<cert(0x103831a00) s: Asset Receipt Signing i: Apple System Integration CA 5>",
        "<cert(0x103831200) s: Apple System Integration CA 5 i: Apple Root CA - G3>",
        "<cert(0x10382b400) s: Apple Root CA - G3 i: Apple Root CA - G3>"
    );
    {length = 9, bytes = 0x2a864886f763640903} =     (
        {length = 15, bytes = 0x170d3039313030383138333030305a}
    );
    {length = 9, bytes = 0x2a864886f70d010903} =     (
        {length = 9, bytes = 0x2a864886f70d010701}
    );
    {length = 9, bytes = 0x2a864886f70d010904} =     (
        {length = 32, bytes = 0x6f59b147 de0a5310 ee2a3f13 a4bdde76 ... 41009556 b8aee504 }
    );
}, ms: {
    kSecCMSExpirationDate = "2009-10-08 18:30:00 +0000";
    kSecCMSAllCerts =     (
        "<cert(0x104811000) s: Asset Receipt Signing i: Apple System Integration CA 5>",
        "<cert(0x104817c00) s: Apple System Integration CA 5 i: Apple Root CA - G3>",
        "
2024-07-23 17:38:23.118 Df mobileassetd[1624:5c4d] [com.apple.mobileassetd:Notice] +[PallasResponseVerifier verifyReceipt:withSignature:]: MobileAsset verifyReceipt error: 101
2024-07-23 17:38:23.118 Df mobileassetd[1624:5c4d] [com.apple.mobileassetd:Notice] -[DownloadManager applyTransformsAndCheckReceipts:transformations:assetType:assets:receiptResults:]: Asset passed receipt validation
2024-07-23 17:38:23.120 A  mobileassetd[1624:5c4d] (Security) SecTrustEvaluateIfNecessary
2024-07-23 17:38:23.120 Df mobileassetd[1624:5c4d] [com.apple.xpc:connection] [0x600003d145a0] activating connection: mach=true listener=false peer=false name=com.apple.trustd
2024-07-23 17:38:23.121 Df trustd[1657:5c7d] [com.apple.xpc:connection] [0x101f04c10] activating connection: mach=false listener=false peer=true name=com.apple.trustd.peer[1624].0x101f04c10
2024-07-23 17:38:23.125 Df mobileassetd[1624:5c4d] [com.apple.xpc:connection] [0x600003d145a0] invalidated because the current process cancelled the connection by calling xpc_connection_cancel()
2024-07-23 17:38:23.125 Df trustd[1657:589f] [com.apple.xpc:connection] [0x101f04c10] invalidated after getting a no-senders notification - client is gone
2024-07-23 17:38:23.127 A  mobileassetd[1624:5c4d] (Security) SecTrustEvaluateIfNecessary
2024-07-23 17:38:23.128 Df mobileassetd[1624:5c4d] [com.apple.xpc:connection] [0x600003d10870] activating connection: mach=true listener=false peer=false name=com.apple.trustd
2024-07-23 17:38:23.128 Df trustd[1657:5c7d] [com.apple.xpc:connection] [0x101e06480] activating connection: mach=false listener=false peer=true name=com.apple.trustd.peer[1624].0x101e06480
2024-07-23 17:38:23.134 Df mobileassetd[1624:5c4d] [com.apple.xpc:connection] [0x600003d10870] invalidated because the current process cancelled the connection by calling xpc_connection_cancel()
2024-07-23 17:38:23.134 Df trustd[1657:589f] [com.apple.xpc:connection] [0x101e06480] invalidated after getting a no-senders notification - client is gone
2024-07-23 17:38:23.136 Df mobileassetd[1624:5c4d] [com.apple.securityd:SecWarning] MessageSecurity and Security frameworks have different signed attributes results, returning Security result. sec: {
    kSecCMSExpirationDate = "2009-10-08 18:30:00 +0000";
    kSecCMSAllCerts =     (
        "<cert(0x10382c400) s: Asset Receipt Signing i: Apple System Integration CA 5>",
        "<cert(0x10380a000) s: Apple System Integration CA 5 i: Apple Root CA - G3>",
        "<cert(0x10382b400) s: Apple Root CA - G3 i: Apple Root CA - G3>"
    );
    {length = 9, bytes = 0x2a864886f763640903} =     (
        {length = 15, bytes = 0x170d3039313030383138333030305a}
    );
    {length = 9, bytes = 0x2a864886f70d010903} =     (
        {length = 9, bytes = 0x2a864886f70d010701}
    );
    {length = 9, bytes = 0x2a864886f70d010904} =     (
        {length = 32, bytes = 0xb92e40d8 9e64e2ab 79b76f2e 69ae40bc ... 3022757c 49fff49f }
    );
}, ms: {
    kSecCMSExpirationDate = "2009-10-08 18:30:00 +0000";
    kSecCMSAllCerts =     (
        "<cert(0x10382ca00) s: Asset Receipt Signing i: Apple System Integration CA 5>",
        "<cert(0x10382ba00) s: Apple System Integration CA 5 i: Apple Root CA - G3>",
        "
2024-07-23 17:38:23.136 Df mobileassetd[1624:5c4d] [com.apple.mobileassetd:Notice] +[PallasResponseVerifier verifyReceipt:withSignature:]: MobileAsset verifyReceipt error: 101
2024-07-23 17:38:23.137 Df mobileassetd[1624:5c4d] [com.apple.mobileassetd:Notice] -[DownloadManager applyTransformsAndCheckReceipts:transformations:assetType:assets:receiptResults:]: Asset passed receipt validation
2024-07-23 17:38:23.138 A  mobileassetd[1624:5c4d] (Security) SecTrustEvaluateIfNecessary
2024-07-23 17:38:23.139 Df mobileassetd[1624:5c4d] [com.apple.xpc:connection] [0x600003d144b0] activating connection: mach=true listener=false peer=false name=com.apple.trustd
2024-07-23 17:38:23.139 Df trustd[1657:5c7d] [com.apple.xpc:connection] [0x1031045d0] activating connection: mach=false listener=false peer=true name=com.apple.trustd.peer[1624].0x1031045d0
2024-07-23 17:38:23.142 Df mobileassetd[1624:5c4d] [com.apple.xpc:connection] [0x600003d144b0] invalidated because the current process cancelled the connection by calling xpc_connection_cancel()
2024-07-23 17:38:23.143 Df trustd[1657:589f] [com.apple.xpc:connection] [0x1031045d0] invalidated after getting a no-senders notification - client is gone
2024-07-23 17:38:23.144 A  mobileassetd[1624:5c4d] (Security) SecTrustEvaluateIfNecessary
2024-07-23 17:38:23.144 Df mobileassetd[1624:5c4d] [com.apple.xpc:connection] [0x600003d0c870] activating connection: mach=true listener=false peer=false name=com.apple.trustd
2024-07-23 17:38:23.145 Df trustd[1657:5c7d] [com.apple.xpc:connection] [0x101104320] activating connection: mach=false listener=false peer=true name=com.apple.trustd.peer[1624].0x101104320
2024-07-23 17:38:23.147 Df trustd[1657:589f] [com.apple.xpc:connection] [0x101104320] invalidated after getting a no-senders notification - client is gone
2024-07-23 17:38:23.147 Df mobileassetd[1624:5c4d] [com.apple.xpc:connection] [0x600003d0c870] invalidated because the current process cancelled the connection by calling xpc_connection_cancel()
2024-07-23 17:38:23.148 Df runningboardd[1546:5a85] [com.apple.runningboard:assertion] Removed last relative-start-date-defining assertion for process xpcservice<com.apple.ax.KonaTTSSupport.KonaSynthesizer([osservice<com.apple.accessibility.axassetsd>:1550])>
2024-07-23 17:38:23.148 A  runningboardd[1546:5a85] (RunningBoard) state update
2024-07-23 17:38:23.149 A  runningboardd[1546:5a85] (RunningBoard) state notification
2024-07-23 17:38:23.149 Df runningboardd[1546:57df] [com.apple.runningboard:ttl] [xpcservice<com.apple.ax.KonaTTSSupport.KonaSynthesizer([osservice<com.apple.accessibility.axassetsd>:1550])>:2373] Suspending task.
2024-07-23 17:38:23.149 Df runningboardd[1546:57cd] [com.apple.runningboard:monitor] Calculated state for xpcservice<com.apple.ax.KonaTTSSupport.KonaSynthesizer([osservice<com.apple.accessibility.axassetsd>:1550])>: running-suspended (role: None) (endowments: (null))
2024-07-23 17:38:23.150 Df mobileassetd[1624:5c4d] [com.apple.securityd:SecWarning] MessageSecurity and Security frameworks have different signed attributes results, returning Security result. sec: {
    kSecCMSExpirationDate = "2009-10-08 18:30:00 +0000";
    kSecCMSAllCerts =     (
        "<cert(0x10382ca00) s: Asset Receipt Signing i: Apple System Integration CA 5>",
        "<cert(0x10380a000) s: Apple System Integration CA 5 i: Apple Root CA - G3>",
        "<cert(0x104816600) s: Apple Root CA - G3 i: Apple Root CA - G3>"
    );
    {length = 9, bytes = 0x2a864886f763640903} =     (
        {length = 15, bytes = 0x170d3039313030383138333030305a}
    );
    {length = 9, bytes = 0x2a864886f70d010903} =     (
        {length = 9, bytes = 0x2a864886f70d010701}
    );
    {length = 9, bytes = 0x2a864886f70d010904} =     (
        {length = 32, bytes = 0xb9326af3 4bbe3eaf 19d2b1f2 156a26a8 ... 2729531e 3a56745d }
    );
}, ms: {
    kSecCMSExpirationDate = "2009-10-08 18:30:00 +0000";
    kSecCMSAllCerts =     (
        "<cert(0x104811200) s: Asset Receipt Signing i: Apple System Integration CA 5>",
        "<cert(0x104810800) s: Apple System Integration CA 5 i: Apple Root CA - G3>",
        "
2024-07-23 17:38:23.150 A  SpringBoard[1543:57f2] (RunningBoardServices) observedProcessStatesDidChange
2024-07-23 17:38:23.150 Df SpringBoard[1543:57f2] [com.apple.runningboard:monitor] Received state update for 2373 (xpcservice<com.apple.ax.KonaTTSSupport.KonaSynthesizer([osservice<com.apple.accessibility.axassetsd>:1550])>, running-suspended-NotVisible
2024-07-23 17:38:23.151 A  runningboardd[1546:5157] (RunningBoard) statesForPredicate
2024-07-23 17:38:23.152 Df testmanagerd[2352:3439] [com.apple.dt.xctest:Default] Handling kAXPidStatusChangedNotification from AX element pid: 1543, elementOrHash.elementID: 0.0 (0x60000210d0e0)
2024-07-23 17:38:23.152 Df testmanagerd[2352:57d2] [com.apple.dt.xctest:Default] Calling handler for AX notification kAXPidStatusChangedNotification from AX element pid: 1543, elementOrHash.elementID: 0.0 with payload {
    "display-type" = 0;
    pid = 2373;
    "suspended-status" = suspended;
}
2024-07-23 17:38:23.154 A  locationd[1564:3844] (RunningBoardServices) observedProcessStatesDidChange
2024-07-23 17:38:23.154 Df locationd[1564:3844] [com.apple.runningboard:monitor] Received state update for 2373 (xpcservice<com.apple.ax.KonaTTSSupport.KonaSynthesizer([osservice<com.apple.accessibility.axassetsd>:1550])>, running-suspended-NotVisible
2024-07-23 17:38:23.155 Df locationd[1564:3844] [com.apple.locationd.Core:Core] {"msg":"invoking applicationStateChange handler", "StateChangeData":{
    BKSApplicationStateAppIsFrontmost = 0;
    BKSApplicationStateExtensionKey = 1;
    BKSApplicationStateHostPIDKey = 1550;
    SBApplicationStateDisplayIDKey = "com.apple.ax.KonaTTSSupport.KonaSynthesizer";
    SBApplicationStateKey = 2;
    SBApplicationStateProcessIDKey = 2373;
    SBMostElevatedStateForProcessID = 2;
}}
2024-07-23 17:38:23.155 Df locationd[1564:3844] [com.apple.locationd.Core:Core] {"msg":"Post Application State Change Notification", "notification":BackgroundTaskSuspended, "pid":2373, "bundleId":com.apple.ax.KonaTTSSupport.KonaSynthesizer}
2024-07-23 17:38:23.156 E  runningboardd[1546:57df] [com.apple.runningboard:process] [xpcservice<com.apple.ax.KonaTTSSupport.KonaSynthesizer([osservice<com.apple.accessibility.axassetsd>:1550])>:2373] pid_suspend() failed with error 1: Operation not permitted
2024-07-23 17:38:23.156 Df runningboardd[1546:57df] [com.apple.runningboard:process] [xpcservice<com.apple.ax.KonaTTSSupport.KonaSynthesizer([osservice<com.apple.accessibility.axassetsd>:1550])>:2373] Result 45 setting darwin role to None: Operation not supported, falling back to setting priority
2024-07-23 17:38:23.156 Df runningboardd[1546:57df] [com.apple.runningboard:ttl] [xpcservice<com.apple.ax.KonaTTSSupport.KonaSynthesizer([osservice<com.apple.accessibility.axassetsd>:1550])>:2373] Set darwin priority to: PRIO_DARWIN_BG
2024-07-23 17:38:23.156 Df runningboardd[1546:57df] [com.apple.runningboard:process] 2373 Set Darwin GPU to "deny"
2024-07-23 17:38:23.156 A  mediaremoted[1548:57e6] (RunningBoardServices) observedProcessStatesDidChange
2024-07-23 17:38:23.156 Df locationd[1564:28b3] [com.apple.locationd.Core:Core] {"msg":"#Warning resolveCKPToRegisteredCKP: the passed ckp is not registered. Resolving to #nullCKP", "InputCKP":icom.apple.ax.KonaTTSSupport.KonaSynthesizer:}
2024-07-23 17:38:23.157 Df mediaremoted[1548:57e6] [com.apple.runningboard:monitor] Received state update for 2373 (xpcservice<com.apple.ax.KonaTTSSupport.KonaSynthesizer([osservice<com.apple.accessibility.axassetsd>:1550])>, running-suspended-NotVisible
2024-07-23 17:38:23.157 Df locationd[1564:28b3] [com.apple.locationd.Core:Core] {"msg":"#CLIUA AppMonitor notification", "notification":2, "pid":2373, "bundleId":com.apple.ax.KonaTTSSupport.KonaSynthesizer, "ClientKey":icom.apple.ax.KonaTTSSupport.KonaSynthesizer:}
2024-07-23 17:38:23.157 Df mobileassetd[1624:5c4d] [com.apple.mobileassetd:Notice] +[PallasResponseVerifier verifyReceipt:withSignature:]: MobileAsset verifyReceipt error: 101
2024-07-23 17:38:23.157 Df locationd[1564:28b3] [com.apple.locationd.Core:Core] {"msg":"skip erasing #CLIUA for RunningBoard Process State. Does not exists", "bundleId":com.apple.ax.KonaTTSSupport.KonaSynthesizer}
2024-07-23 17:38:23.157 Df mobileassetd[1624:5c4d] [com.apple.mobileassetd:Notice] -[DownloadManager applyTransformsAndCheckReceipts:transformations:assetType:assets:receiptResults:]: Asset passed receipt validation
2024-07-23 17:38:23.158 A  mobileassetd[1624:5c4d] (Security) SecTrustEvaluateIfNecessary
2024-07-23 17:38:23.158 Df mobileassetd[1624:5c4d] [com.apple.xpc:connection] [0x600003d145a0] activating connection: mach=true listener=false peer=false name=com.apple.trustd
2024-07-23 17:38:23.159 Df trustd[1657:5c7d] [com.apple.xpc:connection] [0x101f04c10] activating connection: mach=false listener=false peer=true name=com.apple.trustd.peer[1624].0x101f04c10
2024-07-23 17:38:23.161 Df mobileassetd[1624:5c4d] [com.apple.xpc:connection] [0x600003d145a0] invalidated because the current process cancelled the connection by calling xpc_connection_cancel()
2024-07-23 17:38:23.162 Df trustd[1657:589f] [com.apple.xpc:connection] [0x101f04c10] invalidated after getting a no-senders notification - client is gone
2024-07-23 17:38:23.163 A  mobileassetd[1624:5c4d] (Security) SecTrustEvaluateIfNecessary
2024-07-23 17:38:23.163 Df mobileassetd[1624:5c4d] [com.apple.xpc:connection] [0x600003d144b0] activating connection: mach=true listener=false peer=false name=com.apple.trustd
2024-07-23 17:38:23.163 Df trustd[1657:5c7d] [com.apple.xpc:connection] [0x101e06480] activating connection: mach=false listener=false peer=true name=com.apple.trustd.peer[1624].0x101e06480
2024-07-23 17:38:23.165 Df mobileassetd[1624:5c4d] [com.apple.xpc:connection] [0x600003d144b0] invalidated because the current process cancelled the connection by calling xpc_connection_cancel()
2024-07-23 17:38:23.165 Df trustd[1657:5c7d] [com.apple.xpc:connection] [0x101e06480] invalidated after getting a no-senders notification - client is gone
2024-07-23 17:38:23.166 Df mobileassetd[1624:5c4d] [com.apple.securityd:SecWarning] MessageSecurity and Security frameworks have different signed attributes results, returning Security result. sec: {
    kSecCMSExpirationDate = "2009-10-08 18:30:00 +0000";
    kSecCMSAllCerts =     (
        "<cert(0x10382c200) s: Asset Receipt Signing i: Apple System Integration CA 5>",
        "<cert(0x10380a000) s: Apple System Integration CA 5 i: Apple Root CA - G3>",
        "<cert(0x10382b400) s: Apple Root CA - G3 i: Apple Root CA - G3>"
    );
    {length = 9, bytes = 0x2a864886f763640903} =     (
        {length = 15, bytes = 0x170d3039313030383138333030305a}
    );
    {length = 9, bytes = 0x2a864886f70d010903} =     (
        {length = 9, bytes = 0x2a864886f70d010701}
    );
    {length = 9, bytes = 0x2a864886f70d010904} =     (
        {length = 32, bytes = 0xc3a9b0d3 f2a11a9a 604e23c1 40f3a4c6 ... a96613fb 1835148e }
    );
}, ms: {
    kSecCMSExpirationDate = "2009-10-08 18:30:00 +0000";
    kSecCMSAllCerts =     (
        "<cert(0x10382ba00) s: Asset Receipt Signing i: Apple System Integration CA 5>",
        "<cert(0x103830000) s: Apple System Integration CA 5 i: Apple Root CA - G3>",
        "
2024-07-23 17:38:23.166 Df mobileassetd[1624:5c4d] [com.apple.mobileassetd:Notice] +[PallasResponseVerifier verifyReceipt:withSignature:]: MobileAsset verifyReceipt error: 101
2024-07-23 17:38:23.166 Df mobileassetd[1624:5c4d] [com.apple.mobileassetd:Notice] -[DownloadManager applyTransformsAndCheckReceipts:transformations:assetType:assets:receiptResults:]: Asset passed receipt validation
2024-07-23 17:38:23.167 A  mobileassetd[1624:5c4d] (Security) SecTrustEvaluateIfNecessary
2024-07-23 17:38:23.167 Df mobileassetd[1624:5c4d] [com.apple.xpc:connection] [0x600003d0c780] activating connection: mach=true listener=false peer=false name=com.apple.trustd
2024-07-23 17:38:23.167 Df trustd[1657:589f] [com.apple.xpc:connection] [0x101104080] activating connection: mach=false listener=false peer=true name=com.apple.trustd.peer[1624].0x101104080
2024-07-23 17:38:23.169 Df mobileassetd[1624:5c4d] [com.apple.xpc:connection] [0x600003d0c780] invalidated because the current process cancelled the connection by calling xpc_connection_cancel()
2024-07-23 17:38:23.169 Df trustd[1657:589f] [com.apple.xpc:connection] [0x101104080] invalidated after getting a no-senders notification - client is gone
2024-07-23 17:38:23.170 A  mobileassetd[1624:5c4d] (Security) SecTrustEvaluateIfNecessary
2024-07-23 17:38:23.170 Df mobileassetd[1624:5c4d] [com.apple.xpc:connection] [0x600003d144b0] activating connection: mach=true listener=false peer=false name=com.apple.trustd
2024-07-23 17:38:23.170 Df trustd[1657:5c7d] [com.apple.xpc:connection] [0x101f04c10] activating connection: mach=false listener=false peer=true name=com.apple.trustd.peer[1624].0x101f04c10
2024-07-23 17:38:23.174 Df mobileassetd[1624:5c4d] [com.apple.xpc:connection] [0x600003d144b0] invalidated because the current process cancelled the connection by calling xpc_connection_cancel()
2024-07-23 17:38:23.175 Df trustd[1657:589f] [com.apple.xpc:connection] [0x101f04c10] invalidated after getting a no-senders notification - client is gone
2024-07-23 17:38:23.175 Df mobileassetd[1624:5c4d] [com.apple.securityd:SecWarning] MessageSecurity and Security frameworks have different signed attributes results, returning Security result. sec: {
    kSecCMSExpirationDate = "2009-10-08 18:30:00 +0000";
    kSecCMSAllCerts =     (
        "<cert(0x10382ca00) s: Asset Receipt Signing i: Apple System Integration CA 5>",
        "<cert(0x10380a000) s: Apple System Integration CA 5 i: Apple Root CA - G3>",
        "<cert(0x10382b400) s: Apple Root CA - G3 i: Apple Root CA - G3>"
    );
    {length = 9, bytes = 0x2a864886f763640903} =     (
        {length = 15, bytes = 0x170d3039313030383138333030305a}
    );
    {length = 9, bytes = 0x2a864886f70d010903} =     (
        {length = 9, bytes = 0x2a864886f70d010701}
    );
    {length = 9, bytes = 0x2a864886f70d010904} =     (
        {length = 32, bytes = 0xb8471caf 92becbcd 8b62fa79 85245549 ... f6266299 02332dd7 }
    );
}, ms: {
    kSecCMSExpirationDate = "2009-10-08 18:30:00 +0000";
    kSecCMSAllCerts =     (
        "<cert(0x10382c400) s: Asset Receipt Signing i: Apple System Integration CA 5>",
        "<cert(0x10382ba00) s: Apple System Integration CA 5 i: Apple Root CA - G3>",
        "
2024-07-23 17:38:23.175 Df mobileassetd[1624:5c4d] [com.apple.mobileassetd:Notice] +[PallasResponseVerifier verifyReceipt:withSignature:]: MobileAsset verifyReceipt error: 101
2024-07-23 17:38:23.175 Df mobileassetd[1624:5c4d] [com.apple.mobileassetd:Notice] -[DownloadManager applyTransformsAndCheckReceipts:transformations:assetType:assets:receiptResults:]: Asset passed receipt validation
2024-07-23 17:38:23.176 A  mobileassetd[1624:5c4d] (Security) SecTrustEvaluateIfNecessary
2024-07-23 17:38:23.176 Df mobileassetd[1624:5c4d] [com.apple.xpc:connection] [0x600003d0c780] activating connection: mach=true listener=false peer=false name=com.apple.trustd
2024-07-23 17:38:23.176 Df trustd[1657:589f] [com.apple.xpc:connection] [0x1031045d0] activating connection: mach=false listener=false peer=true name=com.apple.trustd.peer[1624].0x1031045d0
2024-07-23 17:38:23.179 Df mobileassetd[1624:5c4d] [com.apple.xpc:connection] [0x600003d0c780] invalidated because the current process cancelled the connection by calling xpc_connection_cancel()
2024-07-23 17:38:23.179 Df trustd[1657:589f] [com.apple.xpc:connection] [0x1031045d0] invalidated after getting a no-senders notification - client is gone
2024-07-23 17:38:23.181 A  mobileassetd[1624:5c4d] (Security) SecTrustEvaluateIfNecessary
2024-07-23 17:38:23.181 Df mobileassetd[1624:5c4d] [com.apple.xpc:connection] [0x600003d0c870] activating connection: mach=true listener=false peer=false name=com.apple.trustd
2024-07-23 17:38:23.182 Df trustd[1657:589f] [com.apple.xpc:connection] [0x101f04c10] activating connection: mach=false listener=false peer=true name=com.apple.trustd.peer[1624].0x101f04c10
2024-07-23 17:38:23.185 Df trustd[1657:589f] [com.apple.xpc:connection] [0x101f04c10] invalidated after getting a no-senders notification - client is gone
2024-07-23 17:38:23.185 Df mobileassetd[1624:5c4d] [com.apple.xpc:connection] [0x600003d0c870] invalidated because the current process cancelled the connection by calling xpc_connection_cancel()
2024-07-23 17:38:23.186 Df mobileassetd[1624:5c4d] [com.apple.securityd:SecWarning] MessageSecurity and Security frameworks have different signed attributes results, returning Security result. sec: {
    kSecCMSExpirationDate = "2009-10-08 18:30:00 +0000";
    kSecCMSAllCerts =     (
        "<cert(0x102043000) s: Asset Receipt Signing i: Apple System Integration CA 5>",
        "<cert(0x10203da00) s: Apple System Integration CA 5 i: Apple Root CA - G3>",
        "<cert(0x102040200) s: Apple Root CA - G3 i: Apple Root CA - G3>"
    );
    {length = 9, bytes = 0x2a864886f763640903} =     (
        {length = 15, bytes = 0x170d3039313030383138333030305a}
    );
    {length = 9, bytes = 0x2a864886f70d010903} =     (
        {length = 9, bytes = 0x2a864886f70d010701}
    );
    {length = 9, bytes = 0x2a864886f70d010904} =     (
        {length = 32, bytes = 0x154339bb b1b65182 917c8e89 d17aa3d6 ... 6f73503c 370879ef }
    );
}, ms: {
    kSecCMSExpirationDate = "2009-10-08 18:30:00 +0000";
    kSecCMSAllCerts =     (
        "<cert(0x102019a00) s: Asset Receipt Signing i: Apple System Integration CA 5>",
        "<cert(0x102046e00) s: Apple System Integration CA 5 i: Apple Root CA - G3>",
        "
2024-07-23 17:38:23.186 Df mobileassetd[1624:5c4d] [com.apple.mobileassetd:Notice] +[PallasResponseVerifier verifyReceipt:withSignature:]: MobileAsset verifyReceipt error: 101
2024-07-23 17:38:23.186 Df mobileassetd[1624:5c4d] [com.apple.mobileassetd:Notice] -[DownloadManager applyTransformsAndCheckReceipts:transformations:assetType:assets:receiptResults:]: Asset passed receipt validation
2024-07-23 17:38:23.187 A  mobileassetd[1624:5c4d] (Security) SecTrustEvaluateIfNecessary
2024-07-23 17:38:23.187 Df mobileassetd[1624:5c4d] [com.apple.xpc:connection] [0x600003d145a0] activating connection: mach=true listener=false peer=false name=com.apple.trustd
2024-07-23 17:38:23.187 Df trustd[1657:5c7d] [com.apple.xpc:connection] [0x1031045d0] activating connection: mach=false listener=false peer=true name=com.apple.trustd.peer[1624].0x1031045d0
2024-07-23 17:38:23.189 Df mobileassetd[1624:5c4d] [com.apple.xpc:connection] [0x600003d145a0] invalidated because the current process cancelled the connection by calling xpc_connection_cancel()
2024-07-23 17:38:23.189 Df trustd[1657:5c7d] [com.apple.xpc:connection] [0x1031045d0] invalidated after getting a no-senders notification - client is gone
2024-07-23 17:38:23.190 A  mobileassetd[1624:5c4d] (Security) SecTrustEvaluateIfNecessary
2024-07-23 17:38:23.190 Df mobileassetd[1624:5c4d] [com.apple.xpc:connection] [0x600003d10870] activating connection: mach=true listener=false peer=false name=com.apple.trustd
2024-07-23 17:38:23.191 Df trustd[1657:5c7d] [com.apple.xpc:connection] [0x101f04c10] activating connection: mach=false listener=false peer=true name=com.apple.trustd.peer[1624].0x101f04c10
2024-07-23 17:38:23.193 Df mobileassetd[1624:5c4d] [com.apple.xpc:connection] [0x600003d10870] invalidated because the current process cancelled the connection by calling xpc_connection_cancel()
2024-07-23 17:38:23.193 Df trustd[1657:5c7d] [com.apple.xpc:connection] [0x101f04c10] invalidated after getting a no-senders notification - client is gone
2024-07-23 17:38:23.194 Df mobileassetd[1624:5c4d] [com.apple.securityd:SecWarning] MessageSecurity and Security frameworks have different signed attributes results, returning Security result. sec: {
    kSecCMSExpirationDate = "2009-10-08 18:30:00 +0000";
    kSecCMSAllCerts =     (
        "<cert(0x107808200) s: Asset Receipt Signing i: Apple System Integration CA 5>",
        "<cert(0x107813000) s: Apple System Integration CA 5 i: Apple Root CA - G3>",
        "<cert(0x107808800) s: Apple Root CA - G3 i: Apple Root CA - G3>"
    );
    {length = 9, bytes = 0x2a864886f763640903} =     (
        {length = 15, bytes = 0x170d3039313030383138333030305a}
    );
    {length = 9, bytes = 0x2a864886f70d010903} =     (
        {length = 9, bytes = 0x2a864886f70d010701}
    );
    {length = 9, bytes = 0x2a864886f70d010904} =     (
        {length = 32, bytes = 0xfd1d411d 7947cdec cf4c7321 f2235b8f ... 74328674 ce0f4111 }
    );
}, ms: {
    kSecCMSExpirationDate = "2009-10-08 18:30:00 +0000";
    kSecCMSAllCerts =     (
        "<cert(0x102048c00) s: Asset Receipt Signing i: Apple System Integration CA 5>",
        "<cert(0x10203da00) s: Apple System Integration CA 5 i: Apple Root CA - G3>",
        "
2024-07-23 17:38:23.194 Df mobileassetd[1624:5c4d] [com.apple.mobileassetd:Notice] +[PallasResponseVerifier verifyReceipt:withSignature:]: MobileAsset verifyReceipt error: 101
2024-07-23 17:38:23.195 Df mobileassetd[1624:5c4d] [com.apple.mobileassetd:Notice] -[DownloadManager applyTransformsAndCheckReceipts:transformations:assetType:assets:receiptResults:]: Asset passed receipt validation
2024-07-23 17:38:23.195 A  mobileassetd[1624:5c4d] (Security) SecTrustEvaluateIfNecessary
2024-07-23 17:38:23.196 Df mobileassetd[1624:5c4d] [com.apple.xpc:connection] [0x600003d104b0] activating connection: mach=true listener=false peer=false name=com.apple.trustd
2024-07-23 17:38:23.196 Df trustd[1657:5c7d] [com.apple.xpc:connection] [0x101e06480] activating connection: mach=false listener=false peer=true name=com.apple.trustd.peer[1624].0x101e06480
2024-07-23 17:38:23.199 Df mobileassetd[1624:5c4d] [com.apple.xpc:connection] [0x600003d104b0] invalidated because the current process cancelled the connection by calling xpc_connection_cancel()
2024-07-23 17:38:23.199 Df trustd[1657:589f] [com.apple.xpc:connection] [0x101e06480] invalidated after getting a no-senders notification - client is gone
2024-07-23 17:38:23.200 A  mobileassetd[1624:5c4d] (Security) SecTrustEvaluateIfNecessary
2024-07-23 17:38:23.200 Df mobileassetd[1624:5c4d] [com.apple.xpc:connection] [0x600003d104b0] activating connection: mach=true listener=false peer=false name=com.apple.trustd
2024-07-23 17:38:23.200 Df trustd[1657:589f] [com.apple.xpc:connection] [0x101e06480] activating connection: mach=false listener=false peer=true name=com.apple.trustd.peer[1624].0x101e06480
2024-07-23 17:38:23.203 Df mobileassetd[1624:5c4d] [com.apple.xpc:connection] [0x600003d104b0] invalidated because the current process cancelled the connection by calling xpc_connection_cancel()
2024-07-23 17:38:23.203 Df trustd[1657:589f] [com.apple.xpc:connection] [0x101e06480] invalidated after getting a no-senders notification - client is gone
2024-07-23 17:38:23.204 Df mobileassetd[1624:5c4d] [com.apple.securityd:SecWarning] MessageSecurity and Security frameworks have different signed attributes results, returning Security result. sec: {
    kSecCMSExpirationDate = "2009-10-08 18:30:00 +0000";
    kSecCMSAllCerts =     (
        "<cert(0x103831e00) s: Asset Receipt Signing i: Apple System Integration CA 5>",
        "<cert(0x10382b400) s: Apple System Integration CA 5 i: Apple Root CA - G3>",
        "<cert(0x102019000) s: Apple Root CA - G3 i: Apple Root CA - G3>"
    );
    {length = 9, bytes = 0x2a864886f763640903} =     (
        {length = 15, bytes = 0x170d3039313030383138333030305a}
    );
    {length = 9, bytes = 0x2a864886f70d010903} =     (
        {length = 9, bytes = 0x2a864886f70d010701}
    );
    {length = 9, bytes = 0x2a864886f70d010904} =     (
        {length = 32, bytes = 0x87e6ba46 a99de9c6 3b91ba36 fe26a7c3 ... 507e3516 d980c6ec }
    );
}, ms: {
    kSecCMSExpirationDate = "2009-10-08 18:30:00 +0000";
    kSecCMSAllCerts =     (
        "<cert(0x107813000) s: Asset Receipt Signing i: Apple System Integration CA 5>",
        "<cert(0x107840000) s: Apple System Integration CA 5 i: Apple Root CA - G3>",
        "
2024-07-23 17:38:23.204 Df mobileassetd[1624:5c4d] [com.apple.mobileassetd:Notice] +[PallasResponseVerifier verifyReceipt:withSignature:]: MobileAsset verifyReceipt error: 101
2024-07-23 17:38:23.204 Df mobileassetd[1624:5c4d] [com.apple.mobileassetd:Notice] -[DownloadManager applyTransformsAndCheckReceipts:transformations:assetType:assets:receiptResults:]: Asset passed receipt validation
2024-07-23 17:38:23.205 A  mobileassetd[1624:5c4d] (Security) SecTrustEvaluateIfNecessary
2024-07-23 17:38:23.205 Df mobileassetd[1624:5c4d] [com.apple.xpc:connection] [0x600003d10870] activating connection: mach=true listener=false peer=false name=com.apple.trustd
2024-07-23 17:38:23.206 Df trustd[1657:589f] [com.apple.xpc:connection] [0x101f04c10] activating connection: mach=false listener=false peer=true name=com.apple.trustd.peer[1624].0x101f04c10
2024-07-23 17:38:23.208 Df mobileassetd[1624:5c4d] [com.apple.xpc:connection] [0x600003d10870] invalidated because the current process cancelled the connection by calling xpc_connection_cancel()
2024-07-23 17:38:23.208 Df trustd[1657:589f] [com.apple.xpc:connection] [0x101f04c10] invalidated after getting a no-senders notification - client is gone
